Archive member included to satisfy reference by file (symbol)

c:/apps/atmel/studio/7.0/toolchain/avr8/avr8-gnu-toolchain/bin/../lib/gcc/avr/5.4.0/../../../../avr/lib/avr6\libprintf_flt.a(vfprintf_flt.o)
                              (vfprintf)
c:/apps/atmel/studio/7.0/toolchain/avr8/avr8-gnu-toolchain/bin/../lib/gcc/avr/5.4.0/avr6\libgcc.a(_udivmodsi4.o)
                              stack/hal/drivers/atmega256rfr2/src/halSleep.o (__udivmodsi4)
c:/apps/atmel/studio/7.0/toolchain/avr8/avr8-gnu-toolchain/bin/../lib/gcc/avr/5.4.0/avr6\libgcc.a(_divmodsi4.o)
                              uart/uart.o (__divmodsi4)
c:/apps/atmel/studio/7.0/toolchain/avr8/avr8-gnu-toolchain/bin/../lib/gcc/avr/5.4.0/avr6\libgcc.a(_negsi2.o)
                              c:/apps/atmel/studio/7.0/toolchain/avr8/avr8-gnu-toolchain/bin/../lib/gcc/avr/5.4.0/avr6\libgcc.a(_divmodsi4.o) (__negsi2)
c:/apps/atmel/studio/7.0/toolchain/avr8/avr8-gnu-toolchain/bin/../lib/gcc/avr/5.4.0/avr6\libgcc.a(_exit.o)
                              C:/Apps/Atmel/Studio/7.0/Packs/atmel/ATmega_DFP/1.7.374/gcc/dev/atmega256rfr2/avr6/crtatmega256rfr2.o (exit)
c:/apps/atmel/studio/7.0/toolchain/avr8/avr8-gnu-toolchain/bin/../lib/gcc/avr/5.4.0/avr6\libgcc.a(_tablejump2.o)
                              Ethernet/socket.o (__tablejump2__)
c:/apps/atmel/studio/7.0/toolchain/avr8/avr8-gnu-toolchain/bin/../lib/gcc/avr/5.4.0/avr6\libgcc.a(_copy_data.o)
                              Application/loopback/loopback.o (__do_copy_data)
c:/apps/atmel/studio/7.0/toolchain/avr8/avr8-gnu-toolchain/bin/../lib/gcc/avr/5.4.0/avr6\libgcc.a(_clear_bss.o)
                              Application/PING/ping.o (__do_clear_bss)
c:/apps/atmel/studio/7.0/toolchain/avr8/avr8-gnu-toolchain/bin/../lib/gcc/avr/5.4.0/../../../../avr/lib/avr6\libc.a(malloc.o)
                              main.o (__brkval)
c:/apps/atmel/studio/7.0/toolchain/avr8/avr8-gnu-toolchain/bin/../lib/gcc/avr/5.4.0/../../../../avr/lib/avr6\libc.a(rand.o)
                              stack/nwk/src/nwkTx.o (rand)
c:/apps/atmel/studio/7.0/toolchain/avr8/avr8-gnu-toolchain/bin/../lib/gcc/avr/5.4.0/../../../../avr/lib/avr6\libc.a(ftoa_engine.o)
                              c:/apps/atmel/studio/7.0/toolchain/avr8/avr8-gnu-toolchain/bin/../lib/gcc/avr/5.4.0/../../../../avr/lib/avr6\libprintf_flt.a(vfprintf_flt.o) (__ftoa_engine)
c:/apps/atmel/studio/7.0/toolchain/avr8/avr8-gnu-toolchain/bin/../lib/gcc/avr/5.4.0/../../../../avr/lib/avr6\libc.a(strnlen_P.o)
                              c:/apps/atmel/studio/7.0/toolchain/avr8/avr8-gnu-toolchain/bin/../lib/gcc/avr/5.4.0/../../../../avr/lib/avr6\libprintf_flt.a(vfprintf_flt.o) (strnlen_P)
c:/apps/atmel/studio/7.0/toolchain/avr8/avr8-gnu-toolchain/bin/../lib/gcc/avr/5.4.0/../../../../avr/lib/avr6\libc.a(memcpy.o)
                              stack/nwk/src/nwkDataReq.o (memcpy)
c:/apps/atmel/studio/7.0/toolchain/avr8/avr8-gnu-toolchain/bin/../lib/gcc/avr/5.4.0/../../../../avr/lib/avr6\libc.a(strnlen.o)
                              c:/apps/atmel/studio/7.0/toolchain/avr8/avr8-gnu-toolchain/bin/../lib/gcc/avr/5.4.0/../../../../avr/lib/avr6\libprintf_flt.a(vfprintf_flt.o) (strnlen)
c:/apps/atmel/studio/7.0/toolchain/avr8/avr8-gnu-toolchain/bin/../lib/gcc/avr/5.4.0/../../../../avr/lib/avr6\libc.a(fputc.o)
                              c:/apps/atmel/studio/7.0/toolchain/avr8/avr8-gnu-toolchain/bin/../lib/gcc/avr/5.4.0/../../../../avr/lib/avr6\libprintf_flt.a(vfprintf_flt.o) (fputc)
c:/apps/atmel/studio/7.0/toolchain/avr8/avr8-gnu-toolchain/bin/../lib/gcc/avr/5.4.0/../../../../avr/lib/avr6\libc.a(iob.o)
                              main.o (__iob)
c:/apps/atmel/studio/7.0/toolchain/avr8/avr8-gnu-toolchain/bin/../lib/gcc/avr/5.4.0/../../../../avr/lib/avr6\libc.a(printf.o)
                              Application/loopback/loopback.o (printf)
c:/apps/atmel/studio/7.0/toolchain/avr8/avr8-gnu-toolchain/bin/../lib/gcc/avr/5.4.0/../../../../avr/lib/avr6\libc.a(printf_p.o)
                              main.o (printf_P)
c:/apps/atmel/studio/7.0/toolchain/avr8/avr8-gnu-toolchain/bin/../lib/gcc/avr/5.4.0/../../../../avr/lib/avr6\libc.a(ultoa_invert.o)
                              c:/apps/atmel/studio/7.0/toolchain/avr8/avr8-gnu-toolchain/bin/../lib/gcc/avr/5.4.0/../../../../avr/lib/avr6\libprintf_flt.a(vfprintf_flt.o) (__ultoa_invert)
c:/apps/atmel/studio/7.0/toolchain/avr8/avr8-gnu-toolchain/bin/../lib/gcc/avr/5.4.0/avr6\libgcc.a(_muluhisi3.o)
                              c:/apps/atmel/studio/7.0/toolchain/avr8/avr8-gnu-toolchain/bin/../lib/gcc/avr/5.4.0/../../../../avr/lib/avr6\libc.a(rand.o) (__muluhisi3)
c:/apps/atmel/studio/7.0/toolchain/avr8/avr8-gnu-toolchain/bin/../lib/gcc/avr/5.4.0/avr6\libgcc.a(_mulshisi3.o)
                              c:/apps/atmel/studio/7.0/toolchain/avr8/avr8-gnu-toolchain/bin/../lib/gcc/avr/5.4.0/../../../../avr/lib/avr6\libc.a(rand.o) (__mulohisi3)
c:/apps/atmel/studio/7.0/toolchain/avr8/avr8-gnu-toolchain/bin/../lib/gcc/avr/5.4.0/avr6\libgcc.a(_umulhisi3.o)
                              c:/apps/atmel/studio/7.0/toolchain/avr8/avr8-gnu-toolchain/bin/../lib/gcc/avr/5.4.0/avr6\libgcc.a(_muluhisi3.o) (__umulhisi3)

Allocating common symbols
Common symbol       size              file

ethBuf1             0x100             main.o
PingRequest         0x48              Application/PING/ping.o
_millis             0x4               main.o
nwkIb               0x28              stack/nwk/src/nwk.o
__brkval            0x2               c:/apps/atmel/studio/7.0/toolchain/avr8/avr8-gnu-toolchain/bin/../lib/gcc/avr/5.4.0/../../../../avr/lib/avr6\libc.a(malloc.o)
PingReply           0x48              Application/PING/ping.o
halTimerIrqCount    0x1               stack/hal/atmega256rfr2/src/halTimer.o
__flp               0x2               c:/apps/atmel/studio/7.0/toolchain/avr8/avr8-gnu-toolchain/bin/../lib/gcc/avr/5.4.0/../../../../avr/lib/avr6\libc.a(malloc.o)
__iob               0x6               c:/apps/atmel/studio/7.0/toolchain/avr8/avr8-gnu-toolchain/bin/../lib/gcc/avr/5.4.0/../../../../avr/lib/avr6\libc.a(iob.o)
ethBuf0             0x100             main.o

Discarded input sections

 .data          0x00000000        0x0 C:/Apps/Atmel/Studio/7.0/Packs/atmel/ATmega_DFP/1.7.374/gcc/dev/atmega256rfr2/avr6/crtatmega256rfr2.o
 .bss           0x00000000        0x0 C:/Apps/Atmel/Studio/7.0/Packs/atmel/ATmega_DFP/1.7.374/gcc/dev/atmega256rfr2/avr6/crtatmega256rfr2.o
 .text          0x00000000        0x0 Application/loopback/loopback.o
 .data          0x00000000        0x0 Application/loopback/loopback.o
 .bss           0x00000000        0x0 Application/loopback/loopback.o
 .text.loopback_tcpc
                0x00000000      0x2bc Application/loopback/loopback.o
 .data.any_port.2129
                0x00000000        0x2 Application/loopback/loopback.o
 .text          0x00000000        0x0 Application/PING/ping.o
 .data          0x00000000        0x0 Application/PING/ping.o
 .bss           0x00000000        0x0 Application/PING/ping.o
 .text.checksum
                0x00000000       0x7a Application/PING/ping.o
 .text.htons    0x00000000        0x8 Application/PING/ping.o
 .text.ping_request
                0x00000000       0xb0 Application/PING/ping.o
 .text.wait_1us
                0x00000000       0x1a Application/PING/ping.o
 .text.wait_1ms
                0x00000000       0x1e Application/PING/ping.o
 .text.wait_10ms
                0x00000000       0x2a Application/PING/ping.o
 .text.ping_reply
                0x00000000       0x58 Application/PING/ping.o
 .text.ping_read
                0x00000000      0x18a Application/PING/ping.o
 .rodata.str1.1
                0x00000000       0x39 Application/PING/ping.o
 .text.ping_srv
                0x00000000      0x120 Application/PING/ping.o
 .data.RandomSeqNum
                0x00000000        0x2 Application/PING/ping.o
 .data.RandomID
                0x00000000        0x2 Application/PING/ping.o
 .debug_info    0x00000000      0x89b Application/PING/ping.o
 .debug_abbrev  0x00000000      0x296 Application/PING/ping.o
 .debug_loc     0x00000000      0x841 Application/PING/ping.o
 .debug_aranges
                0x00000000       0x60 Application/PING/ping.o
 .debug_ranges  0x00000000       0x50 Application/PING/ping.o
 .debug_line    0x00000000      0x463 Application/PING/ping.o
 .debug_str     0x00000000      0x34a Application/PING/ping.o
 .comment       0x00000000       0x31 Application/PING/ping.o
 .debug_frame   0x00000000      0x1a8 Application/PING/ping.o
 COMMON         0x00000000       0x90 Application/PING/ping.o
 .text          0x00000000        0x0 Ethernet/socket.o
 .data          0x00000000        0x0 Ethernet/socket.o
 .bss           0x00000000        0x0 Ethernet/socket.o
 .text.connect  0x00000000      0x1bc Ethernet/socket.o
 .text.ctlsocket
                0x00000000      0x1e8 Ethernet/socket.o
 .progmem.gcc_sw_table.ctlsocket
                0x00000000       0x10 Ethernet/socket.o
 .text.setsockopt
                0x00000000      0x260 Ethernet/socket.o
 .progmem.gcc_sw_table.setsockopt
                0x00000000        0xe Ethernet/socket.o
 .text.getsockopt
                0x00000000      0x2d4 Ethernet/socket.o
 .progmem.gcc_sw_table.getsockopt
                0x00000000       0x1a Ethernet/socket.o
 .text          0x00000000        0x0 Ethernet/W5500/w5500.o
 .data          0x00000000        0x0 Ethernet/W5500/w5500.o
 .bss           0x00000000        0x0 Ethernet/W5500/w5500.o
 .text          0x00000000        0x0 Ethernet/wizchip_conf.o
 .data          0x00000000        0x0 Ethernet/wizchip_conf.o
 .bss           0x00000000        0x0 Ethernet/wizchip_conf.o
 .text.reg_wizchip_cris_cbfunc
                0x00000000       0x2e Ethernet/wizchip_conf.o
 .text.reg_wizchip_bus_cbfunc
                0x00000000       0x3a Ethernet/wizchip_conf.o
 .text.wizphy_getphystat
                0x00000000       0x26 Ethernet/wizchip_conf.o
 .text.wizchip_setnetmode
                0x00000000       0x30 Ethernet/wizchip_conf.o
 .text.wizchip_getnetmode
                0x00000000        0xc Ethernet/wizchip_conf.o
 .text.wizchip_settimeout
                0x00000000       0x36 Ethernet/wizchip_conf.o
 .text.wizchip_gettimeout
                0x00000000       0x4e Ethernet/wizchip_conf.o
 .text.ctlnetwork
                0x00000000       0x64 Ethernet/wizchip_conf.o
 .text          0x00000000        0x0 lwm/lwm.o
 .data          0x00000000        0x0 lwm/lwm.o
 .bss           0x00000000        0x0 lwm/lwm.o
 .text          0x00000000        0x0 main.o
 .data          0x00000000        0x0 main.o
 .bss           0x00000000        0x0 main.o
 .text.icmp_cb  0x00000000       0x66 main.o
 .progmem.data.__c.3128
                0x00000000       0x39 main.o
 .text          0x00000000        0x0 spi/spi.o
 .data          0x00000000        0x0 spi/spi.o
 .bss           0x00000000        0x0 spi/spi.o
 .text          0x00000000        0x0 stack/hal/atmega256rfr2/src/hal.o
 .data          0x00000000        0x0 stack/hal/atmega256rfr2/src/hal.o
 .bss           0x00000000        0x0 stack/hal/atmega256rfr2/src/hal.o
 .text.HAL_Delay
                0x00000000        0x8 stack/hal/atmega256rfr2/src/hal.o
 .text          0x00000000        0x0 stack/hal/atmega256rfr2/src/halTimer.o
 .data          0x00000000        0x0 stack/hal/atmega256rfr2/src/halTimer.o
 .bss           0x00000000        0x0 stack/hal/atmega256rfr2/src/halTimer.o
 .text.HAL_TimerDelay
                0x00000000       0x44 stack/hal/atmega256rfr2/src/halTimer.o
 .text          0x00000000        0x0 stack/hal/drivers/atmega256rfr2/src/halSleep.o
 .data          0x00000000        0x0 stack/hal/drivers/atmega256rfr2/src/halSleep.o
 .bss           0x00000000        0x0 stack/hal/drivers/atmega256rfr2/src/halSleep.o
 .text.HAL_Sleep
                0x00000000      0x102 stack/hal/drivers/atmega256rfr2/src/halSleep.o
 .text          0x00000000        0x0 stack/hal/drivers/atmega256rfr2/src/halUart.o
 .data          0x00000000        0x0 stack/hal/drivers/atmega256rfr2/src/halUart.o
 .bss           0x00000000        0x0 stack/hal/drivers/atmega256rfr2/src/halUart.o
 .text.HAL_UartInit
                0x00000000       0xaa stack/hal/drivers/atmega256rfr2/src/halUart.o
 .bss.rxData    0x00000000      0x191 stack/hal/drivers/atmega256rfr2/src/halUart.o
 .bss.txData    0x00000000      0x191 stack/hal/drivers/atmega256rfr2/src/halUart.o
 .text          0x00000000        0x0 stack/nwk/src/nwk.o
 .data          0x00000000        0x0 stack/nwk/src/nwk.o
 .bss           0x00000000        0x0 stack/nwk/src/nwk.o
 .text.NWK_Busy
                0x00000000       0x12 stack/nwk/src/nwk.o
 .text.NWK_Lock
                0x00000000       0x10 stack/nwk/src/nwk.o
 .text.NWK_Unlock
                0x00000000       0x10 stack/nwk/src/nwk.o
 .text.NWK_SleepReq
                0x00000000        0x6 stack/nwk/src/nwk.o
 .text.NWK_WakeupReq
                0x00000000        0x6 stack/nwk/src/nwk.o
 .rodata        0x00000000        0x9 stack/nwk/src/nwk.o
 .text.NWK_LinearizeLqi
                0x00000000       0x5c stack/nwk/src/nwk.o
 .text          0x00000000        0x0 stack/nwk/src/nwkDataReq.o
 .data          0x00000000        0x0 stack/nwk/src/nwkDataReq.o
 .bss           0x00000000        0x0 stack/nwk/src/nwkDataReq.o
 .text          0x00000000        0x0 stack/nwk/src/nwkFrame.o
 .data          0x00000000        0x0 stack/nwk/src/nwkFrame.o
 .bss           0x00000000        0x0 stack/nwk/src/nwkFrame.o
 .text          0x00000000        0x0 stack/nwk/src/nwkGroup.o
 .data          0x00000000        0x0 stack/nwk/src/nwkGroup.o
 .bss           0x00000000        0x0 stack/nwk/src/nwkGroup.o
 .debug_info    0x00000000       0x56 stack/nwk/src/nwkGroup.o
 .debug_abbrev  0x00000000       0x26 stack/nwk/src/nwkGroup.o
 .debug_aranges
                0x00000000       0x18 stack/nwk/src/nwkGroup.o
 .debug_line    0x00000000       0x1a stack/nwk/src/nwkGroup.o
 .debug_str     0x00000000      0x178 stack/nwk/src/nwkGroup.o
 .comment       0x00000000       0x31 stack/nwk/src/nwkGroup.o
 .text          0x00000000        0x0 stack/nwk/src/nwkRoute.o
 .data          0x00000000        0x0 stack/nwk/src/nwkRoute.o
 .bss           0x00000000        0x0 stack/nwk/src/nwkRoute.o
 .text.NWK_RouteTable
                0x00000000        0x6 stack/nwk/src/nwkRoute.o
 .text.nwkRouteUpdateEntry
                0x00000000       0x4c stack/nwk/src/nwkRoute.o
 .text          0x00000000        0x0 stack/nwk/src/nwkRouteDiscovery.o
 .data          0x00000000        0x0 stack/nwk/src/nwkRouteDiscovery.o
 .bss           0x00000000        0x0 stack/nwk/src/nwkRouteDiscovery.o
 .debug_info    0x00000000       0x64 stack/nwk/src/nwkRouteDiscovery.o
 .debug_abbrev  0x00000000       0x26 stack/nwk/src/nwkRouteDiscovery.o
 .debug_aranges
                0x00000000       0x18 stack/nwk/src/nwkRouteDiscovery.o
 .debug_line    0x00000000       0x1a stack/nwk/src/nwkRouteDiscovery.o
 .debug_str     0x00000000      0x190 stack/nwk/src/nwkRouteDiscovery.o
 .comment       0x00000000       0x31 stack/nwk/src/nwkRouteDiscovery.o
 .text          0x00000000        0x0 stack/nwk/src/nwkRx.o
 .data          0x00000000        0x0 stack/nwk/src/nwkRx.o
 .bss           0x00000000        0x0 stack/nwk/src/nwkRx.o
 .text.NWK_SetAckControl
                0x00000000        0x6 stack/nwk/src/nwkRx.o
 .text          0x00000000        0x0 stack/nwk/src/nwkSecurity.o
 .data          0x00000000        0x0 stack/nwk/src/nwkSecurity.o
 .bss           0x00000000        0x0 stack/nwk/src/nwkSecurity.o
 .debug_info    0x00000000       0x64 stack/nwk/src/nwkSecurity.o
 .debug_abbrev  0x00000000       0x26 stack/nwk/src/nwkSecurity.o
 .debug_aranges
                0x00000000       0x18 stack/nwk/src/nwkSecurity.o
 .debug_line    0x00000000       0x1a stack/nwk/src/nwkSecurity.o
 .debug_str     0x00000000      0x18a stack/nwk/src/nwkSecurity.o
 .comment       0x00000000       0x31 stack/nwk/src/nwkSecurity.o
 .text          0x00000000        0x0 stack/nwk/src/nwkTx.o
 .data          0x00000000        0x0 stack/nwk/src/nwkTx.o
 .bss           0x00000000        0x0 stack/nwk/src/nwkTx.o
 .text          0x00000000        0x0 stack/phy/atmega256rfr2/src/phy.o
 .data          0x00000000        0x0 stack/phy/atmega256rfr2/src/phy.o
 .bss           0x00000000        0x0 stack/phy/atmega256rfr2/src/phy.o
 .text.PHY_SetBand
                0x00000000        0xa stack/phy/atmega256rfr2/src/phy.o
 .text.PHY_SetTxPower
                0x00000000       0x10 stack/phy/atmega256rfr2/src/phy.o
 .text.PHY_Sleep
                0x00000000       0x18 stack/phy/atmega256rfr2/src/phy.o
 .text.PHY_Wakeup
                0x00000000       0x16 stack/phy/atmega256rfr2/src/phy.o
 .text          0x00000000        0x0 stack/sys/src/sys.o
 .data          0x00000000        0x0 stack/sys/src/sys.o
 .bss           0x00000000        0x0 stack/sys/src/sys.o
 .text          0x00000000        0x0 stack/sys/src/sysEncrypt.o
 .data          0x00000000        0x0 stack/sys/src/sysEncrypt.o
 .bss           0x00000000        0x0 stack/sys/src/sysEncrypt.o
 .debug_info    0x00000000       0x56 stack/sys/src/sysEncrypt.o
 .debug_abbrev  0x00000000       0x26 stack/sys/src/sysEncrypt.o
 .debug_aranges
                0x00000000       0x18 stack/sys/src/sysEncrypt.o
 .debug_line    0x00000000       0x1a stack/sys/src/sysEncrypt.o
 .debug_str     0x00000000      0x17a stack/sys/src/sysEncrypt.o
 .comment       0x00000000       0x31 stack/sys/src/sysEncrypt.o
 .text          0x00000000        0x0 stack/sys/src/sysTimer.o
 .data          0x00000000        0x0 stack/sys/src/sysTimer.o
 .bss           0x00000000        0x0 stack/sys/src/sysTimer.o
 .text          0x00000000        0x0 uart/uart.o
 .data          0x00000000        0x0 uart/uart.o
 .bss           0x00000000        0x0 uart/uart.o
 .text.UART_SendChar
                0x00000000        0xe uart/uart.o
 .text.UART_SendString
                0x00000000       0x1a uart/uart.o
 .text.UART_GetChar
                0x00000000        0xe uart/uart.o
 .text          0x00000000        0x0 c:/apps/atmel/studio/7.0/toolchain/avr8/avr8-gnu-toolchain/bin/../lib/gcc/avr/5.4.0/../../../../avr/lib/avr6\libprintf_flt.a(vfprintf_flt.o)
 .data          0x00000000        0x0 c:/apps/atmel/studio/7.0/toolchain/avr8/avr8-gnu-toolchain/bin/../lib/gcc/avr/5.4.0/../../../../avr/lib/avr6\libprintf_flt.a(vfprintf_flt.o)
 .bss           0x00000000        0x0 c:/apps/atmel/studio/7.0/toolchain/avr8/avr8-gnu-toolchain/bin/../lib/gcc/avr/5.4.0/../../../../avr/lib/avr6\libprintf_flt.a(vfprintf_flt.o)
 .text          0x00000000        0x0 c:/apps/atmel/studio/7.0/toolchain/avr8/avr8-gnu-toolchain/bin/../lib/gcc/avr/5.4.0/avr6\libgcc.a(_udivmodsi4.o)
 .data          0x00000000        0x0 c:/apps/atmel/studio/7.0/toolchain/avr8/avr8-gnu-toolchain/bin/../lib/gcc/avr/5.4.0/avr6\libgcc.a(_udivmodsi4.o)
 .bss           0x00000000        0x0 c:/apps/atmel/studio/7.0/toolchain/avr8/avr8-gnu-toolchain/bin/../lib/gcc/avr/5.4.0/avr6\libgcc.a(_udivmodsi4.o)
 .text.libgcc.mul
                0x00000000        0x0 c:/apps/atmel/studio/7.0/toolchain/avr8/avr8-gnu-toolchain/bin/../lib/gcc/avr/5.4.0/avr6\libgcc.a(_udivmodsi4.o)
 .text.libgcc   0x00000000        0x0 c:/apps/atmel/studio/7.0/toolchain/avr8/avr8-gnu-toolchain/bin/../lib/gcc/avr/5.4.0/avr6\libgcc.a(_udivmodsi4.o)
 .text.libgcc.prologue
                0x00000000        0x0 c:/apps/atmel/studio/7.0/toolchain/avr8/avr8-gnu-toolchain/bin/../lib/gcc/avr/5.4.0/avr6\libgcc.a(_udivmodsi4.o)
 .text.libgcc.builtins
                0x00000000        0x0 c:/apps/atmel/studio/7.0/toolchain/avr8/avr8-gnu-toolchain/bin/../lib/gcc/avr/5.4.0/avr6\libgcc.a(_udivmodsi4.o)
 .text.libgcc.fmul
                0x00000000        0x0 c:/apps/atmel/studio/7.0/toolchain/avr8/avr8-gnu-toolchain/bin/../lib/gcc/avr/5.4.0/avr6\libgcc.a(_udivmodsi4.o)
 .text.libgcc.fixed
                0x00000000        0x0 c:/apps/atmel/studio/7.0/toolchain/avr8/avr8-gnu-toolchain/bin/../lib/gcc/avr/5.4.0/avr6\libgcc.a(_udivmodsi4.o)
 .text          0x00000000        0x0 c:/apps/atmel/studio/7.0/toolchain/avr8/avr8-gnu-toolchain/bin/../lib/gcc/avr/5.4.0/avr6\libgcc.a(_divmodsi4.o)
 .data          0x00000000        0x0 c:/apps/atmel/studio/7.0/toolchain/avr8/avr8-gnu-toolchain/bin/../lib/gcc/avr/5.4.0/avr6\libgcc.a(_divmodsi4.o)
 .bss           0x00000000        0x0 c:/apps/atmel/studio/7.0/toolchain/avr8/avr8-gnu-toolchain/bin/../lib/gcc/avr/5.4.0/avr6\libgcc.a(_divmodsi4.o)
 .text.libgcc.mul
                0x00000000        0x0 c:/apps/atmel/studio/7.0/toolchain/avr8/avr8-gnu-toolchain/bin/../lib/gcc/avr/5.4.0/avr6\libgcc.a(_divmodsi4.o)
 .text.libgcc   0x00000000        0x0 c:/apps/atmel/studio/7.0/toolchain/avr8/avr8-gnu-toolchain/bin/../lib/gcc/avr/5.4.0/avr6\libgcc.a(_divmodsi4.o)
 .text.libgcc.prologue
                0x00000000        0x0 c:/apps/atmel/studio/7.0/toolchain/avr8/avr8-gnu-toolchain/bin/../lib/gcc/avr/5.4.0/avr6\libgcc.a(_divmodsi4.o)
 .text.libgcc.builtins
                0x00000000        0x0 c:/apps/atmel/studio/7.0/toolchain/avr8/avr8-gnu-toolchain/bin/../lib/gcc/avr/5.4.0/avr6\libgcc.a(_divmodsi4.o)
 .text.libgcc.fmul
                0x00000000        0x0 c:/apps/atmel/studio/7.0/toolchain/avr8/avr8-gnu-toolchain/bin/../lib/gcc/avr/5.4.0/avr6\libgcc.a(_divmodsi4.o)
 .text.libgcc.fixed
                0x00000000        0x0 c:/apps/atmel/studio/7.0/toolchain/avr8/avr8-gnu-toolchain/bin/../lib/gcc/avr/5.4.0/avr6\libgcc.a(_divmodsi4.o)
 .text          0x00000000        0x0 c:/apps/atmel/studio/7.0/toolchain/avr8/avr8-gnu-toolchain/bin/../lib/gcc/avr/5.4.0/avr6\libgcc.a(_negsi2.o)
 .data          0x00000000        0x0 c:/apps/atmel/studio/7.0/toolchain/avr8/avr8-gnu-toolchain/bin/../lib/gcc/avr/5.4.0/avr6\libgcc.a(_negsi2.o)
 .bss           0x00000000        0x0 c:/apps/atmel/studio/7.0/toolchain/avr8/avr8-gnu-toolchain/bin/../lib/gcc/avr/5.4.0/avr6\libgcc.a(_negsi2.o)
 .text.libgcc.mul
                0x00000000        0x0 c:/apps/atmel/studio/7.0/toolchain/avr8/avr8-gnu-toolchain/bin/../lib/gcc/avr/5.4.0/avr6\libgcc.a(_negsi2.o)
 .text.libgcc   0x00000000        0x0 c:/apps/atmel/studio/7.0/toolchain/avr8/avr8-gnu-toolchain/bin/../lib/gcc/avr/5.4.0/avr6\libgcc.a(_negsi2.o)
 .text.libgcc.prologue
                0x00000000        0x0 c:/apps/atmel/studio/7.0/toolchain/avr8/avr8-gnu-toolchain/bin/../lib/gcc/avr/5.4.0/avr6\libgcc.a(_negsi2.o)
 .text.libgcc.builtins
                0x00000000        0x0 c:/apps/atmel/studio/7.0/toolchain/avr8/avr8-gnu-toolchain/bin/../lib/gcc/avr/5.4.0/avr6\libgcc.a(_negsi2.o)
 .text.libgcc.fmul
                0x00000000        0x0 c:/apps/atmel/studio/7.0/toolchain/avr8/avr8-gnu-toolchain/bin/../lib/gcc/avr/5.4.0/avr6\libgcc.a(_negsi2.o)
 .text.libgcc.fixed
                0x00000000        0x0 c:/apps/atmel/studio/7.0/toolchain/avr8/avr8-gnu-toolchain/bin/../lib/gcc/avr/5.4.0/avr6\libgcc.a(_negsi2.o)
 .text          0x00000000        0x0 c:/apps/atmel/studio/7.0/toolchain/avr8/avr8-gnu-toolchain/bin/../lib/gcc/avr/5.4.0/avr6\libgcc.a(_exit.o)
 .data          0x00000000        0x0 c:/apps/atmel/studio/7.0/toolchain/avr8/avr8-gnu-toolchain/bin/../lib/gcc/avr/5.4.0/avr6\libgcc.a(_exit.o)
 .bss           0x00000000        0x0 c:/apps/atmel/studio/7.0/toolchain/avr8/avr8-gnu-toolchain/bin/../lib/gcc/avr/5.4.0/avr6\libgcc.a(_exit.o)
 .text.libgcc.mul
                0x00000000        0x0 c:/apps/atmel/studio/7.0/toolchain/avr8/avr8-gnu-toolchain/bin/../lib/gcc/avr/5.4.0/avr6\libgcc.a(_exit.o)
 .text.libgcc.div
                0x00000000        0x0 c:/apps/atmel/studio/7.0/toolchain/avr8/avr8-gnu-toolchain/bin/../lib/gcc/avr/5.4.0/avr6\libgcc.a(_exit.o)
 .text.libgcc   0x00000000        0x0 c:/apps/atmel/studio/7.0/toolchain/avr8/avr8-gnu-toolchain/bin/../lib/gcc/avr/5.4.0/avr6\libgcc.a(_exit.o)
 .text.libgcc.prologue
                0x00000000        0x0 c:/apps/atmel/studio/7.0/toolchain/avr8/avr8-gnu-toolchain/bin/../lib/gcc/avr/5.4.0/avr6\libgcc.a(_exit.o)
 .text.libgcc.builtins
                0x00000000        0x0 c:/apps/atmel/studio/7.0/toolchain/avr8/avr8-gnu-toolchain/bin/../lib/gcc/avr/5.4.0/avr6\libgcc.a(_exit.o)
 .text.libgcc.fmul
                0x00000000        0x0 c:/apps/atmel/studio/7.0/toolchain/avr8/avr8-gnu-toolchain/bin/../lib/gcc/avr/5.4.0/avr6\libgcc.a(_exit.o)
 .text.libgcc.fixed
                0x00000000        0x0 c:/apps/atmel/studio/7.0/toolchain/avr8/avr8-gnu-toolchain/bin/../lib/gcc/avr/5.4.0/avr6\libgcc.a(_exit.o)
 .text          0x00000000        0x0 c:/apps/atmel/studio/7.0/toolchain/avr8/avr8-gnu-toolchain/bin/../lib/gcc/avr/5.4.0/avr6\libgcc.a(_tablejump2.o)
 .data          0x00000000        0x0 c:/apps/atmel/studio/7.0/toolchain/avr8/avr8-gnu-toolchain/bin/../lib/gcc/avr/5.4.0/avr6\libgcc.a(_tablejump2.o)
 .bss           0x00000000        0x0 c:/apps/atmel/studio/7.0/toolchain/avr8/avr8-gnu-toolchain/bin/../lib/gcc/avr/5.4.0/avr6\libgcc.a(_tablejump2.o)
 .text.libgcc.mul
                0x00000000        0x0 c:/apps/atmel/studio/7.0/toolchain/avr8/avr8-gnu-toolchain/bin/../lib/gcc/avr/5.4.0/avr6\libgcc.a(_tablejump2.o)
 .text.libgcc.div
                0x00000000        0x0 c:/apps/atmel/studio/7.0/toolchain/avr8/avr8-gnu-toolchain/bin/../lib/gcc/avr/5.4.0/avr6\libgcc.a(_tablejump2.o)
 .text.libgcc.prologue
                0x00000000        0x0 c:/apps/atmel/studio/7.0/toolchain/avr8/avr8-gnu-toolchain/bin/../lib/gcc/avr/5.4.0/avr6\libgcc.a(_tablejump2.o)
 .text.libgcc.builtins
                0x00000000        0x0 c:/apps/atmel/studio/7.0/toolchain/avr8/avr8-gnu-toolchain/bin/../lib/gcc/avr/5.4.0/avr6\libgcc.a(_tablejump2.o)
 .text.libgcc.fmul
                0x00000000        0x0 c:/apps/atmel/studio/7.0/toolchain/avr8/avr8-gnu-toolchain/bin/../lib/gcc/avr/5.4.0/avr6\libgcc.a(_tablejump2.o)
 .text.libgcc.fixed
                0x00000000        0x0 c:/apps/atmel/studio/7.0/toolchain/avr8/avr8-gnu-toolchain/bin/../lib/gcc/avr/5.4.0/avr6\libgcc.a(_tablejump2.o)
 .text          0x00000000        0x0 c:/apps/atmel/studio/7.0/toolchain/avr8/avr8-gnu-toolchain/bin/../lib/gcc/avr/5.4.0/avr6\libgcc.a(_copy_data.o)
 .data          0x00000000        0x0 c:/apps/atmel/studio/7.0/toolchain/avr8/avr8-gnu-toolchain/bin/../lib/gcc/avr/5.4.0/avr6\libgcc.a(_copy_data.o)
 .bss           0x00000000        0x0 c:/apps/atmel/studio/7.0/toolchain/avr8/avr8-gnu-toolchain/bin/../lib/gcc/avr/5.4.0/avr6\libgcc.a(_copy_data.o)
 .text.libgcc.mul
                0x00000000        0x0 c:/apps/atmel/studio/7.0/toolchain/avr8/avr8-gnu-toolchain/bin/../lib/gcc/avr/5.4.0/avr6\libgcc.a(_copy_data.o)
 .text.libgcc.div
                0x00000000        0x0 c:/apps/atmel/studio/7.0/toolchain/avr8/avr8-gnu-toolchain/bin/../lib/gcc/avr/5.4.0/avr6\libgcc.a(_copy_data.o)
 .text.libgcc   0x00000000        0x0 c:/apps/atmel/studio/7.0/toolchain/avr8/avr8-gnu-toolchain/bin/../lib/gcc/avr/5.4.0/avr6\libgcc.a(_copy_data.o)
 .text.libgcc.prologue
                0x00000000        0x0 c:/apps/atmel/studio/7.0/toolchain/avr8/avr8-gnu-toolchain/bin/../lib/gcc/avr/5.4.0/avr6\libgcc.a(_copy_data.o)
 .text.libgcc.builtins
                0x00000000        0x0 c:/apps/atmel/studio/7.0/toolchain/avr8/avr8-gnu-toolchain/bin/../lib/gcc/avr/5.4.0/avr6\libgcc.a(_copy_data.o)
 .text.libgcc.fmul
                0x00000000        0x0 c:/apps/atmel/studio/7.0/toolchain/avr8/avr8-gnu-toolchain/bin/../lib/gcc/avr/5.4.0/avr6\libgcc.a(_copy_data.o)
 .text.libgcc.fixed
                0x00000000        0x0 c:/apps/atmel/studio/7.0/toolchain/avr8/avr8-gnu-toolchain/bin/../lib/gcc/avr/5.4.0/avr6\libgcc.a(_copy_data.o)
 .text          0x00000000        0x0 c:/apps/atmel/studio/7.0/toolchain/avr8/avr8-gnu-toolchain/bin/../lib/gcc/avr/5.4.0/avr6\libgcc.a(_clear_bss.o)
 .data          0x00000000        0x0 c:/apps/atmel/studio/7.0/toolchain/avr8/avr8-gnu-toolchain/bin/../lib/gcc/avr/5.4.0/avr6\libgcc.a(_clear_bss.o)
 .bss           0x00000000        0x0 c:/apps/atmel/studio/7.0/toolchain/avr8/avr8-gnu-toolchain/bin/../lib/gcc/avr/5.4.0/avr6\libgcc.a(_clear_bss.o)
 .text.libgcc.mul
                0x00000000        0x0 c:/apps/atmel/studio/7.0/toolchain/avr8/avr8-gnu-toolchain/bin/../lib/gcc/avr/5.4.0/avr6\libgcc.a(_clear_bss.o)
 .text.libgcc.div
                0x00000000        0x0 c:/apps/atmel/studio/7.0/toolchain/avr8/avr8-gnu-toolchain/bin/../lib/gcc/avr/5.4.0/avr6\libgcc.a(_clear_bss.o)
 .text.libgcc   0x00000000        0x0 c:/apps/atmel/studio/7.0/toolchain/avr8/avr8-gnu-toolchain/bin/../lib/gcc/avr/5.4.0/avr6\libgcc.a(_clear_bss.o)
 .text.libgcc.prologue
                0x00000000        0x0 c:/apps/atmel/studio/7.0/toolchain/avr8/avr8-gnu-toolchain/bin/../lib/gcc/avr/5.4.0/avr6\libgcc.a(_clear_bss.o)
 .text.libgcc.builtins
                0x00000000        0x0 c:/apps/atmel/studio/7.0/toolchain/avr8/avr8-gnu-toolchain/bin/../lib/gcc/avr/5.4.0/avr6\libgcc.a(_clear_bss.o)
 .text.libgcc.fmul
                0x00000000        0x0 c:/apps/atmel/studio/7.0/toolchain/avr8/avr8-gnu-toolchain/bin/../lib/gcc/avr/5.4.0/avr6\libgcc.a(_clear_bss.o)
 .text.libgcc.fixed
                0x00000000        0x0 c:/apps/atmel/studio/7.0/toolchain/avr8/avr8-gnu-toolchain/bin/../lib/gcc/avr/5.4.0/avr6\libgcc.a(_clear_bss.o)
 .text          0x00000000        0x0 c:/apps/atmel/studio/7.0/toolchain/avr8/avr8-gnu-toolchain/bin/../lib/gcc/avr/5.4.0/../../../../avr/lib/avr6\libc.a(malloc.o)
 .data          0x00000000        0x6 c:/apps/atmel/studio/7.0/toolchain/avr8/avr8-gnu-toolchain/bin/../lib/gcc/avr/5.4.0/../../../../avr/lib/avr6\libc.a(malloc.o)
 .bss           0x00000000        0x0 c:/apps/atmel/studio/7.0/toolchain/avr8/avr8-gnu-toolchain/bin/../lib/gcc/avr/5.4.0/../../../../avr/lib/avr6\libc.a(malloc.o)
 .text.avr-libc
                0x00000000      0x242 c:/apps/atmel/studio/7.0/toolchain/avr8/avr8-gnu-toolchain/bin/../lib/gcc/avr/5.4.0/../../../../avr/lib/avr6\libc.a(malloc.o)
 .text          0x00000000        0x0 c:/apps/atmel/studio/7.0/toolchain/avr8/avr8-gnu-toolchain/bin/../lib/gcc/avr/5.4.0/../../../../avr/lib/avr6\libc.a(rand.o)
 .bss           0x00000000        0x0 c:/apps/atmel/studio/7.0/toolchain/avr8/avr8-gnu-toolchain/bin/../lib/gcc/avr/5.4.0/../../../../avr/lib/avr6\libc.a(rand.o)
 .text          0x00000000        0x0 c:/apps/atmel/studio/7.0/toolchain/avr8/avr8-gnu-toolchain/bin/../lib/gcc/avr/5.4.0/../../../../avr/lib/avr6\libc.a(ftoa_engine.o)
 .data          0x00000000        0x0 c:/apps/atmel/studio/7.0/toolchain/avr8/avr8-gnu-toolchain/bin/../lib/gcc/avr/5.4.0/../../../../avr/lib/avr6\libc.a(ftoa_engine.o)
 .bss           0x00000000        0x0 c:/apps/atmel/studio/7.0/toolchain/avr8/avr8-gnu-toolchain/bin/../lib/gcc/avr/5.4.0/../../../../avr/lib/avr6\libc.a(ftoa_engine.o)
 .text          0x00000000        0x0 c:/apps/atmel/studio/7.0/toolchain/avr8/avr8-gnu-toolchain/bin/../lib/gcc/avr/5.4.0/../../../../avr/lib/avr6\libc.a(strnlen_P.o)
 .data          0x00000000        0x0 c:/apps/atmel/studio/7.0/toolchain/avr8/avr8-gnu-toolchain/bin/../lib/gcc/avr/5.4.0/../../../../avr/lib/avr6\libc.a(strnlen_P.o)
 .bss           0x00000000        0x0 c:/apps/atmel/studio/7.0/toolchain/avr8/avr8-gnu-toolchain/bin/../lib/gcc/avr/5.4.0/../../../../avr/lib/avr6\libc.a(strnlen_P.o)
 .text          0x00000000        0x0 c:/apps/atmel/studio/7.0/toolchain/avr8/avr8-gnu-toolchain/bin/../lib/gcc/avr/5.4.0/../../../../avr/lib/avr6\libc.a(memcpy.o)
 .data          0x00000000        0x0 c:/apps/atmel/studio/7.0/toolchain/avr8/avr8-gnu-toolchain/bin/../lib/gcc/avr/5.4.0/../../../../avr/lib/avr6\libc.a(memcpy.o)
 .bss           0x00000000        0x0 c:/apps/atmel/studio/7.0/toolchain/avr8/avr8-gnu-toolchain/bin/../lib/gcc/avr/5.4.0/../../../../avr/lib/avr6\libc.a(memcpy.o)
 .text          0x00000000        0x0 c:/apps/atmel/studio/7.0/toolchain/avr8/avr8-gnu-toolchain/bin/../lib/gcc/avr/5.4.0/../../../../avr/lib/avr6\libc.a(strnlen.o)
 .data          0x00000000        0x0 c:/apps/atmel/studio/7.0/toolchain/avr8/avr8-gnu-toolchain/bin/../lib/gcc/avr/5.4.0/../../../../avr/lib/avr6\libc.a(strnlen.o)
 .bss           0x00000000        0x0 c:/apps/atmel/studio/7.0/toolchain/avr8/avr8-gnu-toolchain/bin/../lib/gcc/avr/5.4.0/../../../../avr/lib/avr6\libc.a(strnlen.o)
 .text          0x00000000        0x0 c:/apps/atmel/studio/7.0/toolchain/avr8/avr8-gnu-toolchain/bin/../lib/gcc/avr/5.4.0/../../../../avr/lib/avr6\libc.a(fputc.o)
 .data          0x00000000        0x0 c:/apps/atmel/studio/7.0/toolchain/avr8/avr8-gnu-toolchain/bin/../lib/gcc/avr/5.4.0/../../../../avr/lib/avr6\libc.a(fputc.o)
 .bss           0x00000000        0x0 c:/apps/atmel/studio/7.0/toolchain/avr8/avr8-gnu-toolchain/bin/../lib/gcc/avr/5.4.0/../../../../avr/lib/avr6\libc.a(fputc.o)
 .text          0x00000000        0x0 c:/apps/atmel/studio/7.0/toolchain/avr8/avr8-gnu-toolchain/bin/../lib/gcc/avr/5.4.0/../../../../avr/lib/avr6\libc.a(iob.o)
 .data          0x00000000        0x0 c:/apps/atmel/studio/7.0/toolchain/avr8/avr8-gnu-toolchain/bin/../lib/gcc/avr/5.4.0/../../../../avr/lib/avr6\libc.a(iob.o)
 .bss           0x00000000        0x0 c:/apps/atmel/studio/7.0/toolchain/avr8/avr8-gnu-toolchain/bin/../lib/gcc/avr/5.4.0/../../../../avr/lib/avr6\libc.a(iob.o)
 .text          0x00000000        0x0 c:/apps/atmel/studio/7.0/toolchain/avr8/avr8-gnu-toolchain/bin/../lib/gcc/avr/5.4.0/../../../../avr/lib/avr6\libc.a(printf.o)
 .data          0x00000000        0x0 c:/apps/atmel/studio/7.0/toolchain/avr8/avr8-gnu-toolchain/bin/../lib/gcc/avr/5.4.0/../../../../avr/lib/avr6\libc.a(printf.o)
 .bss           0x00000000        0x0 c:/apps/atmel/studio/7.0/toolchain/avr8/avr8-gnu-toolchain/bin/../lib/gcc/avr/5.4.0/../../../../avr/lib/avr6\libc.a(printf.o)
 .text          0x00000000        0x0 c:/apps/atmel/studio/7.0/toolchain/avr8/avr8-gnu-toolchain/bin/../lib/gcc/avr/5.4.0/../../../../avr/lib/avr6\libc.a(printf_p.o)
 .data          0x00000000        0x0 c:/apps/atmel/studio/7.0/toolchain/avr8/avr8-gnu-toolchain/bin/../lib/gcc/avr/5.4.0/../../../../avr/lib/avr6\libc.a(printf_p.o)
 .bss           0x00000000        0x0 c:/apps/atmel/studio/7.0/toolchain/avr8/avr8-gnu-toolchain/bin/../lib/gcc/avr/5.4.0/../../../../avr/lib/avr6\libc.a(printf_p.o)
 .text          0x00000000        0x0 c:/apps/atmel/studio/7.0/toolchain/avr8/avr8-gnu-toolchain/bin/../lib/gcc/avr/5.4.0/../../../../avr/lib/avr6\libc.a(ultoa_invert.o)
 .data          0x00000000        0x0 c:/apps/atmel/studio/7.0/toolchain/avr8/avr8-gnu-toolchain/bin/../lib/gcc/avr/5.4.0/../../../../avr/lib/avr6\libc.a(ultoa_invert.o)
 .bss           0x00000000        0x0 c:/apps/atmel/studio/7.0/toolchain/avr8/avr8-gnu-toolchain/bin/../lib/gcc/avr/5.4.0/../../../../avr/lib/avr6\libc.a(ultoa_invert.o)
 .text          0x00000000        0x0 c:/apps/atmel/studio/7.0/toolchain/avr8/avr8-gnu-toolchain/bin/../lib/gcc/avr/5.4.0/avr6\libgcc.a(_muluhisi3.o)
 .data          0x00000000        0x0 c:/apps/atmel/studio/7.0/toolchain/avr8/avr8-gnu-toolchain/bin/../lib/gcc/avr/5.4.0/avr6\libgcc.a(_muluhisi3.o)
 .bss           0x00000000        0x0 c:/apps/atmel/studio/7.0/toolchain/avr8/avr8-gnu-toolchain/bin/../lib/gcc/avr/5.4.0/avr6\libgcc.a(_muluhisi3.o)
 .text.libgcc.div
                0x00000000        0x0 c:/apps/atmel/studio/7.0/toolchain/avr8/avr8-gnu-toolchain/bin/../lib/gcc/avr/5.4.0/avr6\libgcc.a(_muluhisi3.o)
 .text.libgcc   0x00000000        0x0 c:/apps/atmel/studio/7.0/toolchain/avr8/avr8-gnu-toolchain/bin/../lib/gcc/avr/5.4.0/avr6\libgcc.a(_muluhisi3.o)
 .text.libgcc.prologue
                0x00000000        0x0 c:/apps/atmel/studio/7.0/toolchain/avr8/avr8-gnu-toolchain/bin/../lib/gcc/avr/5.4.0/avr6\libgcc.a(_muluhisi3.o)
 .text.libgcc.builtins
                0x00000000        0x0 c:/apps/atmel/studio/7.0/toolchain/avr8/avr8-gnu-toolchain/bin/../lib/gcc/avr/5.4.0/avr6\libgcc.a(_muluhisi3.o)
 .text.libgcc.fmul
                0x00000000        0x0 c:/apps/atmel/studio/7.0/toolchain/avr8/avr8-gnu-toolchain/bin/../lib/gcc/avr/5.4.0/avr6\libgcc.a(_muluhisi3.o)
 .text.libgcc.fixed
                0x00000000        0x0 c:/apps/atmel/studio/7.0/toolchain/avr8/avr8-gnu-toolchain/bin/../lib/gcc/avr/5.4.0/avr6\libgcc.a(_muluhisi3.o)
 .text          0x00000000        0x0 c:/apps/atmel/studio/7.0/toolchain/avr8/avr8-gnu-toolchain/bin/../lib/gcc/avr/5.4.0/avr6\libgcc.a(_mulshisi3.o)
 .data          0x00000000        0x0 c:/apps/atmel/studio/7.0/toolchain/avr8/avr8-gnu-toolchain/bin/../lib/gcc/avr/5.4.0/avr6\libgcc.a(_mulshisi3.o)
 .bss           0x00000000        0x0 c:/apps/atmel/studio/7.0/toolchain/avr8/avr8-gnu-toolchain/bin/../lib/gcc/avr/5.4.0/avr6\libgcc.a(_mulshisi3.o)
 .text.libgcc.div
                0x00000000        0x0 c:/apps/atmel/studio/7.0/toolchain/avr8/avr8-gnu-toolchain/bin/../lib/gcc/avr/5.4.0/avr6\libgcc.a(_mulshisi3.o)
 .text.libgcc   0x00000000        0x0 c:/apps/atmel/studio/7.0/toolchain/avr8/avr8-gnu-toolchain/bin/../lib/gcc/avr/5.4.0/avr6\libgcc.a(_mulshisi3.o)
 .text.libgcc.prologue
                0x00000000        0x0 c:/apps/atmel/studio/7.0/toolchain/avr8/avr8-gnu-toolchain/bin/../lib/gcc/avr/5.4.0/avr6\libgcc.a(_mulshisi3.o)
 .text.libgcc.builtins
                0x00000000        0x0 c:/apps/atmel/studio/7.0/toolchain/avr8/avr8-gnu-toolchain/bin/../lib/gcc/avr/5.4.0/avr6\libgcc.a(_mulshisi3.o)
 .text.libgcc.fmul
                0x00000000        0x0 c:/apps/atmel/studio/7.0/toolchain/avr8/avr8-gnu-toolchain/bin/../lib/gcc/avr/5.4.0/avr6\libgcc.a(_mulshisi3.o)
 .text.libgcc.fixed
                0x00000000        0x0 c:/apps/atmel/studio/7.0/toolchain/avr8/avr8-gnu-toolchain/bin/../lib/gcc/avr/5.4.0/avr6\libgcc.a(_mulshisi3.o)
 .text          0x00000000        0x0 c:/apps/atmel/studio/7.0/toolchain/avr8/avr8-gnu-toolchain/bin/../lib/gcc/avr/5.4.0/avr6\libgcc.a(_umulhisi3.o)
 .data          0x00000000        0x0 c:/apps/atmel/studio/7.0/toolchain/avr8/avr8-gnu-toolchain/bin/../lib/gcc/avr/5.4.0/avr6\libgcc.a(_umulhisi3.o)
 .bss           0x00000000        0x0 c:/apps/atmel/studio/7.0/toolchain/avr8/avr8-gnu-toolchain/bin/../lib/gcc/avr/5.4.0/avr6\libgcc.a(_umulhisi3.o)
 .text.libgcc.div
                0x00000000        0x0 c:/apps/atmel/studio/7.0/toolchain/avr8/avr8-gnu-toolchain/bin/../lib/gcc/avr/5.4.0/avr6\libgcc.a(_umulhisi3.o)
 .text.libgcc   0x00000000        0x0 c:/apps/atmel/studio/7.0/toolchain/avr8/avr8-gnu-toolchain/bin/../lib/gcc/avr/5.4.0/avr6\libgcc.a(_umulhisi3.o)
 .text.libgcc.prologue
                0x00000000        0x0 c:/apps/atmel/studio/7.0/toolchain/avr8/avr8-gnu-toolchain/bin/../lib/gcc/avr/5.4.0/avr6\libgcc.a(_umulhisi3.o)
 .text.libgcc.builtins
                0x00000000        0x0 c:/apps/atmel/studio/7.0/toolchain/avr8/avr8-gnu-toolchain/bin/../lib/gcc/avr/5.4.0/avr6\libgcc.a(_umulhisi3.o)
 .text.libgcc.fmul
                0x00000000        0x0 c:/apps/atmel/studio/7.0/toolchain/avr8/avr8-gnu-toolchain/bin/../lib/gcc/avr/5.4.0/avr6\libgcc.a(_umulhisi3.o)
 .text.libgcc.fixed
                0x00000000        0x0 c:/apps/atmel/studio/7.0/toolchain/avr8/avr8-gnu-toolchain/bin/../lib/gcc/avr/5.4.0/avr6\libgcc.a(_umulhisi3.o)

Memory Configuration

Name             Origin             Length             Attributes
text             0x00000000         0x00040000         xr
data             0x00800200         0x00008000         rw !x
eeprom           0x00810000         0x00002000         rw !x
fuse             0x00820000         0x00000003         rw !x
lock             0x00830000         0x00000400         rw !x
signature        0x00840000         0x00000400         rw !x
user_signatures  0x00850000         0x00000400         rw !x
*default*        0x00000000         0xffffffff

Linker script and memory map

Address of section .data set to 0x800200
LOAD C:/Apps/Atmel/Studio/7.0/Packs/atmel/ATmega_DFP/1.7.374/gcc/dev/atmega256rfr2/avr6/crtatmega256rfr2.o
LOAD Application/loopback/loopback.o
LOAD Application/PING/ping.o
LOAD Ethernet/socket.o
LOAD Ethernet/W5500/w5500.o
LOAD Ethernet/wizchip_conf.o
LOAD lwm/lwm.o
LOAD main.o
LOAD spi/spi.o
LOAD stack/hal/atmega256rfr2/src/hal.o
LOAD stack/hal/atmega256rfr2/src/halTimer.o
LOAD stack/hal/drivers/atmega256rfr2/src/halSleep.o
LOAD stack/hal/drivers/atmega256rfr2/src/halUart.o
LOAD stack/nwk/src/nwk.o
LOAD stack/nwk/src/nwkDataReq.o
LOAD stack/nwk/src/nwkFrame.o
LOAD stack/nwk/src/nwkGroup.o
LOAD stack/nwk/src/nwkRoute.o
LOAD stack/nwk/src/nwkRouteDiscovery.o
LOAD stack/nwk/src/nwkRx.o
LOAD stack/nwk/src/nwkSecurity.o
LOAD stack/nwk/src/nwkTx.o
LOAD stack/phy/atmega256rfr2/src/phy.o
LOAD stack/sys/src/sys.o
LOAD stack/sys/src/sysEncrypt.o
LOAD stack/sys/src/sysTimer.o
LOAD uart/uart.o
START GROUP
LOAD c:/apps/atmel/studio/7.0/toolchain/avr8/avr8-gnu-toolchain/bin/../lib/gcc/avr/5.4.0/../../../../avr/lib/avr6\libm.a
END GROUP
LOAD c:/apps/atmel/studio/7.0/toolchain/avr8/avr8-gnu-toolchain/bin/../lib/gcc/avr/5.4.0/../../../../avr/lib/avr6\libprintf_flt.a
START GROUP
LOAD c:/apps/atmel/studio/7.0/toolchain/avr8/avr8-gnu-toolchain/bin/../lib/gcc/avr/5.4.0/avr6\libgcc.a
LOAD c:/apps/atmel/studio/7.0/toolchain/avr8/avr8-gnu-toolchain/bin/../lib/gcc/avr/5.4.0/../../../../avr/lib/avr6\libm.a
LOAD c:/apps/atmel/studio/7.0/toolchain/avr8/avr8-gnu-toolchain/bin/../lib/gcc/avr/5.4.0/../../../../avr/lib/avr6\libc.a
LOAD C:/Apps/Atmel/Studio/7.0/Packs/atmel/ATmega_DFP/1.7.374/gcc/dev/atmega256rfr2/avr6\libatmega256rfr2.a
END GROUP
                [0x00000000]                __TEXT_REGION_ORIGIN__ = DEFINED (__TEXT_REGION_ORIGIN__)?__TEXT_REGION_ORIGIN__:0x0
                [0x00800200]                __DATA_REGION_ORIGIN__ = DEFINED (__DATA_REGION_ORIGIN__)?__DATA_REGION_ORIGIN__:0x800200
                [0x00040000]                __TEXT_REGION_LENGTH__ = DEFINED (__TEXT_REGION_LENGTH__)?__TEXT_REGION_LENGTH__:0x100000
                [0x00008000]                __DATA_REGION_LENGTH__ = DEFINED (__DATA_REGION_LENGTH__)?__DATA_REGION_LENGTH__:0xfe00
                [0x00002000]                __EEPROM_REGION_LENGTH__ = DEFINED (__EEPROM_REGION_LENGTH__)?__EEPROM_REGION_LENGTH__:0x10000
                [0x00000003]                __FUSE_REGION_LENGTH__ = DEFINED (__FUSE_REGION_LENGTH__)?__FUSE_REGION_LENGTH__:0x400
                0x00000400                __LOCK_REGION_LENGTH__ = DEFINED (__LOCK_REGION_LENGTH__)?__LOCK_REGION_LENGTH__:0x400
                0x00000400                __SIGNATURE_REGION_LENGTH__ = DEFINED (__SIGNATURE_REGION_LENGTH__)?__SIGNATURE_REGION_LENGTH__:0x400
                0x00000400                __USER_SIGNATURE_REGION_LENGTH__ = DEFINED (__USER_SIGNATURE_REGION_LENGTH__)?__USER_SIGNATURE_REGION_LENGTH__:0x400

.hash
 *(.hash)

.dynsym
 *(.dynsym)

.dynstr
 *(.dynstr)

.gnu.version
 *(.gnu.version)

.gnu.version_d
 *(.gnu.version_d)

.gnu.version_r
 *(.gnu.version_r)

.rel.init
 *(.rel.init)

.rela.init
 *(.rela.init)

.rel.text
 *(.rel.text)
 *(.rel.text.*)
 *(.rel.gnu.linkonce.t*)

.rela.text
 *(.rela.text)
 *(.rela.text.*)
 *(.rela.gnu.linkonce.t*)

.rel.fini
 *(.rel.fini)

.rela.fini
 *(.rela.fini)

.rel.rodata
 *(.rel.rodata)
 *(.rel.rodata.*)
 *(.rel.gnu.linkonce.r*)

.rela.rodata
 *(.rela.rodata)
 *(.rela.rodata.*)
 *(.rela.gnu.linkonce.r*)

.rel.data
 *(.rel.data)
 *(.rel.data.*)
 *(.rel.gnu.linkonce.d*)

.rela.data
 *(.rela.data)
 *(.rela.data.*)
 *(.rela.gnu.linkonce.d*)

.rel.ctors
 *(.rel.ctors)

.rela.ctors
 *(.rela.ctors)

.rel.dtors
 *(.rel.dtors)

.rela.dtors
 *(.rela.dtors)

.rel.got
 *(.rel.got)

.rela.got
 *(.rela.got)

.rel.bss
 *(.rel.bss)

.rela.bss
 *(.rela.bss)

.rel.plt
 *(.rel.plt)

.rela.plt
 *(.rela.plt)

.text           0x00000000     0x4dae
 *(.vectors)
 .vectors       0x00000000      0x134 C:/Apps/Atmel/Studio/7.0/Packs/atmel/ATmega_DFP/1.7.374/gcc/dev/atmega256rfr2/avr6/crtatmega256rfr2.o
                0x00000000                __vector_default
                0x00000000                __vectors
 *(.vectors)
 *(.progmem.gcc*)
 .progmem.gcc_sw_table.ctlwizchip
                0x00000134       0x20 Ethernet/wizchip_conf.o
                0x00000154                . = ALIGN (0x2)
                0x00000154                __trampolines_start = .
 *(.trampolines)
 .trampolines   0x00000154        0x0 linker stubs
 *(.trampolines*)
                0x00000154                __trampolines_end = .
 *libprintf_flt.a:*(.progmem.data)
 .progmem.data  0x00000154        0x8 c:/apps/atmel/studio/7.0/toolchain/avr8/avr8-gnu-toolchain/bin/../lib/gcc/avr/5.4.0/../../../../avr/lib/avr6\libprintf_flt.a(vfprintf_flt.o)
 *libc.a:*(.progmem.data)
 .progmem.data  0x0000015c       0xfa c:/apps/atmel/studio/7.0/toolchain/avr8/avr8-gnu-toolchain/bin/../lib/gcc/avr/5.4.0/../../../../avr/lib/avr6\libc.a(ftoa_engine.o)
 *(.progmem*)
 .progmem.data.__c.3163
                0x00000256        0xa main.o
 .progmem.data.__c.3161
                0x00000260        0xc main.o
 .progmem.data.__c.3158
                0x0000026c       0x2a main.o
 .progmem.data.__c.3156
                0x00000296       0x15 main.o
 .progmem.data.__c.3154
                0x000002ab       0x2c main.o
 .progmem.data.__c.3133
                0x000002d7       0x1b main.o
                0x000002f2                . = ALIGN (0x2)
 *(.jumptables)
 *(.jumptables*)
 *(.lowtext)
 *(.lowtext*)
                0x000002f2                __ctors_start = .
 *(.ctors)
                0x000002f2                __ctors_end = .
                0x000002f2                __dtors_start = .
 *(.dtors)
                0x000002f2                __dtors_end = .
 SORT(*)(.ctors)
 SORT(*)(.dtors)
 *(.init0)
 .init0         0x000002f2        0x0 C:/Apps/Atmel/Studio/7.0/Packs/atmel/ATmega_DFP/1.7.374/gcc/dev/atmega256rfr2/avr6/crtatmega256rfr2.o
                0x000002f2                __init
 *(.init0)
 *(.init1)
 *(.init1)
 *(.init2)
 .init2         0x000002f2       0x10 C:/Apps/Atmel/Studio/7.0/Packs/atmel/ATmega_DFP/1.7.374/gcc/dev/atmega256rfr2/avr6/crtatmega256rfr2.o
 *(.init2)
 *(.init3)
 .init3         0x00000302       0x1e main.o
                0x00000302                get_mcusr
 *(.init3)
 *(.init4)
 .init4         0x00000320       0x1a c:/apps/atmel/studio/7.0/toolchain/avr8/avr8-gnu-toolchain/bin/../lib/gcc/avr/5.4.0/avr6\libgcc.a(_copy_data.o)
                0x00000320                __do_copy_data
 .init4         0x0000033a       0x10 c:/apps/atmel/studio/7.0/toolchain/avr8/avr8-gnu-toolchain/bin/../lib/gcc/avr/5.4.0/avr6\libgcc.a(_clear_bss.o)
                0x0000033a                __do_clear_bss
 *(.init4)
 *(.init5)
 *(.init5)
 *(.init6)
 *(.init6)
 *(.init7)
 *(.init7)
 *(.init8)
 *(.init8)
 *(.init9)
 .init9         0x0000034a        0x8 C:/Apps/Atmel/Studio/7.0/Packs/atmel/ATmega_DFP/1.7.374/gcc/dev/atmega256rfr2/avr6/crtatmega256rfr2.o
 *(.init9)
 *(.text)
 .text          0x00000352        0x2 C:/Apps/Atmel/Studio/7.0/Packs/atmel/ATmega_DFP/1.7.374/gcc/dev/atmega256rfr2/avr6/crtatmega256rfr2.o
                0x00000352                __vector_38
                0x00000352                __vector_22
                0x00000352                __vector_63
                0x00000352                __vector_28
                0x00000352                __vector_67
                0x00000352                __vector_1
                0x00000352                __vector_32
                0x00000352                __vector_75
                0x00000352                __vector_71
                0x00000352                __vector_34
                0x00000352                __vector_62
                0x00000352                __vector_24
                0x00000352                __vector_12
                0x00000352                __vector_55
                0x00000352                __vector_69
                0x00000352                __vector_46
                0x00000352                __bad_interrupt
                0x00000352                __vector_72
                0x00000352                __vector_6
                0x00000352                __vector_31
                0x00000352                __vector_35
                0x00000352                __vector_74
                0x00000352                __vector_39
                0x00000352                __vector_3
                0x00000352                __vector_23
                0x00000352                __vector_68
                0x00000352                __vector_30
                0x00000352                __vector_73
                0x00000352                __vector_45
                0x00000352                __vector_25
                0x00000352                __vector_61
                0x00000352                __vector_11
                0x00000352                __vector_54
                0x00000352                __vector_17
                0x00000352                __vector_19
                0x00000352                __vector_56
                0x00000352                __vector_7
                0x00000352                __vector_49
                0x00000352                __vector_41
                0x00000352                __vector_64
                0x00000352                __vector_43
                0x00000352                __vector_27
                0x00000352                __vector_5
                0x00000352                __vector_33
                0x00000352                __vector_76
                0x00000352                __vector_47
                0x00000352                __vector_52
                0x00000352                __vector_4
                0x00000352                __vector_44
                0x00000352                __vector_51
                0x00000352                __vector_9
                0x00000352                __vector_2
                0x00000352                __vector_15
                0x00000352                __vector_66
                0x00000352                __vector_58
                0x00000352                __vector_70
                0x00000352                __vector_29
                0x00000352                __vector_60
                0x00000352                __vector_40
                0x00000352                __vector_8
                0x00000352                __vector_26
                0x00000352                __vector_48
                0x00000352                __vector_14
                0x00000352                __vector_57
                0x00000352                __vector_53
                0x00000352                __vector_10
                0x00000352                __vector_50
                0x00000352                __vector_16
                0x00000352                __vector_59
                0x00000352                __vector_18
                0x00000352                __vector_20
                0x00000352                __vector_65
                0x00000354                . = ALIGN (0x2)
 *(.text.*)
 .text.loopback_tcps
                0x00000354      0x292 Application/loopback/loopback.o
                0x00000354                loopback_tcps
 .text.loopback_udps
                0x000005e6      0x1ce Application/loopback/loopback.o
                0x000005e6                loopback_udps
 .text.close    0x000007b4       0xe0 Ethernet/socket.o
                0x000007b4                close
 .text.socket   0x00000894      0x1fa Ethernet/socket.o
                0x00000894                socket
 .text.listen   0x00000a8e       0xb4 Ethernet/socket.o
                0x00000a8e                listen
 .text.disconnect
                0x00000b42       0xe8 Ethernet/socket.o
                0x00000b42                disconnect
 .text.send     0x00000c2a      0x226 Ethernet/socket.o
                0x00000c2a                send
 .text.recv     0x00000e50      0x17e Ethernet/socket.o
                0x00000e50                recv
 .text.sendto   0x00000fce      0x25c Ethernet/socket.o
                0x00000fce                sendto
 .text.recvfrom
                0x0000122a      0x3bc Ethernet/socket.o
                0x0000122a                recvfrom
 .text.WIZCHIP_READ
                0x000015e6       0xce Ethernet/W5500/w5500.o
                0x000015e6                WIZCHIP_READ
 .text.WIZCHIP_WRITE
                0x000016b4       0xe4 Ethernet/W5500/w5500.o
                0x000016b4                WIZCHIP_WRITE
 .text.WIZCHIP_READ_BUF
                0x00001798      0x104 Ethernet/W5500/w5500.o
                0x00001798                WIZCHIP_READ_BUF
 .text.WIZCHIP_WRITE_BUF
                0x0000189c      0x10e Ethernet/W5500/w5500.o
                0x0000189c                WIZCHIP_WRITE_BUF
 .text.getSn_TX_FSR
                0x000019aa       0xb0 Ethernet/W5500/w5500.o
                0x000019aa                getSn_TX_FSR
 .text.getSn_RX_RSR
                0x00001a5a       0xb0 Ethernet/W5500/w5500.o
                0x00001a5a                getSn_RX_RSR
 .text.wiz_send_data
                0x00001b0a      0x10e Ethernet/W5500/w5500.o
                0x00001b0a                wiz_send_data
 .text.wiz_recv_data
                0x00001c18      0x10e Ethernet/W5500/w5500.o
                0x00001c18                wiz_recv_data
 .text.wiz_recv_ignore
                0x00001d26       0x98 Ethernet/W5500/w5500.o
                0x00001d26                wiz_recv_ignore
 .text.wizchip_cris_enter
                0x00001dbe        0x2 Ethernet/wizchip_conf.o
                0x00001dbe                wizchip_cris_enter
 .text.wizchip_cris_exit
                0x00001dc0        0x2 Ethernet/wizchip_conf.o
                0x00001dc0                wizchip_cris_exit
 .text.wizchip_cs_select
                0x00001dc2        0x2 Ethernet/wizchip_conf.o
                0x00001dc2                wizchip_cs_select
 .text.wizchip_cs_deselect
                0x00001dc4        0x2 Ethernet/wizchip_conf.o
                0x00001dc4                wizchip_cs_deselect
 .text.wizchip_bus_readdata
                0x00001dc6        0x6 Ethernet/wizchip_conf.o
                0x00001dc6                wizchip_bus_readdata
 .text.wizchip_bus_writedata
                0x00001dcc        0x6 Ethernet/wizchip_conf.o
                0x00001dcc                wizchip_bus_writedata
 .text.wizchip_spi_readbyte
                0x00001dd2        0x4 Ethernet/wizchip_conf.o
                0x00001dd2                wizchip_spi_readbyte
 .text.wizchip_spi_writebyte
                0x00001dd6        0x2 Ethernet/wizchip_conf.o
                0x00001dd6                wizchip_spi_writebyte
 .text.wizchip_spi_readburst
                0x00001dd8        0x2 Ethernet/wizchip_conf.o
                0x00001dd8                wizchip_spi_readburst
 .text.wizchip_spi_writeburst
                0x00001dda        0x2 Ethernet/wizchip_conf.o
                0x00001dda                wizchip_spi_writeburst
 .text.reg_wizchip_cs_cbfunc
                0x00001ddc       0x2e Ethernet/wizchip_conf.o
                0x00001ddc                reg_wizchip_cs_cbfunc
 .text.reg_wizchip_spi_cbfunc
                0x00001e0a       0x3a Ethernet/wizchip_conf.o
                0x00001e0a                reg_wizchip_spi_cbfunc
 .text.reg_wizchip_spiburst_cbfunc
                0x00001e44       0x3a Ethernet/wizchip_conf.o
                0x00001e44                reg_wizchip_spiburst_cbfunc
 .text.wizchip_sw_reset
                0x00001e7e       0xd8 Ethernet/wizchip_conf.o
                0x00001e7e                wizchip_sw_reset
 .text.wizchip_init
                0x00001f56       0xf2 Ethernet/wizchip_conf.o
                0x00001f56                wizchip_init
 .text.wizchip_clrinterrupt
                0x00002048       0x22 Ethernet/wizchip_conf.o
                0x00002048                wizchip_clrinterrupt
 .text.wizchip_getinterrupt
                0x0000206a       0x28 Ethernet/wizchip_conf.o
                0x0000206a                wizchip_getinterrupt
 .text.wizchip_setinterruptmask
                0x00002092       0x20 Ethernet/wizchip_conf.o
                0x00002092                wizchip_setinterruptmask
 .text.wizchip_getinterruptmask
                0x000020b2       0x26 Ethernet/wizchip_conf.o
                0x000020b2                wizchip_getinterruptmask
 .text.wizphy_getphylink
                0x000020d8       0x16 Ethernet/wizchip_conf.o
                0x000020d8                wizphy_getphylink
 .text.wizphy_getphypmode
                0x000020ee       0x18 Ethernet/wizchip_conf.o
                0x000020ee                wizphy_getphypmode
 .text.wizphy_reset
                0x00002106       0x32 Ethernet/wizchip_conf.o
                0x00002106                wizphy_reset
 .text.wizphy_setphyconf
                0x00002138       0x42 Ethernet/wizchip_conf.o
                0x00002138                wizphy_setphyconf
 .text.wizphy_getphyconf
                0x0000217a       0x58 Ethernet/wizchip_conf.o
                0x0000217a                wizphy_getphyconf
 .text.wizphy_setphypmode
                0x000021d2       0x5a Ethernet/wizchip_conf.o
                0x000021d2                wizphy_setphypmode
 .text.ctlwizchip
                0x0000222c      0x116 Ethernet/wizchip_conf.o
                0x0000222c                ctlwizchip
 .text.wizchip_setnetinfo
                0x00002342       0x72 Ethernet/wizchip_conf.o
                0x00002342                wizchip_setnetinfo
 .text.wizchip_getnetinfo
                0x000023b4       0x72 Ethernet/wizchip_conf.o
                0x000023b4                wizchip_getnetinfo
 .text.appDataConf
                0x00002426        0x6 lwm/lwm.o
                0x00002426                appDataConf
 .text.appTimerHandler
                0x0000242c        0x2 lwm/lwm.o
                0x0000242c                appTimerHandler
 .text.appDataInd_ACK
                0x0000242e       0x32 lwm/lwm.o
                0x0000242e                appDataInd_ACK
 .text.sendOK   0x00002460       0x4a lwm/lwm.o
                0x00002460                sendOK
 .text.appDataInd
                0x000024aa       0x3a lwm/lwm.o
                0x000024aa                appDataInd
 .text.HAL_UartBytesReceived
                0x000024e4       0x50 lwm/lwm.o
                0x000024e4                HAL_UartBytesReceived
 .text.appInit  0x00002534       0x48 lwm/lwm.o
                0x00002534                appInit
 .text.APP_TaskHandler
                0x0000257c       0x12 lwm/lwm.o
                0x0000257c                APP_TaskHandler
 .text.freeRam  0x0000258e       0x32 main.o
 .text.cs_sel   0x000025c0        0x8 main.o
                0x000025c0                cs_sel
 .text.cs_desel
                0x000025c8        0x8 main.o
                0x000025c8                cs_desel
 .text.spi_rb   0x000025d0        0xc main.o
                0x000025d0                spi_rb
 .text.spi_wb   0x000025dc        0xa main.o
                0x000025dc                spi_wb
 .text.spi_rb_burst
                0x000025e6       0x22 main.o
                0x000025e6                spi_rb_burst
 .text.spi_wb_burst
                0x00002608       0x24 main.o
                0x00002608                spi_wb_burst
 .text.__vector_21
                0x0000262c       0x4a main.o
                0x0000262c                __vector_21
 .text.IO_LIBRARY_Init
                0x00002676       0x66 main.o
                0x00002676                IO_LIBRARY_Init
 .text.timer0_init
                0x000026dc       0x22 main.o
                0x000026dc                timer0_init
 .text.avr_init
                0x000026fe       0x30 main.o
 .text.print_network_information
                0x0000272e      0x178 main.o
                0x0000272e                print_network_information
 .text.main     0x000028a6      0x188 main.o
                0x000028a6                main
 .text.spi_init
                0x00002a2e       0x26 spi/spi.o
                0x00002a2e                spi_init
 .text.HAL_Init
                0x00002a54       0x28 stack/hal/atmega256rfr2/src/hal.o
                0x00002a54                HAL_Init
 .text.HAL_TimerInit
                0x00002a7c       0x2a stack/hal/atmega256rfr2/src/halTimer.o
                0x00002a7c                HAL_TimerInit
 .text.__vector_42
                0x00002aa6       0x22 stack/hal/atmega256rfr2/src/halTimer.o
                0x00002aa6                __vector_42
 .text.__vector_13
                0x00002ac8       0x1e stack/hal/drivers/atmega256rfr2/src/halSleep.o
                0x00002ac8                __vector_13
 .text.HAL_UartWriteByte
                0x00002ae6       0x4e stack/hal/drivers/atmega256rfr2/src/halUart.o
                0x00002ae6                HAL_UartWriteByte
 .text.HAL_UartReadByte
                0x00002b34       0x4c stack/hal/drivers/atmega256rfr2/src/halUart.o
                0x00002b34                HAL_UartReadByte
 .text.__vector_37
                0x00002b80       0x38 stack/hal/drivers/atmega256rfr2/src/halUart.o
                0x00002b80                __vector_37
 .text.__vector_36
                0x00002bb8       0xae stack/hal/drivers/atmega256rfr2/src/halUart.o
                0x00002bb8                __vector_36
 .text.HAL_UartTaskHandler
                0x00002c66       0x86 stack/hal/drivers/atmega256rfr2/src/halUart.o
                0x00002c66                HAL_UartTaskHandler
 .text.NWK_Init
                0x00002cec       0x38 stack/nwk/src/nwk.o
                0x00002cec                NWK_Init
 .text.NWK_SetAddr
                0x00002d24        0xe stack/nwk/src/nwk.o
                0x00002d24                NWK_SetAddr
 .text.NWK_SetPanId
                0x00002d32        0xe stack/nwk/src/nwk.o
                0x00002d32                NWK_SetPanId
 .text.NWK_OpenEndpoint
                0x00002d40       0x14 stack/nwk/src/nwk.o
                0x00002d40                NWK_OpenEndpoint
 .text.NWK_TaskHandler
                0x00002d54        0x8 stack/nwk/src/nwk.o
                0x00002d54                NWK_TaskHandler
 .text.nwkDataReqConfirm
                0x00002d5c       0x50 stack/nwk/src/nwkDataReq.o
 .text.nwkDataReqSendFrame
                0x00002dac       0xc6 stack/nwk/src/nwkDataReq.o
 .text.nwkDataReqTxConf
                0x00002e72       0x38 stack/nwk/src/nwkDataReq.o
 .text.nwkDataReqInit
                0x00002eaa        0xa stack/nwk/src/nwkDataReq.o
                0x00002eaa                nwkDataReqInit
 .text.NWK_DataReq
                0x00002eb4       0x48 stack/nwk/src/nwkDataReq.o
                0x00002eb4                NWK_DataReq
 .text.nwkDataReqTaskHandler
                0x00002efc       0x2e stack/nwk/src/nwkDataReq.o
                0x00002efc                nwkDataReqTaskHandler
 .text.nwkFrameInit
                0x00002f2a       0x1a stack/nwk/src/nwkFrame.o
                0x00002f2a                nwkFrameInit
 .text.nwkFrameAlloc
                0x00002f44       0x62 stack/nwk/src/nwkFrame.o
                0x00002f44                nwkFrameAlloc
 .text.nwkFrameFree
                0x00002fa6       0x14 stack/nwk/src/nwkFrame.o
                0x00002fa6                nwkFrameFree
 .text.nwkFrameNext
                0x00002fba       0x30 stack/nwk/src/nwkFrame.o
                0x00002fba                nwkFrameNext
 .text.nwkFrameCommandInit
                0x00002fea       0x28 stack/nwk/src/nwkFrame.o
                0x00002fea                nwkFrameCommandInit
 .text.nwkRouteNormalizeRanks
                0x00003012       0x2e stack/nwk/src/nwkRoute.o
 .text.nwkRouteSendRouteError
                0x00003040       0x5c stack/nwk/src/nwkRoute.o
 .text.nwkRouteInit
                0x0000309c       0x36 stack/nwk/src/nwkRoute.o
                0x0000309c                nwkRouteInit
 .text.NWK_RouteFindEntry
                0x000030d2       0x6c stack/nwk/src/nwkRoute.o
                0x000030d2                NWK_RouteFindEntry
 .text.NWK_RouteNewEntry
                0x0000313e       0x48 stack/nwk/src/nwkRoute.o
                0x0000313e                NWK_RouteNewEntry
 .text.NWK_RouteFreeEntry
                0x00003186       0x14 stack/nwk/src/nwkRoute.o
                0x00003186                NWK_RouteFreeEntry
 .text.NWK_RouteNextHop
                0x0000319a       0x14 stack/nwk/src/nwkRoute.o
                0x0000319a                NWK_RouteNextHop
 .text.nwkRouteRemove
                0x000031ae        0xa stack/nwk/src/nwkRoute.o
                0x000031ae                nwkRouteRemove
 .text.nwkRouteFrameReceived
                0x000031b8       0xc8 stack/nwk/src/nwkRoute.o
                0x000031b8                nwkRouteFrameReceived
 .text.nwkRouteFrameSent
                0x00003280       0x78 stack/nwk/src/nwkRoute.o
                0x00003280                nwkRouteFrameSent
 .text.nwkRoutePrepareTx
                0x000032f8       0x3e stack/nwk/src/nwkRoute.o
                0x000032f8                nwkRoutePrepareTx
 .text.nwkRouteFrame
                0x00003336       0x52 stack/nwk/src/nwkRoute.o
                0x00003336                nwkRouteFrame
 .text.nwkRouteErrorReceived
                0x00003388       0x22 stack/nwk/src/nwkRoute.o
                0x00003388                nwkRouteErrorReceived
 .text.nwkRxIndicateFrame
                0x000033aa      0x12c stack/nwk/src/nwkRx.o
 .text.nwkRxServiceDataInd
                0x000034d6       0x30 stack/nwk/src/nwkRx.o
 .text.nwkRxDuplicateRejectionTimerHandler
                0x00003506       0x4e stack/nwk/src/nwkRx.o
 .text.nwkRxRejectDuplicate
                0x00003554      0x14e stack/nwk/src/nwkRx.o
 .text.nwkRxHandleReceivedFrame
                0x000036a2       0xcc stack/nwk/src/nwkRx.o
 .text.nwkRxSendAck
                0x0000376e       0x68 stack/nwk/src/nwkRx.o
 .text.nwkRxHandleIndication
                0x000037d6       0x60 stack/nwk/src/nwkRx.o
 .text.nwkRxInit
                0x00003836       0x4c stack/nwk/src/nwkRx.o
                0x00003836                nwkRxInit
 .text.PHY_DataInd
                0x00003882       0x5a stack/nwk/src/nwkRx.o
                0x00003882                PHY_DataInd
 .text.nwkRxTaskHandler
                0x000038dc       0x48 stack/nwk/src/nwkRx.o
                0x000038dc                nwkRxTaskHandler
 .text.nwkTxConvertPhyStatus
                0x00003924       0x1c stack/nwk/src/nwkTx.o
 .text.nwkTxDelayTimerHandler
                0x00003940       0x4e stack/nwk/src/nwkTx.o
 .text.nwkTxInit
                0x0000398e       0x46 stack/nwk/src/nwkTx.o
                0x0000398e                nwkTxInit
 .text.nwkTxFrame
                0x000039d4       0xa4 stack/nwk/src/nwkTx.o
                0x000039d4                nwkTxFrame
 .text.nwkTxBroadcastFrame
                0x00003a78       0x88 stack/nwk/src/nwkTx.o
                0x00003a78                nwkTxBroadcastFrame
 .text.nwkTxAckReceived
                0x00003b00       0x48 stack/nwk/src/nwkTx.o
                0x00003b00                nwkTxAckReceived
 .text.nwkTxConfirm
                0x00003b48        0xe stack/nwk/src/nwkTx.o
                0x00003b48                nwkTxConfirm
 .text.nwkTxAckWaitTimerHandler
                0x00003b56       0x58 stack/nwk/src/nwkTx.o
 .text.PHY_DataConf
                0x00003bae       0x36 stack/nwk/src/nwkTx.o
                0x00003bae                PHY_DataConf
 .text.nwkTxTaskHandler
                0x00003be4       0xec stack/nwk/src/nwkTx.o
                0x00003be4                nwkTxTaskHandler
 .text.phySetChannel
                0x00003cd0       0x3c stack/phy/atmega256rfr2/src/phy.o
 .text.phyTrxSetState
                0x00003d0c       0x20 stack/phy/atmega256rfr2/src/phy.o
 .text.phySetRxState
                0x00003d2c       0x18 stack/phy/atmega256rfr2/src/phy.o
 .text.PHY_Init
                0x00003d44       0x2e stack/phy/atmega256rfr2/src/phy.o
                0x00003d44                PHY_Init
 .text.PHY_SetRxState
                0x00003d72        0x8 stack/phy/atmega256rfr2/src/phy.o
                0x00003d72                PHY_SetRxState
 .text.PHY_SetChannel
                0x00003d7a        0x8 stack/phy/atmega256rfr2/src/phy.o
                0x00003d7a                PHY_SetChannel
 .text.PHY_SetPanId
                0x00003d82       0x24 stack/phy/atmega256rfr2/src/phy.o
                0x00003d82                PHY_SetPanId
 .text.PHY_SetShortAddr
                0x00003da6       0x2e stack/phy/atmega256rfr2/src/phy.o
                0x00003da6                PHY_SetShortAddr
 .text.PHY_DataReq
                0x00003dd4       0x4e stack/phy/atmega256rfr2/src/phy.o
                0x00003dd4                PHY_DataReq
 .text.PHY_TaskHandler
                0x00003e22       0xf2 stack/phy/atmega256rfr2/src/phy.o
                0x00003e22                PHY_TaskHandler
 .text.SYS_Init
                0x00003f14        0xe stack/sys/src/sys.o
                0x00003f14                SYS_Init
 .text.SYS_TaskHandler
                0x00003f22        0xa stack/sys/src/sys.o
                0x00003f22                SYS_TaskHandler
 .text.placeTimer
                0x00003f2c       0xae stack/sys/src/sysTimer.o
 .text.SYS_TimerInit
                0x00003fda        0xa stack/sys/src/sysTimer.o
                0x00003fda                SYS_TimerInit
 .text.SYS_TimerStop
                0x00003fe4       0x72 stack/sys/src/sysTimer.o
                0x00003fe4                SYS_TimerStop
 .text.SYS_TimerStarted
                0x00004056       0x22 stack/sys/src/sysTimer.o
                0x00004056                SYS_TimerStarted
 .text.SYS_TimerStart
                0x00004078       0x16 stack/sys/src/sysTimer.o
                0x00004078                SYS_TimerStart
 .text.SYS_TimerTaskHandler
                0x0000408e       0xbe stack/sys/src/sysTimer.o
                0x0000408e                SYS_TimerTaskHandler
 .text.UART_init
                0x0000414c       0x30 uart/uart.o
                0x0000414c                UART_init
 .text.printCHAR
                0x0000417c       0x12 uart/uart.o
                0x0000417c                printCHAR
 .text.avr-libc
                0x0000418e      0x712 c:/apps/atmel/studio/7.0/toolchain/avr8/avr8-gnu-toolchain/bin/../lib/gcc/avr/5.4.0/../../../../avr/lib/avr6\libprintf_flt.a(vfprintf_flt.o)
                0x0000418e                vfprintf
 .text.libgcc.div
                0x000048a0       0x44 c:/apps/atmel/studio/7.0/toolchain/avr8/avr8-gnu-toolchain/bin/../lib/gcc/avr/5.4.0/avr6\libgcc.a(_udivmodsi4.o)
                0x000048a0                __udivmodsi4
 .text.libgcc.div
                0x000048e4       0x28 c:/apps/atmel/studio/7.0/toolchain/avr8/avr8-gnu-toolchain/bin/../lib/gcc/avr/5.4.0/avr6\libgcc.a(_divmodsi4.o)
                0x000048e4                __divmodsi4
 .text.libgcc.div
                0x0000490c       0x10 c:/apps/atmel/studio/7.0/toolchain/avr8/avr8-gnu-toolchain/bin/../lib/gcc/avr/5.4.0/avr6\libgcc.a(_negsi2.o)
                0x0000490c                __negsi2
 .text.libgcc   0x0000491c       0x10 c:/apps/atmel/studio/7.0/toolchain/avr8/avr8-gnu-toolchain/bin/../lib/gcc/avr/5.4.0/avr6\libgcc.a(_tablejump2.o)
                0x0000491c                __tablejump2__
 .text.avr-libc
                0x0000492c       0xaa c:/apps/atmel/studio/7.0/toolchain/avr8/avr8-gnu-toolchain/bin/../lib/gcc/avr/5.4.0/../../../../avr/lib/avr6\libc.a(rand.o)
                0x000049b8                rand_r
                0x000049ba                rand
                0x000049c0                srand
 .text.avr-libc
                0x000049d6      0x1b0 c:/apps/atmel/studio/7.0/toolchain/avr8/avr8-gnu-toolchain/bin/../lib/gcc/avr/5.4.0/../../../../avr/lib/avr6\libc.a(ftoa_engine.o)
                0x000049d6                __ftoa_engine
 .text.avr-libc
                0x00004b86       0x16 c:/apps/atmel/studio/7.0/toolchain/avr8/avr8-gnu-toolchain/bin/../lib/gcc/avr/5.4.0/../../../../avr/lib/avr6\libc.a(strnlen_P.o)
                0x00004b86                strnlen_P
 .text.avr-libc
                0x00004b9c       0x12 c:/apps/atmel/studio/7.0/toolchain/avr8/avr8-gnu-toolchain/bin/../lib/gcc/avr/5.4.0/../../../../avr/lib/avr6\libc.a(memcpy.o)
                0x00004b9c                memcpy
 .text.avr-libc
                0x00004bae       0x16 c:/apps/atmel/studio/7.0/toolchain/avr8/avr8-gnu-toolchain/bin/../lib/gcc/avr/5.4.0/../../../../avr/lib/avr6\libc.a(strnlen.o)
                0x00004bae                strnlen
 .text.avr-libc
                0x00004bc4       0x78 c:/apps/atmel/studio/7.0/toolchain/avr8/avr8-gnu-toolchain/bin/../lib/gcc/avr/5.4.0/../../../../avr/lib/avr6\libc.a(fputc.o)
                0x00004bc4                fputc
 .text.avr-libc
                0x00004c3c       0x26 c:/apps/atmel/studio/7.0/toolchain/avr8/avr8-gnu-toolchain/bin/../lib/gcc/avr/5.4.0/../../../../avr/lib/avr6\libc.a(printf.o)
                0x00004c3c                printf
 .text.avr-libc
                0x00004c62       0x4e c:/apps/atmel/studio/7.0/toolchain/avr8/avr8-gnu-toolchain/bin/../lib/gcc/avr/5.4.0/../../../../avr/lib/avr6\libc.a(printf_p.o)
                0x00004c62                printf_P
 .text.avr-libc
                0x00004cb0       0xbc c:/apps/atmel/studio/7.0/toolchain/avr8/avr8-gnu-toolchain/bin/../lib/gcc/avr/5.4.0/../../../../avr/lib/avr6\libc.a(ultoa_invert.o)
                0x00004cb0                __ultoa_invert
 .text.libgcc.mul
                0x00004d6c       0x14 c:/apps/atmel/studio/7.0/toolchain/avr8/avr8-gnu-toolchain/bin/../lib/gcc/avr/5.4.0/avr6\libgcc.a(_muluhisi3.o)
                0x00004d6c                __muluhisi3
 .text.libgcc.mul
                0x00004d80        0xc c:/apps/atmel/studio/7.0/toolchain/avr8/avr8-gnu-toolchain/bin/../lib/gcc/avr/5.4.0/avr6\libgcc.a(_mulshisi3.o)
                0x00004d80                __mulshisi3
                0x00004d84                __mulohisi3
 .text.libgcc.mul
                0x00004d8c       0x1e c:/apps/atmel/studio/7.0/toolchain/avr8/avr8-gnu-toolchain/bin/../lib/gcc/avr/5.4.0/avr6\libgcc.a(_umulhisi3.o)
                0x00004d8c                __umulhisi3
                0x00004daa                . = ALIGN (0x2)
 *(.fini9)
 .fini9         0x00004daa        0x0 c:/apps/atmel/studio/7.0/toolchain/avr8/avr8-gnu-toolchain/bin/../lib/gcc/avr/5.4.0/avr6\libgcc.a(_exit.o)
                0x00004daa                _exit
                0x00004daa                exit
 *(.fini9)
 *(.fini8)
 *(.fini8)
 *(.fini7)
 *(.fini7)
 *(.fini6)
 *(.fini6)
 *(.fini5)
 *(.fini5)
 *(.fini4)
 *(.fini4)
 *(.fini3)
 *(.fini3)
 *(.fini2)
 *(.fini2)
 *(.fini1)
 *(.fini1)
 *(.fini0)
 .fini0         0x00004daa        0x4 c:/apps/atmel/studio/7.0/toolchain/avr8/avr8-gnu-toolchain/bin/../lib/gcc/avr/5.4.0/avr6\libgcc.a(_exit.o)
 *(.fini0)
                0x00004dae                _etext = .

.data           0x00800200      0x246 load address 0x00004dae
                0x00800200                PROVIDE (__data_start, .)
 *(.data)
 .data          0x00800200        0x4 c:/apps/atmel/studio/7.0/toolchain/avr8/avr8-gnu-toolchain/bin/../lib/gcc/avr/5.4.0/../../../../avr/lib/avr6\libc.a(rand.o)
 *(.data*)
 .data.sock_any_port
                0x00800204        0x2 Ethernet/socket.o
 .data.WIZCHIP  0x00800206       0x18 Ethernet/wizchip_conf.o
                0x00800206                WIZCHIP
 .data.text.2676
                0x0080021e        0x5 lwm/lwm.o
 .data.test     0x00800223        0xa main.o
                0x00800223                test
 .data.uart_str
                0x0080022d        0xe main.o
                0x0080022d                uart_str
 .data.netInfo  0x0080023b       0x17 main.o
                0x0080023b                netInfo
 .data.ping_ip  0x00800252        0x4 main.o
                0x00800252                ping_ip
 *(.gnu.linkonce.d*)
 *(.rodata)
 .rodata        0x00800256        0x8 main.o
 *(.rodata*)
 .rodata.str1.1
                0x0080025e      0x109 Application/loopback/loopback.o
 .rodata.str1.1
                0x00800367       0xdf main.o
 *(.gnu.linkonce.r*)
                0x00800446                . = ALIGN (0x2)
                0x00800446                _edata = .
                0x00800446                PROVIDE (__data_end, .)

.bss            0x00800446     0x16ca
                0x00800446                PROVIDE (__bss_start, .)
 *(.bss)
 *(.bss*)
 .bss.sock_pack_info
                0x00800446        0x8 Ethernet/socket.o
                0x00800446                sock_pack_info
 .bss.sock_remained_size
                0x0080044e       0x10 Ethernet/socket.o
 .bss.sock_is_sending
                0x0080045e        0x2 Ethernet/socket.o
 .bss.sock_io_mode
                0x00800460        0x2 Ethernet/socket.o
 .bss._DHCP_    0x00800462        0x1 Ethernet/wizchip_conf.o
 .bss._DNS_     0x00800463        0x4 Ethernet/wizchip_conf.o
 .bss.appUartBufferPtr
                0x00800467        0x1 lwm/lwm.o
 .bss.appDataReqBuffer
                0x00800468       0x6d lwm/lwm.o
 .bss.appDataReqBusy
                0x008004d5        0x1 lwm/lwm.o
 .bss.appDataReq
                0x008004d6       0x11 lwm/lwm.o
 .bss.appTimer  0x008004e7        0xd lwm/lwm.o
 .bss.appState  0x008004f4        0x1 lwm/lwm.o
 .bss.data_ready
                0x008004f5        0x1 main.o
                0x008004f5                data_ready
 .bss.buffer    0x008004f6       0x1e main.o
                0x008004f6                buffer
 .bss.halSleepTimerEvent
                0x00800514        0x1 stack/hal/drivers/atmega256rfr2/src/halSleep.o
 .bss.newData   0x00800515        0x1 stack/hal/drivers/atmega256rfr2/src/halUart.o
 .bss.udrEmpty  0x00800516        0x1 stack/hal/drivers/atmega256rfr2/src/halUart.o
 .bss.rxFifo    0x00800517        0xa stack/hal/drivers/atmega256rfr2/src/halUart.o
 .bss.txFifo    0x00800521        0xa stack/hal/drivers/atmega256rfr2/src/halUart.o
 .bss.nwkDataReqQueue
                0x0080052b        0x2 stack/nwk/src/nwkDataReq.o
 .bss.nwkFrameFrames
                0x0080052d     0x100e stack/nwk/src/nwkFrame.o
 .bss.nwkRouteTable
                0x0080153b      0x2bc stack/nwk/src/nwkRoute.o
 .bss.nwkRxDuplicateRejectionTimer
                0x008017f7        0xd stack/nwk/src/nwkRx.o
 .bss.nwkRxAckControl
                0x00801804        0x1 stack/nwk/src/nwkRx.o
 .bss.nwkRxDuplicateRejectionTable
                0x00801805       0x32 stack/nwk/src/nwkRx.o
 .bss.nwkTxDelayTimer
                0x00801837        0xd stack/nwk/src/nwkTx.o
 .bss.nwkTxAckWaitTimer
                0x00801844        0xd stack/nwk/src/nwkTx.o
 .bss.nwkTxPhyActiveFrame
                0x00801851        0x2 stack/nwk/src/nwkTx.o
 .bss.phyBand   0x00801853        0x1 stack/phy/atmega256rfr2/src/phy.o
 .bss.phyChannel
                0x00801854        0x1 stack/phy/atmega256rfr2/src/phy.o
 .bss.phyRxState
                0x00801855        0x1 stack/phy/atmega256rfr2/src/phy.o
 .bss.phyRxBuffer
                0x00801856       0x80 stack/phy/atmega256rfr2/src/phy.o
 .bss.phyState  0x008018d6        0x1 stack/phy/atmega256rfr2/src/phy.o
 .bss.timers    0x008018d7        0x2 stack/sys/src/sysTimer.o
 *(COMMON)
 COMMON         0x008018d9      0x204 main.o
                0x008018d9                ethBuf1
                0x008019d9                _millis
                0x008019dd                ethBuf0
 COMMON         0x00801add        0x1 stack/hal/atmega256rfr2/src/halTimer.o
                0x00801add                halTimerIrqCount
 COMMON         0x00801ade       0x28 stack/nwk/src/nwk.o
                0x00801ade                nwkIb
 COMMON         0x00801b06        0x4 c:/apps/atmel/studio/7.0/toolchain/avr8/avr8-gnu-toolchain/bin/../lib/gcc/avr/5.4.0/../../../../avr/lib/avr6\libc.a(malloc.o)
                0x00801b06                __brkval
                0x00801b08                __flp
 COMMON         0x00801b0a        0x6 c:/apps/atmel/studio/7.0/toolchain/avr8/avr8-gnu-toolchain/bin/../lib/gcc/avr/5.4.0/../../../../avr/lib/avr6\libc.a(iob.o)
                0x00801b0a                __iob
                0x00801b10                PROVIDE (__bss_end, .)
                0x00004dae                __data_load_start = LOADADDR (.data)
                0x00004ff4                __data_load_end = (__data_load_start + SIZEOF (.data))

.noinit         0x00801b10        0x1
                [!provide]                PROVIDE (__noinit_start, .)
 *(.noinit*)
 .noinit        0x00801b10        0x1 main.o
                0x00801b10                mcucsr_mirror
                [!provide]                PROVIDE (__noinit_end, .)
                0x00801b11                _end = .
                0x00801b11                PROVIDE (__heap_start, .)

.eeprom         0x00810000        0x0
 *(.eeprom*)
                0x00810000                __eeprom_end = .

.fuse
 *(.fuse)
 *(.lfuse)
 *(.hfuse)
 *(.efuse)

.lock
 *(.lock*)

.signature
 *(.signature*)

.user_signatures
 *(.user_signatures*)

.stab
 *(.stab)

.stabstr
 *(.stabstr)

.stab.excl
 *(.stab.excl)

.stab.exclstr
 *(.stab.exclstr)

.stab.index
 *(.stab.index)

.stab.indexstr
 *(.stab.indexstr)

.comment        0x00000000       0x5c
 *(.comment)
 .comment       0x00000000       0x30 Application/loopback/loopback.o
                                 0x31 (size before relaxing)
 .comment       0x00000030       0x31 Ethernet/socket.o
 .comment       0x00000030       0x31 Ethernet/W5500/w5500.o
 .comment       0x00000030       0x31 Ethernet/wizchip_conf.o
 .comment       0x00000030       0x31 lwm/lwm.o
 .comment       0x00000030       0x31 main.o
 .comment       0x00000030       0x31 spi/spi.o
 .comment       0x00000030       0x31 stack/hal/atmega256rfr2/src/hal.o
 .comment       0x00000030       0x31 stack/hal/atmega256rfr2/src/halTimer.o
 .comment       0x00000030       0x31 stack/hal/drivers/atmega256rfr2/src/halSleep.o
 .comment       0x00000030       0x31 stack/hal/drivers/atmega256rfr2/src/halUart.o
 .comment       0x00000030       0x31 stack/nwk/src/nwk.o
 .comment       0x00000030       0x31 stack/nwk/src/nwkDataReq.o
 .comment       0x00000030       0x31 stack/nwk/src/nwkFrame.o
 .comment       0x00000030       0x31 stack/nwk/src/nwkRoute.o
 .comment       0x00000030       0x31 stack/nwk/src/nwkRx.o
 .comment       0x00000030       0x31 stack/nwk/src/nwkTx.o
 .comment       0x00000030       0x31 stack/phy/atmega256rfr2/src/phy.o
 .comment       0x00000030       0x31 stack/sys/src/sys.o
 .comment       0x00000030       0x31 stack/sys/src/sysTimer.o
 .comment       0x00000030       0x31 uart/uart.o
 .comment       0x00000030       0x2c c:/apps/atmel/studio/7.0/toolchain/avr8/avr8-gnu-toolchain/bin/../lib/gcc/avr/5.4.0/../../../../avr/lib/avr6\libprintf_flt.a(vfprintf_flt.o)
                                 0x2d (size before relaxing)
 .comment       0x0000005c       0x31 c:/apps/atmel/studio/7.0/toolchain/avr8/avr8-gnu-toolchain/bin/../lib/gcc/avr/5.4.0/../../../../avr/lib/avr6\libc.a(malloc.o)
 .comment       0x0000005c       0x31 c:/apps/atmel/studio/7.0/toolchain/avr8/avr8-gnu-toolchain/bin/../lib/gcc/avr/5.4.0/../../../../avr/lib/avr6\libc.a(rand.o)
 .comment       0x0000005c       0x31 c:/apps/atmel/studio/7.0/toolchain/avr8/avr8-gnu-toolchain/bin/../lib/gcc/avr/5.4.0/../../../../avr/lib/avr6\libc.a(fputc.o)
 .comment       0x0000005c       0x31 c:/apps/atmel/studio/7.0/toolchain/avr8/avr8-gnu-toolchain/bin/../lib/gcc/avr/5.4.0/../../../../avr/lib/avr6\libc.a(iob.o)
 .comment       0x0000005c       0x31 c:/apps/atmel/studio/7.0/toolchain/avr8/avr8-gnu-toolchain/bin/../lib/gcc/avr/5.4.0/../../../../avr/lib/avr6\libc.a(printf.o)
 .comment       0x0000005c       0x31 c:/apps/atmel/studio/7.0/toolchain/avr8/avr8-gnu-toolchain/bin/../lib/gcc/avr/5.4.0/../../../../avr/lib/avr6\libc.a(printf_p.o)

.note.gnu.avr.deviceinfo
                0x00000000       0x40
 .note.gnu.avr.deviceinfo
                0x00000000       0x40 C:/Apps/Atmel/Studio/7.0/Packs/atmel/ATmega_DFP/1.7.374/gcc/dev/atmega256rfr2/avr6/crtatmega256rfr2.o

.note.gnu.build-id
 *(.note.gnu.build-id)

.debug
 *(.debug)

.line
 *(.line)

.debug_srcinfo
 *(.debug_srcinfo)

.debug_sfnames
 *(.debug_sfnames)

.debug_aranges  0x00000000      0x7a8
 *(.debug_aranges)
 .debug_aranges
                0x00000000       0x30 Application/loopback/loopback.o
 .debug_aranges
                0x00000030       0x78 Ethernet/socket.o
 .debug_aranges
                0x000000a8       0x60 Ethernet/W5500/w5500.o
 .debug_aranges
                0x00000108      0x138 Ethernet/wizchip_conf.o
 .debug_aranges
                0x00000240       0x58 lwm/lwm.o
 .debug_aranges
                0x00000298       0x90 main.o
 .debug_aranges
                0x00000328       0x20 spi/spi.o
 .debug_aranges
                0x00000348       0x28 stack/hal/atmega256rfr2/src/hal.o
 .debug_aranges
                0x00000370       0x30 stack/hal/atmega256rfr2/src/halTimer.o
 .debug_aranges
                0x000003a0       0x28 stack/hal/drivers/atmega256rfr2/src/halSleep.o
 .debug_aranges
                0x000003c8       0x48 stack/hal/drivers/atmega256rfr2/src/halUart.o
 .debug_aranges
                0x00000410       0x70 stack/nwk/src/nwk.o
 .debug_aranges
                0x00000480       0x48 stack/nwk/src/nwkDataReq.o
 .debug_aranges
                0x000004c8       0x40 stack/nwk/src/nwkFrame.o
 .debug_aranges
                0x00000508       0x90 stack/nwk/src/nwkRoute.o
 .debug_aranges
                0x00000598       0x70 stack/nwk/src/nwkRx.o
 .debug_aranges
                0x00000608       0x68 stack/nwk/src/nwkTx.o
 .debug_aranges
                0x00000670       0x88 stack/phy/atmega256rfr2/src/phy.o
 .debug_aranges
                0x000006f8       0x28 stack/sys/src/sys.o
 .debug_aranges
                0x00000720       0x48 stack/sys/src/sysTimer.o
 .debug_aranges
                0x00000768       0x40 uart/uart.o

.debug_pubnames
 *(.debug_pubnames)

.debug_info     0x00000000     0xadd4
 *(.debug_info .gnu.linkonce.wi.*)
 .debug_info    0x00000000     0x13e6 C:/Apps/Atmel/Studio/7.0/Packs/atmel/ATmega_DFP/1.7.374/gcc/dev/atmega256rfr2/avr6/crtatmega256rfr2.o
 .debug_info    0x000013e6      0x5a9 Application/loopback/loopback.o
 .debug_info    0x0000198f     0x16df Ethernet/socket.o
 .debug_info    0x0000306e      0x9ed Ethernet/W5500/w5500.o
 .debug_info    0x00003a5b     0x165c Ethernet/wizchip_conf.o
 .debug_info    0x000050b7      0x739 lwm/lwm.o
 .debug_info    0x000057f0      0xd18 main.o
 .debug_info    0x00006508       0x83 spi/spi.o
 .debug_info    0x0000658b      0x128 stack/hal/atmega256rfr2/src/hal.o
 .debug_info    0x000066b3       0xe4 stack/hal/atmega256rfr2/src/halTimer.o
 .debug_info    0x00006797      0x184 stack/hal/drivers/atmega256rfr2/src/halSleep.o
 .debug_info    0x0000691b      0x31a stack/hal/drivers/atmega256rfr2/src/halUart.o
 .debug_info    0x00006c35      0x4ca stack/nwk/src/nwk.o
 .debug_info    0x000070ff      0x76c stack/nwk/src/nwkDataReq.o
 .debug_info    0x0000786b      0x572 stack/nwk/src/nwkFrame.o
 .debug_info    0x00007ddd      0xb45 stack/nwk/src/nwkRoute.o
 .debug_info    0x00008922      0xc0f stack/nwk/src/nwkRx.o
 .debug_info    0x00009531      0xa20 stack/nwk/src/nwkTx.o
 .debug_info    0x00009f51      0x7c4 stack/phy/atmega256rfr2/src/phy.o
 .debug_info    0x0000a715      0x140 stack/sys/src/sys.o
 .debug_info    0x0000a855      0x341 stack/sys/src/sysTimer.o
 .debug_info    0x0000ab96      0x23e uart/uart.o

.debug_abbrev   0x00000000     0x38da
 *(.debug_abbrev)
 .debug_abbrev  0x00000000     0x12d6 C:/Apps/Atmel/Studio/7.0/Packs/atmel/ATmega_DFP/1.7.374/gcc/dev/atmega256rfr2/avr6/crtatmega256rfr2.o
 .debug_abbrev  0x000012d6      0x162 Application/loopback/loopback.o
 .debug_abbrev  0x00001438      0x196 Ethernet/socket.o
 .debug_abbrev  0x000015ce      0x247 Ethernet/W5500/w5500.o
 .debug_abbrev  0x00001815      0x30b Ethernet/wizchip_conf.o
 .debug_abbrev  0x00001b20      0x209 lwm/lwm.o
 .debug_abbrev  0x00001d29      0x3e8 main.o
 .debug_abbrev  0x00002111       0x51 spi/spi.o
 .debug_abbrev  0x00002162       0xc3 stack/hal/atmega256rfr2/src/hal.o
 .debug_abbrev  0x00002225       0xaa stack/hal/atmega256rfr2/src/halTimer.o
 .debug_abbrev  0x000022cf       0xc6 stack/hal/drivers/atmega256rfr2/src/halSleep.o
 .debug_abbrev  0x00002395      0x16a stack/hal/drivers/atmega256rfr2/src/halUart.o
 .debug_abbrev  0x000024ff      0x1b3 stack/nwk/src/nwk.o
 .debug_abbrev  0x000026b2      0x22a stack/nwk/src/nwkDataReq.o
 .debug_abbrev  0x000028dc      0x183 stack/nwk/src/nwkFrame.o
 .debug_abbrev  0x00002a5f      0x2e6 stack/nwk/src/nwkRoute.o
 .debug_abbrev  0x00002d45      0x361 stack/nwk/src/nwkRx.o
 .debug_abbrev  0x000030a6      0x2b1 stack/nwk/src/nwkTx.o
 .debug_abbrev  0x00003357      0x230 stack/phy/atmega256rfr2/src/phy.o
 .debug_abbrev  0x00003587       0x63 stack/sys/src/sys.o
 .debug_abbrev  0x000035ea      0x19b stack/sys/src/sysTimer.o
 .debug_abbrev  0x00003785      0x155 uart/uart.o

.debug_line     0x00000000     0x5091
 *(.debug_line .debug_line.* .debug_line_end)
 .debug_line    0x00000000      0x272 C:/Apps/Atmel/Studio/7.0/Packs/atmel/ATmega_DFP/1.7.374/gcc/dev/atmega256rfr2/avr6/crtatmega256rfr2.o
 .debug_line    0x00000272      0x371 Application/loopback/loopback.o
 .debug_line    0x000005e3      0xb7d Ethernet/socket.o
 .debug_line    0x00001160      0x3dc Ethernet/W5500/w5500.o
 .debug_line    0x0000153c      0x9fb Ethernet/wizchip_conf.o
 .debug_line    0x00001f37      0x306 lwm/lwm.o
 .debug_line    0x0000223d      0x64a main.o
 .debug_line    0x00002887       0xb7 spi/spi.o
 .debug_line    0x0000293e      0x167 stack/hal/atmega256rfr2/src/hal.o
 .debug_line    0x00002aa5      0x11e stack/hal/atmega256rfr2/src/halTimer.o
 .debug_line    0x00002bc3      0x1a8 stack/hal/drivers/atmega256rfr2/src/halSleep.o
 .debug_line    0x00002d6b      0x2b5 stack/hal/drivers/atmega256rfr2/src/halUart.o
 .debug_line    0x00003020      0x2c6 stack/nwk/src/nwk.o
 .debug_line    0x000032e6      0x293 stack/nwk/src/nwkDataReq.o
 .debug_line    0x00003579      0x1e6 stack/nwk/src/nwkFrame.o
 .debug_line    0x0000375f      0x52d stack/nwk/src/nwkRoute.o
 .debug_line    0x00003c8c      0x65f stack/nwk/src/nwkRx.o
 .debug_line    0x000042eb      0x490 stack/nwk/src/nwkTx.o
 .debug_line    0x0000477b      0x3cf stack/phy/atmega256rfr2/src/phy.o
 .debug_line    0x00004b4a      0x108 stack/sys/src/sys.o
 .debug_line    0x00004c52      0x2e7 stack/sys/src/sysTimer.o
 .debug_line    0x00004f39      0x158 uart/uart.o

.debug_frame    0x00000000     0x1858
 *(.debug_frame)
 .debug_frame   0x00000000      0x19c Application/loopback/loopback.o
 .debug_frame   0x0000019c      0x3a0 Ethernet/socket.o
 .debug_frame   0x0000053c      0x334 Ethernet/W5500/w5500.o
 .debug_frame   0x00000870      0x320 Ethernet/wizchip_conf.o
 .debug_frame   0x00000b90       0xb8 lwm/lwm.o
 .debug_frame   0x00000c48      0x1d4 main.o
 .debug_frame   0x00000e1c       0x24 spi/spi.o
 .debug_frame   0x00000e40       0x34 stack/hal/atmega256rfr2/src/hal.o
 .debug_frame   0x00000e74       0x54 stack/hal/atmega256rfr2/src/halTimer.o
 .debug_frame   0x00000ec8       0x44 stack/hal/drivers/atmega256rfr2/src/halSleep.o
 .debug_frame   0x00000f0c       0xe4 stack/hal/drivers/atmega256rfr2/src/halUart.o
 .debug_frame   0x00000ff0       0xd4 stack/nwk/src/nwk.o
 .debug_frame   0x000010c4       0x88 stack/nwk/src/nwkDataReq.o
 .debug_frame   0x0000114c       0x64 stack/nwk/src/nwkFrame.o
 .debug_frame   0x000011b0      0x19c stack/nwk/src/nwkRoute.o
 .debug_frame   0x0000134c      0x148 stack/nwk/src/nwkRx.o
 .debug_frame   0x00001494      0x124 stack/nwk/src/nwkTx.o
 .debug_frame   0x000015b8      0x13c stack/phy/atmega256rfr2/src/phy.o
 .debug_frame   0x000016f4       0x34 stack/sys/src/sys.o
 .debug_frame   0x00001728       0xc0 stack/sys/src/sysTimer.o
 .debug_frame   0x000017e8       0x70 uart/uart.o

.debug_str      0x00000000     0x2bb2
 *(.debug_str)
 .debug_str     0x00000000      0x7f7 C:/Apps/Atmel/Studio/7.0/Packs/atmel/ATmega_DFP/1.7.374/gcc/dev/atmega256rfr2/avr6/crtatmega256rfr2.o
 .debug_str     0x000007f7      0x21a Application/loopback/loopback.o
                                0x275 (size before relaxing)
 .debug_str     0x00000a11      0x286 Ethernet/socket.o
                                0x48f (size before relaxing)
 .debug_str     0x00000c97       0xad Ethernet/W5500/w5500.o
                                0x2e5 (size before relaxing)
 .debug_str     0x00000d44      0x660 Ethernet/wizchip_conf.o
                                0x8e9 (size before relaxing)
 .debug_str     0x000013a4      0x316 lwm/lwm.o
                                0x4c5 (size before relaxing)
 .debug_str     0x000016ba      0x24b main.o
                                0x63b (size before relaxing)
 .debug_str     0x00001905        0xd spi/spi.o
                                0x17a (size before relaxing)
 .debug_str     0x00001912       0x55 stack/hal/atmega256rfr2/src/hal.o
                                0x1d7 (size before relaxing)
 .debug_str     0x00001967       0x47 stack/hal/atmega256rfr2/src/halTimer.o
                                0x1d1 (size before relaxing)
 .debug_str     0x000019ae       0x97 stack/hal/drivers/atmega256rfr2/src/halSleep.o
                                0x21c (size before relaxing)
 .debug_str     0x00001a45       0x9e stack/hal/drivers/atmega256rfr2/src/halUart.o
                                0x29a (size before relaxing)
 .debug_str     0x00001ae3      0x152 stack/nwk/src/nwk.o
                                0x35e (size before relaxing)
 .debug_str     0x00001c35      0x2a9 stack/nwk/src/nwkDataReq.o
                                0x58d (size before relaxing)
 .debug_str     0x00001ede       0x61 stack/nwk/src/nwkFrame.o
                                0x42c (size before relaxing)
 .debug_str     0x00001f3f      0x1fa stack/nwk/src/nwkRoute.o
                                0x636 (size before relaxing)
 .debug_str     0x00002139      0x2b6 stack/nwk/src/nwkRx.o
                                0x76f (size before relaxing)
 .debug_str     0x000023ef      0x1c7 stack/nwk/src/nwkTx.o
                                0x6ff (size before relaxing)
 .debug_str     0x000025b6      0x518 stack/phy/atmega256rfr2/src/phy.o
                                0x79e (size before relaxing)
 .debug_str     0x00002ace       0x3a stack/sys/src/sys.o
                                0x1f9 (size before relaxing)
 .debug_str     0x00002b08       0x47 stack/sys/src/sysTimer.o
                                0x28e (size before relaxing)
 .debug_str     0x00002b4f       0x63 uart/uart.o
                                0x20c (size before relaxing)

.debug_loc      0x00000000     0x6ef5
 *(.debug_loc)
 .debug_loc     0x00000000      0x7c8 Application/loopback/loopback.o
 .debug_loc     0x000007c8     0x1cb4 Ethernet/socket.o
 .debug_loc     0x0000247c      0xd54 Ethernet/W5500/w5500.o
 .debug_loc     0x000031d0      0xebd Ethernet/wizchip_conf.o
 .debug_loc     0x0000408d      0x1c0 lwm/lwm.o
 .debug_loc     0x0000424d      0x6bc main.o
 .debug_loc     0x00004909       0x21 stack/hal/atmega256rfr2/src/hal.o
 .debug_loc     0x0000492a       0x62 stack/hal/atmega256rfr2/src/halTimer.o
 .debug_loc     0x0000498c      0x137 stack/hal/drivers/atmega256rfr2/src/halSleep.o
 .debug_loc     0x00004ac3      0x212 stack/hal/drivers/atmega256rfr2/src/halUart.o
 .debug_loc     0x00004cd5      0x12a stack/nwk/src/nwk.o
 .debug_loc     0x00004dff      0x1a3 stack/nwk/src/nwkDataReq.o
 .debug_loc     0x00004fa2       0xf5 stack/nwk/src/nwkFrame.o
 .debug_loc     0x00005097      0x8e9 stack/nwk/src/nwkRoute.o
 .debug_loc     0x00005980      0x874 stack/nwk/src/nwkRx.o
 .debug_loc     0x000061f4      0x5ad stack/nwk/src/nwkTx.o
 .debug_loc     0x000067a1      0x332 stack/phy/atmega256rfr2/src/phy.o
 .debug_loc     0x00006ad3      0x386 stack/sys/src/sysTimer.o
 .debug_loc     0x00006e59       0x9c uart/uart.o

.debug_macinfo
 *(.debug_macinfo)

.debug_weaknames
 *(.debug_weaknames)

.debug_funcnames
 *(.debug_funcnames)

.debug_typenames
 *(.debug_typenames)

.debug_varnames
 *(.debug_varnames)

.debug_pubtypes
 *(.debug_pubtypes)

.debug_ranges   0x00000000      0x738
 *(.debug_ranges)
 .debug_ranges  0x00000000       0x20 Application/loopback/loopback.o
 .debug_ranges  0x00000020       0x80 Ethernet/socket.o
 .debug_ranges  0x000000a0       0x50 Ethernet/W5500/w5500.o
 .debug_ranges  0x000000f0      0x128 Ethernet/wizchip_conf.o
 .debug_ranges  0x00000218       0x48 lwm/lwm.o
 .debug_ranges  0x00000260       0x80 main.o
 .debug_ranges  0x000002e0       0x10 spi/spi.o
 .debug_ranges  0x000002f0       0x18 stack/hal/atmega256rfr2/src/hal.o
 .debug_ranges  0x00000308       0x20 stack/hal/atmega256rfr2/src/halTimer.o
 .debug_ranges  0x00000328       0x18 stack/hal/drivers/atmega256rfr2/src/halSleep.o
 .debug_ranges  0x00000340       0x38 stack/hal/drivers/atmega256rfr2/src/halUart.o
 .debug_ranges  0x00000378       0x78 stack/nwk/src/nwk.o
 .debug_ranges  0x000003f0       0x38 stack/nwk/src/nwkDataReq.o
 .debug_ranges  0x00000428       0x30 stack/nwk/src/nwkFrame.o
 .debug_ranges  0x00000458       0x98 stack/nwk/src/nwkRoute.o
 .debug_ranges  0x000004f0       0xb0 stack/nwk/src/nwkRx.o
 .debug_ranges  0x000005a0       0x58 stack/nwk/src/nwkTx.o
 .debug_ranges  0x000005f8       0x78 stack/phy/atmega256rfr2/src/phy.o
 .debug_ranges  0x00000670       0x18 stack/sys/src/sys.o
 .debug_ranges  0x00000688       0x80 stack/sys/src/sysTimer.o
 .debug_ranges  0x00000708       0x30 uart/uart.o

.debug_macro
 *(.debug_macro)
OUTPUT(Project_LWM.elf elf32-avr)
LOAD linker stubs
