Archive member included to satisfy reference by file (symbol)

c:/apps/atmel/studio/7.0/toolchain/avr8/avr8-gnu-toolchain/bin/../lib/gcc/avr/5.4.0/../../../../avr/lib/avr6\libm.a(fixunssfsi.o)
                              main.o (__fixunssfsi)
c:/apps/atmel/studio/7.0/toolchain/avr8/avr8-gnu-toolchain/bin/../lib/gcc/avr/5.4.0/../../../../avr/lib/avr6\libm.a(floatsisf.o)
                              main.o (__floatunsisf)
c:/apps/atmel/studio/7.0/toolchain/avr8/avr8-gnu-toolchain/bin/../lib/gcc/avr/5.4.0/../../../../avr/lib/avr6\libm.a(fp_split3.o)
                              c:/apps/atmel/studio/7.0/toolchain/avr8/avr8-gnu-toolchain/bin/../lib/gcc/avr/5.4.0/../../../../avr/lib/avr6\libm.a(fixunssfsi.o) (__fp_splitA)
c:/apps/atmel/studio/7.0/toolchain/avr8/avr8-gnu-toolchain/bin/../lib/gcc/avr/5.4.0/../../../../avr/lib/avr6\libm.a(fp_zero.o)
                              c:/apps/atmel/studio/7.0/toolchain/avr8/avr8-gnu-toolchain/bin/../lib/gcc/avr/5.4.0/../../../../avr/lib/avr6\libm.a(fixunssfsi.o) (__fp_zero)
c:/apps/atmel/studio/7.0/toolchain/avr8/avr8-gnu-toolchain/bin/../lib/gcc/avr/5.4.0/../../../../avr/lib/avr6\libm.a(sqrt.o)
                              main.o (sqrt)
c:/apps/atmel/studio/7.0/toolchain/avr8/avr8-gnu-toolchain/bin/../lib/gcc/avr/5.4.0/../../../../avr/lib/avr6\libm.a(fp_mpack.o)
                              c:/apps/atmel/studio/7.0/toolchain/avr8/avr8-gnu-toolchain/bin/../lib/gcc/avr/5.4.0/../../../../avr/lib/avr6\libm.a(sqrt.o) (__fp_mpack)
c:/apps/atmel/studio/7.0/toolchain/avr8/avr8-gnu-toolchain/bin/../lib/gcc/avr/5.4.0/../../../../avr/lib/avr6\libm.a(fp_nan.o)
                              c:/apps/atmel/studio/7.0/toolchain/avr8/avr8-gnu-toolchain/bin/../lib/gcc/avr/5.4.0/../../../../avr/lib/avr6\libm.a(sqrt.o) (__fp_nan)
c:/apps/atmel/studio/7.0/toolchain/avr8/avr8-gnu-toolchain/bin/../lib/gcc/avr/5.4.0/../../../../avr/lib/avr6\libm.a(fp_norm2.o)
                              c:/apps/atmel/studio/7.0/toolchain/avr8/avr8-gnu-toolchain/bin/../lib/gcc/avr/5.4.0/../../../../avr/lib/avr6\libm.a(sqrt.o) (__fp_norm2)
c:/apps/atmel/studio/7.0/toolchain/avr8/avr8-gnu-toolchain/bin/../lib/gcc/avr/5.4.0/../../../../avr/lib/avr6\libprintf_flt.a(vfprintf_flt.o)
                              (vfprintf)
c:/apps/atmel/studio/7.0/toolchain/avr8/avr8-gnu-toolchain/bin/../lib/gcc/avr/5.4.0/avr6\libgcc.a(_udivmodsi4.o)
                              stack/hal/drivers/atmega256rfr2/src/halSleep.o (__udivmodsi4)
c:/apps/atmel/studio/7.0/toolchain/avr8/avr8-gnu-toolchain/bin/../lib/gcc/avr/5.4.0/avr6\libgcc.a(_divmodsi4.o)
                              uart/uart.o (__divmodsi4)
c:/apps/atmel/studio/7.0/toolchain/avr8/avr8-gnu-toolchain/bin/../lib/gcc/avr/5.4.0/avr6\libgcc.a(_negsi2.o)
                              c:/apps/atmel/studio/7.0/toolchain/avr8/avr8-gnu-toolchain/bin/../lib/gcc/avr/5.4.0/avr6\libgcc.a(_divmodsi4.o) (__negsi2)
c:/apps/atmel/studio/7.0/toolchain/avr8/avr8-gnu-toolchain/bin/../lib/gcc/avr/5.4.0/avr6\libgcc.a(_exit.o)
                              C:/Apps/Atmel/Studio/7.0/Packs/atmel/ATmega_DFP/1.7.374/gcc/dev/atmega256rfr2/avr6/crtatmega256rfr2.o (exit)
c:/apps/atmel/studio/7.0/toolchain/avr8/avr8-gnu-toolchain/bin/../lib/gcc/avr/5.4.0/avr6\libgcc.a(_tablejump2.o)
                              Ethernet/socket.o (__tablejump2__)
c:/apps/atmel/studio/7.0/toolchain/avr8/avr8-gnu-toolchain/bin/../lib/gcc/avr/5.4.0/avr6\libgcc.a(_copy_data.o)
                              Application/loopback/loopback.o (__do_copy_data)
c:/apps/atmel/studio/7.0/toolchain/avr8/avr8-gnu-toolchain/bin/../lib/gcc/avr/5.4.0/avr6\libgcc.a(_clear_bss.o)
                              Application/PING/ping.o (__do_clear_bss)
c:/apps/atmel/studio/7.0/toolchain/avr8/avr8-gnu-toolchain/bin/../lib/gcc/avr/5.4.0/avr6\libgcc.a(_muluhisi3.o)
                              Internet/MQTT/MQTTClient.o (__muluhisi3)
c:/apps/atmel/studio/7.0/toolchain/avr8/avr8-gnu-toolchain/bin/../lib/gcc/avr/5.4.0/avr6\libgcc.a(_umulhisi3.o)
                              c:/apps/atmel/studio/7.0/toolchain/avr8/avr8-gnu-toolchain/bin/../lib/gcc/avr/5.4.0/avr6\libgcc.a(_muluhisi3.o) (__umulhisi3)
c:/apps/atmel/studio/7.0/toolchain/avr8/avr8-gnu-toolchain/bin/../lib/gcc/avr/5.4.0/../../../../avr/lib/avr6\libc.a(malloc.o)
                              main.o (__brkval)
c:/apps/atmel/studio/7.0/toolchain/avr8/avr8-gnu-toolchain/bin/../lib/gcc/avr/5.4.0/../../../../avr/lib/avr6\libc.a(rand.o)
                              stack/nwk/src/nwkTx.o (rand)
c:/apps/atmel/studio/7.0/toolchain/avr8/avr8-gnu-toolchain/bin/../lib/gcc/avr/5.4.0/../../../../avr/lib/avr6\libc.a(atoi.o)
                              json/lexer.o (atoi)
c:/apps/atmel/studio/7.0/toolchain/avr8/avr8-gnu-toolchain/bin/../lib/gcc/avr/5.4.0/../../../../avr/lib/avr6\libc.a(ftoa_engine.o)
                              c:/apps/atmel/studio/7.0/toolchain/avr8/avr8-gnu-toolchain/bin/../lib/gcc/avr/5.4.0/../../../../avr/lib/avr6\libprintf_flt.a(vfprintf_flt.o) (__ftoa_engine)
[...]
Memory Configuration

Name             Origin             Length             Attributes
text             0x00000000         0x00040000         xr
data             0x00800200         0x00008000         rw !x
eeprom           0x00810000         0x00002000         rw !x
fuse             0x00820000         0x00000003         rw !x
lock             0x00830000         0x00000400         rw !x
signature        0x00840000         0x00000400         rw !x
user_signatures  0x00850000         0x00000400         rw !x
*default*        0x00000000         0xffffffff

Linker script and memory map

Address of section .data set to 0x800200
LOAD C:/Apps/Atmel/Studio/7.0/Packs/atmel/ATmega_DFP/1.7.374/gcc/dev/atmega256rfr2/avr6/crtatmega256rfr2.o
LOAD Application/loopback/loopback.o
LOAD Application/PING/ping.o
LOAD Ethernet/socket.o
LOAD Ethernet/W5500/w5500.o
LOAD Ethernet/wizchip_conf.o
LOAD Internet/MQTT/MQTTClient.o
LOAD Internet/MQTT/MQTTPacket/src/MQTTConnectClient.o
LOAD Internet/MQTT/MQTTPacket/src/MQTTConnectServer.o
LOAD Internet/MQTT/MQTTPacket/src/MQTTDeserializePublish.o
LOAD Internet/MQTT/MQTTPacket/src/MQTTFormat.o
LOAD Internet/MQTT/MQTTPacket/src/MQTTPacket.o
LOAD Internet/MQTT/MQTTPacket/src/MQTTSerializePublish.o
LOAD Internet/MQTT/MQTTPacket/src/MQTTSubscribeClient.o
LOAD Internet/MQTT/MQTTPacket/src/MQTTSubscribeServer.o
LOAD Internet/MQTT/MQTTPacket/src/MQTTUnsubscribeClient.o
LOAD Internet/MQTT/MQTTPacket/src/MQTTUnsubscribeServer.o
LOAD Internet/MQTT/mqtt_interface.o
LOAD json/json_decoder.o
LOAD json/lexer.o
LOAD json/mem_model.o
LOAD json/parser.o
LOAD lwm/lwm.o
LOAD main.o
LOAD spi/spi.o
LOAD stack/hal/atmega256rfr2/src/hal.o
LOAD stack/hal/atmega256rfr2/src/halTimer.o
LOAD stack/hal/drivers/atmega256rfr2/src/halSleep.o
LOAD stack/hal/drivers/atmega256rfr2/src/halUart.o
LOAD stack/nwk/src/nwk.o
LOAD stack/nwk/src/nwkDataReq.o
LOAD stack/nwk/src/nwkFrame.o
LOAD stack/nwk/src/nwkGroup.o
LOAD stack/nwk/src/nwkRoute.o
LOAD stack/nwk/src/nwkRouteDiscovery.o
LOAD stack/nwk/src/nwkRx.o
LOAD stack/nwk/src/nwkSecurity.o
LOAD stack/nwk/src/nwkTx.o
LOAD stack/phy/atmega256rfr2/src/phy.o
LOAD stack/sys/src/sys.o
LOAD stack/sys/src/sysEncrypt.o
LOAD stack/sys/src/sysTimer.o
LOAD uart/uart.o
START GROUP
LOAD c:/apps/atmel/studio/7.0/toolchain/avr8/avr8-gnu-toolchain/bin/../lib/gcc/avr/5.4.0/../../../../avr/lib/avr6\libm.a
END GROUP
LOAD c:/apps/atmel/studio/7.0/toolchain/avr8/avr8-gnu-toolchain/bin/../lib/gcc/avr/5.4.0/../../../../avr/lib/avr6\libprintf_flt.a
START GROUP
LOAD c:/apps/atmel/studio/7.0/toolchain/avr8/avr8-gnu-toolchain/bin/../lib/gcc/avr/5.4.0/avr6\libgcc.a
LOAD c:/apps/atmel/studio/7.0/toolchain/avr8/avr8-gnu-toolchain/bin/../lib/gcc/avr/5.4.0/../../../../avr/lib/avr6\libm.a
LOAD c:/apps/atmel/studio/7.0/toolchain/avr8/avr8-gnu-toolchain/bin/../lib/gcc/avr/5.4.0/../../../../avr/lib/avr6\libc.a
LOAD C:/Apps/Atmel/Studio/7.0/Packs/atmel/ATmega_DFP/1.7.374/gcc/dev/atmega256rfr2/avr6\libatmega256rfr2.a
END GROUP
                [0x00000000]                __TEXT_REGION_ORIGIN__ = DEFINED (__TEXT_REGION_ORIGIN__)?__TEXT_REGION_ORIGIN__:0x0
                [0x00800200]                __DATA_REGION_ORIGIN__ = DEFINED (__DATA_REGION_ORIGIN__)?__DATA_REGION_ORIGIN__:0x800200
                [0x00040000]                __TEXT_REGION_LENGTH__ = DEFINED (__TEXT_REGION_LENGTH__)?__TEXT_REGION_LENGTH__:0x100000
                [0x00008000]                __DATA_REGION_LENGTH__ = DEFINED (__DATA_REGION_LENGTH__)?__DATA_REGION_LENGTH__:0xfe00
                [0x00002000]                __EEPROM_REGION_LENGTH__ = DEFINED (__EEPROM_REGION_LENGTH__)?__EEPROM_REGION_LENGTH__:0x10000
                [0x00000003]                __FUSE_REGION_LENGTH__ = DEFINED (__FUSE_REGION_LENGTH__)?__FUSE_REGION_LENGTH__:0x400
                0x00000400                __LOCK_REGION_LENGTH__ = DEFINED (__LOCK_REGION_LENGTH__)?__LOCK_REGION_LENGTH__:0x400
                0x00000400                __SIGNATURE_REGION_LENGTH__ = DEFINED (__SIGNATURE_REGION_LENGTH__)?__SIGNATURE_REGION_LENGTH__:0x400
                0x00000400                __USER_SIGNATURE_REGION_LENGTH__ = DEFINED (__USER_SIGNATURE_REGION_LENGTH__)?__USER_SIGNATURE_REGION_LENGTH__:0x400

.hash
 *(.hash)

.dynsym
 *(.dynsym)

.dynstr
 *(.dynstr)

.gnu.version
 *(.gnu.version)

.gnu.version_d
 *(.gnu.version_d)

.gnu.version_r
 *(.gnu.version_r)

.rel.init
 *(.rel.init)

.rela.init
 *(.rela.init)

.rel.text
 *(.rel.text)
 *(.rel.text.*)
 *(.rel.gnu.linkonce.t*)

.rela.text
 *(.rela.text)
 *(.rela.text.*)
 *(.rela.gnu.linkonce.t*)

.rel.fini
 *(.rel.fini)

.rela.fini
 *(.rela.fini)

.rel.rodata
 *(.rel.rodata)
 *(.rel.rodata.*)
 *(.rel.gnu.linkonce.r*)

.rela.rodata
 *(.rela.rodata)
 *(.rela.rodata.*)
 *(.rela.gnu.linkonce.r*)

.rel.data
 *(.rel.data)
 *(.rel.data.*)
 *(.rel.gnu.linkonce.d*)

.rela.data
 *(.rela.data)
 *(.rela.data.*)
 *(.rela.gnu.linkonce.d*)

.rel.ctors
 *(.rel.ctors)

.rela.ctors
 *(.rela.ctors)

.rel.dtors
 *(.rel.dtors)

.rela.dtors
 *(.rela.dtors)

.rel.got
 *(.rel.got)

.rela.got
 *(.rela.got)

.rel.bss
 *(.rel.bss)

.rela.bss
 *(.rela.bss)

.rel.plt
 *(.rel.plt)

.rela.plt
 *(.rela.plt)

.text           0x00000000     0x75c0
 *(.vectors)
 .vectors       0x00000000      0x134 C:/Apps/Atmel/Studio/7.0/Packs/atmel/ATmega_DFP/1.7.374/gcc/dev/atmega256rfr2/avr6/crtatmega256rfr2.o
                0x00000000                __vector_default
                0x00000000                __vectors
 *(.vectors)
 *(.progmem.gcc*)
 .progmem.gcc_sw_table.ctlwizchip
                0x00000134       0x20 Ethernet/wizchip_conf.o
                0x00000154                . = ALIGN (0x2)
                0x00000154                __trampolines_start = .
 *(.trampolines)
 .trampolines   0x00000154        0x0 linker stubs
 *(.trampolines*)
                0x00000154                __trampolines_end = .
 *libprintf_flt.a:*(.progmem.data)
 .progmem.data  0x00000154        0x8 c:/apps/atmel/studio/7.0/toolchain/avr8/avr8-gnu-toolchain/bin/../lib/gcc/avr/5.4.0/../../../../avr/lib/avr6\libprintf_flt.a(vfprintf_flt.o)
 *libc.a:*(.progmem.data)
 .progmem.data  0x0000015c       0xfa c:/apps/atmel/studio/7.0/toolchain/avr8/avr8-gnu-toolchain/bin/../lib/gcc/avr/5.4.0/../../../../avr/lib/avr6\libc.a(ftoa_engine.o)
 *(.progmem*)
 .progmem.data.__c.3732
                0x00000256        0xa main.o
 .progmem.data.__c.3730
                0x00000260        0xc main.o
 .progmem.data.__c.3727
                0x0000026c       0x2a main.o
 .progmem.data.__c.3725
                0x00000296       0x15 main.o
 .progmem.data.__c.3723
                0x000002ab       0x2c main.o
 .progmem.data.__c.3710
                0x000002d7        0x9 main.o
 .progmem.data.__c.3701
                0x000002e0       0x1e main.o
 .progmem.data.__c.3705
                0x000002fe       0x15 main.o
 .progmem.data.__c.3699
                0x00000313       0x20 main.o
 .progmem.data.__c.3696
                0x00000333       0x32 main.o
 .progmem.data.__c.3686
                0x00000365       0x1b main.o
 .progmem.data.__c.3581
                0x00000380       0x3d main.o
 .progmem.data.__c.3579
                0x000003bd        0xb main.o
 .progmem.data.__c.3577
                0x000003c8        0x8 main.o
 .progmem.data.__c.3574
                0x000003d0       0x14 main.o
 .progmem.data.__c.3563
                0x000003e4       0x14 main.o
                0x000003f8                . = ALIGN (0x2)
 *(.jumptables)
 *(.jumptables*)
 *(.lowtext)
 *(.lowtext*)
                0x000003f8                __ctors_start = .
 *(.ctors)
                0x000003f8                __ctors_end = .
                0x000003f8                __dtors_start = .
 *(.dtors)
                0x000003f8                __dtors_end = .
 SORT(*)(.ctors)
 SORT(*)(.dtors)
 *(.init0)
 .init0         0x000003f8        0x0 C:/Apps/Atmel/Studio/7.0/Packs/atmel/ATmega_DFP/1.7.374/gcc/dev/atmega256rfr2/avr6/crtatmega256rfr2.o
                0x000003f8                __init
 *(.init0)
 *(.init1)
 *(.init1)
 *(.init2)
 .init2         0x000003f8       0x10 C:/Apps/Atmel/Studio/7.0/Packs/atmel/ATmega_DFP/1.7.374/gcc/dev/atmega256rfr2/avr6/crtatmega256rfr2.o
 *(.init2)
 *(.init3)
 .init3         0x00000408       0x1e main.o
                0x00000408                get_mcusr
 *(.init3)
 *(.init4)
 .init4         0x00000426       0x1a c:/apps/atmel/studio/7.0/toolchain/avr8/avr8-gnu-toolchain/bin/../lib/gcc/avr/5.4.0/avr6\libgcc.a(_copy_data.o)
                0x00000426                __do_copy_data
 .init4         0x00000440       0x10 c:/apps/atmel/studio/7.0/toolchain/avr8/avr8-gnu-toolchain/bin/../lib/gcc/avr/5.4.0/avr6\libgcc.a(_clear_bss.o)
                0x00000440                __do_clear_bss
 *(.init4)
 *(.init5)
 *(.init5)
 *(.init6)
 *(.init6)
 *(.init7)
 *(.init7)
 *(.init8)
 *(.init8)
 *(.init9)
 .init9         0x00000450        0x8 C:/Apps/Atmel/Studio/7.0/Packs/atmel/ATmega_DFP/1.7.374/gcc/dev/atmega256rfr2/avr6/crtatmega256rfr2.o
 *(.init9)
 *(.text)
 .text          0x00000458        0x2 C:/Apps/Atmel/Studio/7.0/Packs/atmel/ATmega_DFP/1.7.374/gcc/dev/atmega256rfr2/avr6/crtatmega256rfr2.o
                0x00000458                __vector_38
                0x00000458                __vector_22
                0x00000458                __vector_63
                0x00000458                __vector_28
                0x00000458                __vector_67
                0x00000458                __vector_1
                0x00000458                __vector_32
                0x00000458                __vector_75
                0x00000458                __vector_71
                0x00000458                __vector_34
                0x00000458                __vector_62
                0x00000458                __vector_24
                0x00000458                __vector_12
                0x00000458                __vector_55
                0x00000458                __vector_69
                0x00000458                __vector_46
                0x00000458                __bad_interrupt
                0x00000458                __vector_72
                0x00000458                __vector_6
                0x00000458                __vector_31
                0x00000458                __vector_35
                0x00000458                __vector_74
                0x00000458                __vector_39
                0x00000458                __vector_3
                0x00000458                __vector_23
                0x00000458                __vector_68
                0x00000458                __vector_30
                0x00000458                __vector_73
                0x00000458                __vector_45
                0x00000458                __vector_25
                0x00000458                __vector_61
                0x00000458                __vector_11
                0x00000458                __vector_54
                0x00000458                __vector_17
                0x00000458                __vector_19
                0x00000458                __vector_56
                0x00000458                __vector_7
                0x00000458                __vector_49
                0x00000458                __vector_41
                0x00000458                __vector_64
                0x00000458                __vector_43
                0x00000458                __vector_27
                0x00000458                __vector_5
                0x00000458                __vector_33
                0x00000458                __vector_76
                0x00000458                __vector_47
                0x00000458                __vector_52
                0x00000458                __vector_4
                0x00000458                __vector_44
                0x00000458                __vector_51
                0x00000458                __vector_9
                0x00000458                __vector_2
                0x00000458                __vector_15
                0x00000458                __vector_66
                0x00000458                __vector_58
                0x00000458                __vector_70
                0x00000458                __vector_29
                0x00000458                __vector_60
                0x00000458                __vector_40
                0x00000458                __vector_8
                0x00000458                __vector_26
                0x00000458                __vector_48
                0x00000458                __vector_14
                0x00000458                __vector_57
                0x00000458                __vector_53
                0x00000458                __vector_10
                0x00000458                __vector_50
                0x00000458                __vector_16
                0x00000458                __vector_59
                0x00000458                __vector_18
                0x00000458                __vector_20
                0x00000458                __vector_65
                0x0000045a                . = ALIGN (0x2)
 *(.text.*)
 .text.close    0x0000045a       0xe0 Ethernet/socket.o
                0x0000045a                close
 .text.socket   0x0000053a      0x1fa Ethernet/socket.o
                0x0000053a                socket
 .text.connect  0x00000734      0x1a6 Ethernet/socket.o
                0x00000734                connect
 .text.disconnect
                0x000008da       0xe8 Ethernet/socket.o
                0x000008da                disconnect
 .text.send     0x000009c2      0x226 Ethernet/socket.o
                0x000009c2                send
 .text.recv     0x00000be8      0x17e Ethernet/socket.o
                0x00000be8                recv
 .text.WIZCHIP_READ
                0x00000d66       0xce Ethernet/W5500/w5500.o
                0x00000d66                WIZCHIP_READ
 .text.WIZCHIP_WRITE
                0x00000e34       0xe4 Ethernet/W5500/w5500.o
                0x00000e34                WIZCHIP_WRITE
 .text.WIZCHIP_READ_BUF
                0x00000f18      0x104 Ethernet/W5500/w5500.o
                0x00000f18                WIZCHIP_READ_BUF
 .text.WIZCHIP_WRITE_BUF
                0x0000101c      0x10e Ethernet/W5500/w5500.o
                0x0000101c                WIZCHIP_WRITE_BUF
 .text.getSn_TX_FSR
                0x0000112a       0xb0 Ethernet/W5500/w5500.o
                0x0000112a                getSn_TX_FSR
 .text.getSn_RX_RSR
                0x000011da       0xb0 Ethernet/W5500/w5500.o
                0x000011da                getSn_RX_RSR
 .text.wiz_send_data
                0x0000128a      0x10e Ethernet/W5500/w5500.o
                0x0000128a                wiz_send_data
 .text.wiz_recv_data
                0x00001398      0x10e Ethernet/W5500/w5500.o
                0x00001398                wiz_recv_data
 .text.wizchip_cris_enter
                0x000014a6        0x2 Ethernet/wizchip_conf.o
                0x000014a6                wizchip_cris_enter
 .text.wizchip_cris_exit
                0x000014a8        0x2 Ethernet/wizchip_conf.o
                0x000014a8                wizchip_cris_exit
 .text.wizchip_cs_select
                0x000014aa        0x2 Ethernet/wizchip_conf.o
                0x000014aa                wizchip_cs_select
 .text.wizchip_cs_deselect
                0x000014ac        0x2 Ethernet/wizchip_conf.o
                0x000014ac                wizchip_cs_deselect
 .text.wizchip_bus_readdata
                0x000014ae        0x6 Ethernet/wizchip_conf.o
                0x000014ae                wizchip_bus_readdata
 .text.wizchip_bus_writedata
                0x000014b4        0x6 Ethernet/wizchip_conf.o
                0x000014b4                wizchip_bus_writedata
 .text.wizchip_spi_readbyte
                0x000014ba        0x4 Ethernet/wizchip_conf.o
                0x000014ba                wizchip_spi_readbyte
 .text.wizchip_spi_writebyte
                0x000014be        0x2 Ethernet/wizchip_conf.o
                0x000014be                wizchip_spi_writebyte
 .text.wizchip_spi_readburst
                0x000014c0        0x2 Ethernet/wizchip_conf.o
                0x000014c0                wizchip_spi_readburst
 .text.wizchip_spi_writeburst
                0x000014c2        0x2 Ethernet/wizchip_conf.o
                0x000014c2                wizchip_spi_writeburst
 .text.reg_wizchip_cs_cbfunc
                0x000014c4       0x2e Ethernet/wizchip_conf.o
                0x000014c4                reg_wizchip_cs_cbfunc
 .text.reg_wizchip_spi_cbfunc
                0x000014f2       0x3a Ethernet/wizchip_conf.o
                0x000014f2                reg_wizchip_spi_cbfunc
 .text.reg_wizchip_spiburst_cbfunc
                0x0000152c       0x3a Ethernet/wizchip_conf.o
                0x0000152c                reg_wizchip_spiburst_cbfunc
 .text.wizchip_sw_reset
                0x00001566       0xd8 Ethernet/wizchip_conf.o
                0x00001566                wizchip_sw_reset
 .text.wizchip_init
                0x0000163e       0xf2 Ethernet/wizchip_conf.o
                0x0000163e                wizchip_init
 .text.wizchip_clrinterrupt
                0x00001730       0x22 Ethernet/wizchip_conf.o
                0x00001730                wizchip_clrinterrupt
 .text.wizchip_getinterrupt
                0x00001752       0x28 Ethernet/wizchip_conf.o
                0x00001752                wizchip_getinterrupt
 .text.wizchip_setinterruptmask
                0x0000177a       0x20 Ethernet/wizchip_conf.o
                0x0000177a                wizchip_setinterruptmask
 .text.wizchip_getinterruptmask
                0x0000179a       0x26 Ethernet/wizchip_conf.o
                0x0000179a                wizchip_getinterruptmask
 .text.wizphy_getphylink
                0x000017c0       0x16 Ethernet/wizchip_conf.o
                0x000017c0                wizphy_getphylink
 .text.wizphy_getphypmode
                0x000017d6       0x18 Ethernet/wizchip_conf.o
                0x000017d6                wizphy_getphypmode
 .text.wizphy_reset
                0x000017ee       0x32 Ethernet/wizchip_conf.o
                0x000017ee                wizphy_reset
 .text.wizphy_setphyconf
                0x00001820       0x42 Ethernet/wizchip_conf.o
                0x00001820                wizphy_setphyconf
 .text.wizphy_getphyconf
                0x00001862       0x58 Ethernet/wizchip_conf.o
                0x00001862                wizphy_getphyconf
 .text.wizphy_setphypmode
                0x000018ba       0x5a Ethernet/wizchip_conf.o
                0x000018ba                wizphy_setphypmode
 .text.ctlwizchip
                0x00001914      0x116 Ethernet/wizchip_conf.o
                0x00001914                ctlwizchip
 .text.wizchip_setnetinfo
                0x00001a2a       0x72 Ethernet/wizchip_conf.o
                0x00001a2a                wizchip_setnetinfo
 .text.wizchip_getnetinfo
                0x00001a9c       0x72 Ethernet/wizchip_conf.o
                0x00001a9c                wizchip_getnetinfo
 .text.NewMessageData
                0x00001b0e        0xc Internet/MQTT/MQTTClient.o
                0x00001b0e                NewMessageData
 .text.getNextPacketId
                0x00001b1a       0x36 Internet/MQTT/MQTTClient.o
                0x00001b1a                getNextPacketId
 .text.sendPacket
                0x00001b50       0xca Internet/MQTT/MQTTClient.o
                0x00001b50                sendPacket
 .text.MQTTClient
                0x00001c1a       0xba Internet/MQTT/MQTTClient.o
                0x00001c1a                MQTTClient
 .text.decodePacket
                0x00001cd4      0x142 Internet/MQTT/MQTTClient.o
                0x00001cd4                decodePacket
 .text.readPacket
                0x00001e16      0x150 Internet/MQTT/MQTTClient.o
                0x00001e16                readPacket
 .text.isTopicMatched
                0x00001f66       0x88 Internet/MQTT/MQTTClient.o
                0x00001f66                isTopicMatched
 .text.deliverMessage
                0x00001fee      0x13a Internet/MQTT/MQTTClient.o
                0x00001fee                deliverMessage
 .text.keepalive
                0x00002128       0xc4 Internet/MQTT/MQTTClient.o
                0x00002128                keepalive
 .text.cycle    0x000021ec      0x248 Internet/MQTT/MQTTClient.o
                0x000021ec                cycle
 .text.MQTTYield
                0x00002434       0x88 Internet/MQTT/MQTTClient.o
                0x00002434                MQTTYield
 .text.waitfor  0x000024bc       0x64 Internet/MQTT/MQTTClient.o
                0x000024bc                waitfor
 .text.MQTTConnect
                0x00002520      0x176 Internet/MQTT/MQTTClient.o
                0x00002520                MQTTConnect
 .text.MQTTSubscribe
                0x00002696      0x204 Internet/MQTT/MQTTClient.o
                0x00002696                MQTTSubscribe
 .text.MQTTPublish
                0x0000289a      0x216 Internet/MQTT/MQTTClient.o
                0x0000289a                MQTTPublish
 .text.MQTTSerialize_connectLength
                0x00002ab0      0x13e Internet/MQTT/MQTTPacket/src/MQTTConnectClient.o
                0x00002ab0                MQTTSerialize_connectLength
 .text.MQTTSerialize_connect
                0x00002bee      0x1dc Internet/MQTT/MQTTPacket/src/MQTTConnectClient.o
                0x00002bee                MQTTSerialize_connect
 .text.MQTTDeserialize_connack
                0x00002dca       0x8e Internet/MQTT/MQTTPacket/src/MQTTConnectClient.o
                0x00002dca                MQTTDeserialize_connack
 .text.MQTTSerialize_zero
                0x00002e58       0x64 Internet/MQTT/MQTTPacket/src/MQTTConnectClient.o
                0x00002e58                MQTTSerialize_zero
 .text.MQTTSerialize_pingreq
                0x00002ebc        0x6 Internet/MQTT/MQTTPacket/src/MQTTConnectClient.o
                0x00002ebc                MQTTSerialize_pingreq
 .text.MQTTDeserialize_publish
                0x00002ec2      0x13a Internet/MQTT/MQTTPacket/src/MQTTDeserializePublish.o
                0x00002ec2                MQTTDeserialize_publish
 .text.MQTTDeserialize_ack
                0x00002ffc       0x8e Internet/MQTT/MQTTPacket/src/MQTTDeserializePublish.o
                0x00002ffc                MQTTDeserialize_ack
 .text.bufchar  0x0000308a       0x4a Internet/MQTT/MQTTPacket/src/MQTTPacket.o
                0x0000308a                bufchar
 .text.MQTTPacket_encode
                0x000030d4       0xb4 Internet/MQTT/MQTTPacket/src/MQTTPacket.o
                0x000030d4                MQTTPacket_encode
 .text.MQTTPacket_decode
                0x00003188      0x108 Internet/MQTT/MQTTPacket/src/MQTTPacket.o
                0x00003188                MQTTPacket_decode
 .text.MQTTPacket_len
                0x00003290       0x5c Internet/MQTT/MQTTPacket/src/MQTTPacket.o
                0x00003290                MQTTPacket_len
 .text.MQTTPacket_decodeBuf
                0x000032ec       0x10 Internet/MQTT/MQTTPacket/src/MQTTPacket.o
                0x000032ec                MQTTPacket_decodeBuf
 .text.readInt  0x000032fc       0x26 Internet/MQTT/MQTTPacket/src/MQTTPacket.o
                0x000032fc                readInt
 .text.readChar
                0x00003322       0x10 Internet/MQTT/MQTTPacket/src/MQTTPacket.o
                0x00003322                readChar
 .text.writeChar
                0x00003332       0x14 Internet/MQTT/MQTTPacket/src/MQTTPacket.o
                0x00003332                writeChar
 .text.writeInt
                0x00003346       0x5c Internet/MQTT/MQTTPacket/src/MQTTPacket.o
                0x00003346                writeInt
 .text.writeCString
                0x000033a2       0x50 Internet/MQTT/MQTTPacket/src/MQTTPacket.o
                0x000033a2                writeCString
 .text.writeMQTTString
                0x000033f2       0xa6 Internet/MQTT/MQTTPacket/src/MQTTPacket.o
                0x000033f2                writeMQTTString
 .text.readMQTTLenString
                0x00003498       0x7c Internet/MQTT/MQTTPacket/src/MQTTPacket.o
                0x00003498                readMQTTLenString
 .text.MQTTstrlen
                0x00003514       0x5c Internet/MQTT/MQTTPacket/src/MQTTPacket.o
                0x00003514                MQTTstrlen
 .text.MQTTPacket_equals
                0x00003570       0x84 Internet/MQTT/MQTTPacket/src/MQTTPacket.o
                0x00003570                MQTTPacket_equals
 .text.MQTTSerialize_publishLength
                0x000035f4       0x80 Internet/MQTT/MQTTPacket/src/MQTTSerializePublish.o
                0x000035f4                MQTTSerialize_publishLength
 .text.MQTTSerialize_publish
                0x00003674      0x124 Internet/MQTT/MQTTPacket/src/MQTTSerializePublish.o
                0x00003674                MQTTSerialize_publish
 .text.MQTTSerialize_ack
                0x00003798       0x9c Internet/MQTT/MQTTPacket/src/MQTTSerializePublish.o
                0x00003798                MQTTSerialize_ack
 .text.MQTTSerialize_subscribeLength
                0x00003834       0xa0 Internet/MQTT/MQTTPacket/src/MQTTSubscribeClient.o
                0x00003834                MQTTSerialize_subscribeLength
 .text.MQTTSerialize_subscribe
                0x000038d4      0x13c Internet/MQTT/MQTTPacket/src/MQTTSubscribeClient.o
                0x000038d4                MQTTSerialize_subscribe
 .text.MQTTDeserialize_suback
                0x00003a10      0x124 Internet/MQTT/MQTTPacket/src/MQTTSubscribeClient.o
                0x00003a10                MQTTDeserialize_suback
 .text.w5500_read
                0x00003b34       0x96 Internet/MQTT/mqtt_interface.o
                0x00003b34                w5500_read
 .text.w5500_write
                0x00003bca       0x84 Internet/MQTT/mqtt_interface.o
                0x00003bca                w5500_write
 .text.w5500_disconnect
                0x00003c4e        0xa Internet/MQTT/mqtt_interface.o
                0x00003c4e                w5500_disconnect
 .text.expired  0x00003c58       0x42 Internet/MQTT/mqtt_interface.o
                0x00003c58                expired
 .text.countdown_ms
                0x00003c9a       0x3a Internet/MQTT/mqtt_interface.o
                0x00003c9a                countdown_ms
 .text.countdown
                0x00003cd4       0x54 Internet/MQTT/mqtt_interface.o
                0x00003cd4                countdown
 .text.left_ms  0x00003d28       0x3e Internet/MQTT/mqtt_interface.o
                0x00003d28                left_ms
 .text.InitTimer
                0x00003d66        0xc Internet/MQTT/mqtt_interface.o
                0x00003d66                InitTimer
 .text.NewNetwork
                0x00003d72       0x1c Internet/MQTT/mqtt_interface.o
                0x00003d72                NewNetwork
 .text.ConnectNetwork
                0x00003d8e       0x3e Internet/MQTT/mqtt_interface.o
                0x00003d8e                ConnectNetwork
 .text.JSON_DECODER_getRoot
                0x00003dcc        0xe json/json_decoder.o
                0x00003dcc                JSON_DECODER_getRoot
 .text.JSON_DECODER_getNumber
                0x00003dda       0x48 json/json_decoder.o
                0x00003dda                JSON_DECODER_getNumber
 .text.JSON_DECODER_fromString
                0x00003e22       0x1e json/json_decoder.o
                0x00003e22                JSON_DECODER_fromString
 .text.lex_string
                0x00003e40       0x72 json/lexer.o
 .text.lex_number
                0x00003eb2       0x92 json/lexer.o
 .text.lex_core
                0x00003f44       0xa2 json/lexer.o
 .text.LEXER_nextToken
                0x00003fe6       0x18 json/lexer.o
                0x00003fe6                LEXER_nextToken
 .text.LEXER_init
                0x00003ffe        0xa json/lexer.o
                0x00003ffe                LEXER_init
 .text.MEM_MODEL_init
                0x00004008        0x6 json/mem_model.o
                0x00004008                MEM_MODEL_init
 .text.MEM_MODEL_allocNode
                0x0000400e       0x30 json/mem_model.o
                0x0000400e                MEM_MODEL_allocNode
 .text.PARSER_parseTokens
                0x0000403e      0x266 json/parser.o
                0x0000403e                PARSER_parseTokens
 .text.appDataConf
                0x000042a4        0x6 lwm/lwm.o
                0x000042a4                appDataConf
 .text.appTimerHandler
                0x000042aa        0x2 lwm/lwm.o
                0x000042aa                appTimerHandler
 .text.appAddrInd
                0x000042ac       0x2a lwm/lwm.o
 .text.sendOK   0x000042d6       0x4c lwm/lwm.o
                0x000042d6                sendOK
 .text.appDataInd
                0x00004322       0x3c lwm/lwm.o
                0x00004322                appDataInd
 .text.HAL_UartBytesReceived
                0x0000435e       0x50 lwm/lwm.o
                0x0000435e                HAL_UartBytesReceived
 .text.appInit  0x000043ae       0x48 lwm/lwm.o
                0x000043ae                appInit
 .text.APP_TaskHandler
                0x000043f6       0x12 lwm/lwm.o
                0x000043f6                APP_TaskHandler
 .text.freeRam  0x00004408       0x32 main.o
 .text.cs_sel   0x0000443a        0x8 main.o
                0x0000443a                cs_sel
 .text.cs_desel
                0x00004442        0x8 main.o
                0x00004442                cs_desel
 .text.spi_rb   0x0000444a        0xc main.o
                0x0000444a                spi_rb
 .text.spi_wb   0x00004456        0xa main.o
                0x00004456                spi_wb
 .text.spi_rb_burst
                0x00004460       0x22 main.o
                0x00004460                spi_rb_burst
 .text.spi_wb_burst
                0x00004482       0x24 main.o
                0x00004482                spi_wb_burst
 .text.messageArrived
                0x000044a6       0xf2 main.o
                0x000044a6                messageArrived
 .text.create_json
                0x00004598      0x27a main.o
 .text.mqtt_pub
                0x00004812      0x118 main.o
                0x00004812                mqtt_pub
 .text.__vector_21
                0x0000492a       0x4a main.o
                0x0000492a                __vector_21
 .text.millis   0x00004974       0x16 main.o
                0x00004974                millis
 .text.executeCommand
                0x0000498a       0x76 main.o
                0x0000498a                executeCommand
 .text.IO_LIBRARY_Init
                0x00004a00       0x70 main.o
                0x00004a00                IO_LIBRARY_Init
 .text.timer0_init
                0x00004a70       0x22 main.o
                0x00004a70                timer0_init
 .text.avr_init
                0x00004a92       0x30 main.o
 .text.print_network_information
                0x00004ac2      0x17c main.o
                0x00004ac2                print_network_information
 .text.main     0x00004c3e      0x30c main.o
                0x00004c3e                main
 .text.spi_init
                0x00004f4a       0x26 spi/spi.o
                0x00004f4a                spi_init
 .text.HAL_Init
                0x00004f70       0x28 stack/hal/atmega256rfr2/src/hal.o
                0x00004f70                HAL_Init
 .text.HAL_TimerInit
                0x00004f98       0x2a stack/hal/atmega256rfr2/src/halTimer.o
                0x00004f98                HAL_TimerInit
 .text.__vector_42
                0x00004fc2       0x22 stack/hal/atmega256rfr2/src/halTimer.o
                0x00004fc2                __vector_42
 .text.__vector_13
                0x00004fe4       0x1e stack/hal/drivers/atmega256rfr2/src/halSleep.o
                0x00004fe4                __vector_13
 .text.HAL_UartReadByte
                0x00005002       0x4c stack/hal/drivers/atmega256rfr2/src/halUart.o
                0x00005002                HAL_UartReadByte
 .text.__vector_37
                0x0000504e       0x38 stack/hal/drivers/atmega256rfr2/src/halUart.o
                0x0000504e                __vector_37
 .text.__vector_36
                0x00005086       0xae stack/hal/drivers/atmega256rfr2/src/halUart.o
                0x00005086                __vector_36
 .text.HAL_UartTaskHandler
                0x00005134       0x86 stack/hal/drivers/atmega256rfr2/src/halUart.o
                0x00005134                HAL_UartTaskHandler
 .text.NWK_Init
                0x000051ba       0x38 stack/nwk/src/nwk.o
                0x000051ba                NWK_Init
 .text.NWK_SetAddr
                0x000051f2        0xe stack/nwk/src/nwk.o
                0x000051f2                NWK_SetAddr
 .text.NWK_SetPanId
                0x00005200        0xe stack/nwk/src/nwk.o
                0x00005200                NWK_SetPanId
 .text.NWK_OpenEndpoint
                0x0000520e       0x14 stack/nwk/src/nwk.o
                0x0000520e                NWK_OpenEndpoint
 .text.NWK_TaskHandler
                0x00005222        0x8 stack/nwk/src/nwk.o
                0x00005222                NWK_TaskHandler
 .text.nwkDataReqConfirm
                0x0000522a       0x50 stack/nwk/src/nwkDataReq.o
 .text.nwkDataReqSendFrame
                0x0000527a       0xc6 stack/nwk/src/nwkDataReq.o
 .text.nwkDataReqTxConf
                0x00005340       0x38 stack/nwk/src/nwkDataReq.o
 .text.nwkDataReqInit
                0x00005378        0xa stack/nwk/src/nwkDataReq.o
                0x00005378                nwkDataReqInit
 .text.NWK_DataReq
                0x00005382       0x48 stack/nwk/src/nwkDataReq.o
                0x00005382                NWK_DataReq
 .text.nwkDataReqTaskHandler
                0x000053ca       0x2e stack/nwk/src/nwkDataReq.o
                0x000053ca                nwkDataReqTaskHandler
 .text.nwkFrameInit
                0x000053f8       0x1a stack/nwk/src/nwkFrame.o
                0x000053f8                nwkFrameInit
 .text.nwkFrameAlloc
                0x00005412       0x62 stack/nwk/src/nwkFrame.o
                0x00005412                nwkFrameAlloc
 .text.nwkFrameFree
                0x00005474       0x14 stack/nwk/src/nwkFrame.o
                0x00005474                nwkFrameFree
 .text.nwkFrameNext
                0x00005488       0x30 stack/nwk/src/nwkFrame.o
                0x00005488                nwkFrameNext
 .text.nwkFrameCommandInit
                0x000054b8       0x28 stack/nwk/src/nwkFrame.o
                0x000054b8                nwkFrameCommandInit
 .text.nwkRouteNormalizeRanks
                0x000054e0       0x2e stack/nwk/src/nwkRoute.o
 .text.nwkRouteSendRouteError
                0x0000550e       0x5c stack/nwk/src/nwkRoute.o
 .text.nwkRouteInit
                0x0000556a       0x36 stack/nwk/src/nwkRoute.o
                0x0000556a                nwkRouteInit
 .text.NWK_RouteFindEntry
                0x000055a0       0x6c stack/nwk/src/nwkRoute.o
                0x000055a0                NWK_RouteFindEntry
 .text.NWK_RouteNewEntry
                0x0000560c       0x48 stack/nwk/src/nwkRoute.o
                0x0000560c                NWK_RouteNewEntry
 .text.NWK_RouteFreeEntry
                0x00005654       0x14 stack/nwk/src/nwkRoute.o
                0x00005654                NWK_RouteFreeEntry
 .text.NWK_RouteNextHop
                0x00005668       0x14 stack/nwk/src/nwkRoute.o
                0x00005668                NWK_RouteNextHop
 .text.nwkRouteRemove
                0x0000567c        0xa stack/nwk/src/nwkRoute.o
                0x0000567c                nwkRouteRemove
 .text.nwkRouteFrameReceived
                0x00005686       0xc8 stack/nwk/src/nwkRoute.o
                0x00005686                nwkRouteFrameReceived
 .text.nwkRouteFrameSent
                0x0000574e       0x78 stack/nwk/src/nwkRoute.o
                0x0000574e                nwkRouteFrameSent
 .text.nwkRoutePrepareTx
                0x000057c6       0x3e stack/nwk/src/nwkRoute.o
                0x000057c6                nwkRoutePrepareTx
 .text.nwkRouteFrame
                0x00005804       0x52 stack/nwk/src/nwkRoute.o
                0x00005804                nwkRouteFrame
 .text.nwkRouteErrorReceived
                0x00005856       0x22 stack/nwk/src/nwkRoute.o
                0x00005856                nwkRouteErrorReceived
 .text.nwkRxIndicateFrame
                0x00005878      0x12c stack/nwk/src/nwkRx.o
 .text.nwkRxServiceDataInd
                0x000059a4       0x30 stack/nwk/src/nwkRx.o
 .text.nwkRxDuplicateRejectionTimerHandler
                0x000059d4       0x4e stack/nwk/src/nwkRx.o
 .text.nwkRxRejectDuplicate
                0x00005a22      0x14e stack/nwk/src/nwkRx.o
 .text.nwkRxHandleReceivedFrame
                0x00005b70       0xcc stack/nwk/src/nwkRx.o
 .text.nwkRxSendAck
                0x00005c3c       0x68 stack/nwk/src/nwkRx.o
 .text.nwkRxHandleIndication
                0x00005ca4       0x60 stack/nwk/src/nwkRx.o
 .text.nwkRxInit
                0x00005d04       0x4c stack/nwk/src/nwkRx.o
                0x00005d04                nwkRxInit
 .text.PHY_DataInd
                0x00005d50       0x5a stack/nwk/src/nwkRx.o
                0x00005d50                PHY_DataInd
 .text.nwkRxTaskHandler
                0x00005daa       0x48 stack/nwk/src/nwkRx.o
                0x00005daa                nwkRxTaskHandler
 .text.nwkTxConvertPhyStatus
                0x00005df2       0x1c stack/nwk/src/nwkTx.o
 .text.nwkTxDelayTimerHandler
                0x00005e0e       0x4e stack/nwk/src/nwkTx.o
 .text.nwkTxInit
                0x00005e5c       0x46 stack/nwk/src/nwkTx.o
                0x00005e5c                nwkTxInit
 .text.nwkTxFrame
                0x00005ea2       0xa6 stack/nwk/src/nwkTx.o
                0x00005ea2                nwkTxFrame
 .text.nwkTxBroadcastFrame
                0x00005f48       0x8a stack/nwk/src/nwkTx.o
                0x00005f48                nwkTxBroadcastFrame
 .text.nwkTxAckReceived
                0x00005fd2       0x48 stack/nwk/src/nwkTx.o
                0x00005fd2                nwkTxAckReceived
 .text.nwkTxConfirm
                0x0000601a        0xe stack/nwk/src/nwkTx.o
                0x0000601a                nwkTxConfirm
 .text.nwkTxAckWaitTimerHandler
                0x00006028       0x58 stack/nwk/src/nwkTx.o
 .text.PHY_DataConf
                0x00006080       0x36 stack/nwk/src/nwkTx.o
                0x00006080                PHY_DataConf
 .text.nwkTxTaskHandler
                0x000060b6       0xec stack/nwk/src/nwkTx.o
                0x000060b6                nwkTxTaskHandler
 .text.phySetChannel
                0x000061a2       0x3c stack/phy/atmega256rfr2/src/phy.o
 .text.phyTrxSetState
                0x000061de       0x20 stack/phy/atmega256rfr2/src/phy.o
 .text.phySetRxState
                0x000061fe       0x18 stack/phy/atmega256rfr2/src/phy.o
 .text.PHY_Init
                0x00006216       0x2e stack/phy/atmega256rfr2/src/phy.o
                0x00006216                PHY_Init
 .text.PHY_SetRxState
                0x00006244        0x8 stack/phy/atmega256rfr2/src/phy.o
                0x00006244                PHY_SetRxState
 .text.PHY_SetChannel
                0x0000624c        0x8 stack/phy/atmega256rfr2/src/phy.o
                0x0000624c                PHY_SetChannel
 .text.PHY_SetPanId
                0x00006254       0x24 stack/phy/atmega256rfr2/src/phy.o
                0x00006254                PHY_SetPanId
 .text.PHY_SetShortAddr
                0x00006278       0x2e stack/phy/atmega256rfr2/src/phy.o
                0x00006278                PHY_SetShortAddr
 .text.PHY_DataReq
                0x000062a6       0x4e stack/phy/atmega256rfr2/src/phy.o
                0x000062a6                PHY_DataReq
 .text.PHY_TaskHandler
                0x000062f4       0xf2 stack/phy/atmega256rfr2/src/phy.o
                0x000062f4                PHY_TaskHandler
 .text.SYS_Init
                0x000063e6        0xe stack/sys/src/sys.o
                0x000063e6                SYS_Init
 .text.SYS_TaskHandler
                0x000063f4        0xa stack/sys/src/sys.o
                0x000063f4                SYS_TaskHandler
 .text.placeTimer
                0x000063fe       0xae stack/sys/src/sysTimer.o
 .text.SYS_TimerInit
                0x000064ac        0xa stack/sys/src/sysTimer.o
                0x000064ac                SYS_TimerInit
 .text.SYS_TimerStop
                0x000064b6       0x72 stack/sys/src/sysTimer.o
                0x000064b6                SYS_TimerStop
 .text.SYS_TimerStarted
                0x00006528       0x22 stack/sys/src/sysTimer.o
                0x00006528                SYS_TimerStarted
 .text.SYS_TimerStart
                0x0000654a       0x16 stack/sys/src/sysTimer.o
                0x0000654a                SYS_TimerStart
 .text.SYS_TimerTaskHandler
                0x00006560       0xbe stack/sys/src/sysTimer.o
                0x00006560                SYS_TimerTaskHandler
 .text.UART_init
                0x0000661e       0x30 uart/uart.o
                0x0000661e                UART_init
 .text.printCHAR
                0x0000664e       0x12 uart/uart.o
                0x0000664e                printCHAR
 .text.avr-libc.fplib
                0x00006660       0x58 c:/apps/atmel/studio/7.0/toolchain/avr8/avr8-gnu-toolchain/bin/../lib/gcc/avr/5.4.0/../../../../avr/lib/avr6\libm.a(fixunssfsi.o)
                0x00006660                __fixunssfsi
 .text.avr-libc.fplib
                0x000066b8       0x7a c:/apps/atmel/studio/7.0/toolchain/avr8/avr8-gnu-toolchain/bin/../lib/gcc/avr/5.4.0/../../../../avr/lib/avr6\libm.a(floatsisf.o)
                0x000066b8                __floatunsisf
                0x000066bc                __floatsisf
 .text.avr-libc.fplib
                0x00006732       0x44 c:/apps/atmel/studio/7.0/toolchain/avr8/avr8-gnu-toolchain/bin/../lib/gcc/avr/5.4.0/../../../../avr/lib/avr6\libm.a(fp_split3.o)
                0x00006732                __fp_split3
                0x00006742                __fp_splitA
 .text.avr-libc.fplib
                0x00006776        0xe c:/apps/atmel/studio/7.0/toolchain/avr8/avr8-gnu-toolchain/bin/../lib/gcc/avr/5.4.0/../../../../avr/lib/avr6\libm.a(fp_zero.o)
                0x00006776                __fp_zero
                0x00006778                __fp_szero
 .text.avr-libc.fplib
                0x00006784       0x84 c:/apps/atmel/studio/7.0/toolchain/avr8/avr8-gnu-toolchain/bin/../lib/gcc/avr/5.4.0/../../../../avr/lib/avr6\libm.a(sqrt.o)
                0x0000678c                sqrtf
                0x0000678c                sqrt
 .text.avr-libc.fplib
                0x00006808       0x1c c:/apps/atmel/studio/7.0/toolchain/avr8/avr8-gnu-toolchain/bin/../lib/gcc/avr/5.4.0/../../../../avr/lib/avr6\libm.a(fp_mpack.o)
                0x00006808                __fp_mpack
                0x0000680c                __fp_mpack_finite
 .text.avr-libc.fplib
                0x00006824        0x6 c:/apps/atmel/studio/7.0/toolchain/avr8/avr8-gnu-toolchain/bin/../lib/gcc/avr/5.4.0/../../../../avr/lib/avr6\libm.a(fp_nan.o)
                0x00006824                __fp_nan
 .text.avr-libc.fplib
                0x0000682a        0xe c:/apps/atmel/studio/7.0/toolchain/avr8/avr8-gnu-toolchain/bin/../lib/gcc/avr/5.4.0/../../../../avr/lib/avr6\libm.a(fp_norm2.o)
                0x0000682a                __fp_norm2
 .text.avr-libc
                0x00006838      0x712 c:/apps/atmel/studio/7.0/toolchain/avr8/avr8-gnu-toolchain/bin/../lib/gcc/avr/5.4.0/../../../../avr/lib/avr6\libprintf_flt.a(vfprintf_flt.o)
                0x00006838                vfprintf
 .text.libgcc.div
                0x00006f4a       0x44 c:/apps/atmel/studio/7.0/toolchain/avr8/avr8-gnu-toolchain/bin/../lib/gcc/avr/5.4.0/avr6\libgcc.a(_udivmodsi4.o)
                0x00006f4a                __udivmodsi4
 .text.libgcc.div
                0x00006f8e       0x28 c:/apps/atmel/studio/7.0/toolchain/avr8/avr8-gnu-toolchain/bin/../lib/gcc/avr/5.4.0/avr6\libgcc.a(_divmodsi4.o)
                0x00006f8e                __divmodsi4
 .text.libgcc.div
                0x00006fb6       0x10 c:/apps/atmel/studio/7.0/toolchain/avr8/avr8-gnu-toolchain/bin/../lib/gcc/avr/5.4.0/avr6\libgcc.a(_negsi2.o)
                0x00006fb6                __negsi2
 .text.libgcc   0x00006fc6       0x10 c:/apps/atmel/studio/7.0/toolchain/avr8/avr8-gnu-toolchain/bin/../lib/gcc/avr/5.4.0/avr6\libgcc.a(_tablejump2.o)
                0x00006fc6                __tablejump2__
 .text.libgcc.mul
                0x00006fd6       0x14 c:/apps/atmel/studio/7.0/toolchain/avr8/avr8-gnu-toolchain/bin/../lib/gcc/avr/5.4.0/avr6\libgcc.a(_muluhisi3.o)
                0x00006fd6                __muluhisi3
 .text.libgcc.mul
                0x00006fea       0x1e c:/apps/atmel/studio/7.0/toolchain/avr8/avr8-gnu-toolchain/bin/../lib/gcc/avr/5.4.0/avr6\libgcc.a(_umulhisi3.o)
                0x00006fea                __umulhisi3
 .text.avr-libc
                0x00007008       0xaa c:/apps/atmel/studio/7.0/toolchain/avr8/avr8-gnu-toolchain/bin/../lib/gcc/avr/5.4.0/../../../../avr/lib/avr6\libc.a(rand.o)
                0x00007094                rand_r
                0x00007096                rand
                0x0000709c                srand
 .text.avr-libc
                0x000070b2       0x3a c:/apps/atmel/studio/7.0/toolchain/avr8/avr8-gnu-toolchain/bin/../lib/gcc/avr/5.4.0/../../../../avr/lib/avr6\libc.a(atoi.o)
                0x000070b2                atoi
 .text.avr-libc
                0x000070ec      0x1b0 c:/apps/atmel/studio/7.0/toolchain/avr8/avr8-gnu-toolchain/bin/../lib/gcc/avr/5.4.0/../../../../avr/lib/avr6\libc.a(ftoa_engine.o)
                0x000070ec                __ftoa_engine
 .text.avr-libc
                0x0000729c       0x16 c:/apps/atmel/studio/7.0/toolchain/avr8/avr8-gnu-toolchain/bin/../lib/gcc/avr/5.4.0/../../../../avr/lib/avr6\libc.a(strnlen_P.o)
                0x0000729c                strnlen_P
 .text.avr-libc
                0x000072b2       0x12 c:/apps/atmel/studio/7.0/toolchain/avr8/avr8-gnu-toolchain/bin/../lib/gcc/avr/5.4.0/../../../../avr/lib/avr6\libc.a(memcpy.o)
                0x000072b2                memcpy
 .text.avr-libc
                0x000072c4       0x16 c:/apps/atmel/studio/7.0/toolchain/avr8/avr8-gnu-toolchain/bin/../lib/gcc/avr/5.4.0/../../../../avr/lib/avr6\libc.a(strchr.o)
                0x000072c4                strchr
 .text.avr-libc
                0x000072da       0x12 c:/apps/atmel/studio/7.0/toolchain/avr8/avr8-gnu-toolchain/bin/../lib/gcc/avr/5.4.0/../../../../avr/lib/avr6\libc.a(strcmp.o)
                0x000072da                strcmp
 .text.avr-libc
                0x000072ec       0x1c c:/apps/atmel/studio/7.0/toolchain/avr8/avr8-gnu-toolchain/bin/../lib/gcc/avr/5.4.0/../../../../avr/lib/avr6\libc.a(strncmp.o)
                0x000072ec                strncmp
 .text.avr-libc
                0x00007308       0x1e c:/apps/atmel/studio/7.0/toolchain/avr8/avr8-gnu-toolchain/bin/../lib/gcc/avr/5.4.0/../../../../avr/lib/avr6\libc.a(strncpy.o)
                0x00007308                strncpy
 .text.avr-libc
                0x00007326       0x16 c:/apps/atmel/studio/7.0/toolchain/avr8/avr8-gnu-toolchain/bin/../lib/gcc/avr/5.4.0/../../../../avr/lib/avr6\libc.a(strnlen.o)
                0x00007326                strnlen
 .text.avr-libc
                0x0000733c       0x10 c:/apps/atmel/studio/7.0/toolchain/avr8/avr8-gnu-toolchain/bin/../lib/gcc/avr/5.4.0/../../../../avr/lib/avr6\libc.a(mul10.o)
                0x0000733c                __mulhi_const_10
 .text.avr-libc
                0x0000734c       0x78 c:/apps/atmel/studio/7.0/toolchain/avr8/avr8-gnu-toolchain/bin/../lib/gcc/avr/5.4.0/../../../../avr/lib/avr6\libc.a(fputc.o)
                0x0000734c                fputc
 .text.avr-libc
                0x000073c4       0x26 c:/apps/atmel/studio/7.0/toolchain/avr8/avr8-gnu-toolchain/bin/../lib/gcc/avr/5.4.0/../../../../avr/lib/avr6\libc.a(printf.o)
                0x000073c4                printf
 .text.avr-libc
                0x000073ea       0x4e c:/apps/atmel/studio/7.0/toolchain/avr8/avr8-gnu-toolchain/bin/../lib/gcc/avr/5.4.0/../../../../avr/lib/avr6\libc.a(printf_p.o)
                0x000073ea                printf_P
 .text.avr-libc
                0x00007438       0x60 c:/apps/atmel/studio/7.0/toolchain/avr8/avr8-gnu-toolchain/bin/../lib/gcc/avr/5.4.0/../../../../avr/lib/avr6\libc.a(puts.o)
                0x00007438                puts
 .text.avr-libc
                0x00007498       0x5c c:/apps/atmel/studio/7.0/toolchain/avr8/avr8-gnu-toolchain/bin/../lib/gcc/avr/5.4.0/../../../../avr/lib/avr6\libc.a(sprintf.o)
                0x00007498                sprintf
 .text.avr-libc
                0x000074f4       0xbc c:/apps/atmel/studio/7.0/toolchain/avr8/avr8-gnu-toolchain/bin/../lib/gcc/avr/5.4.0/../../../../avr/lib/avr6\libc.a(ultoa_invert.o)
                0x000074f4                __ultoa_invert
 .text.libgcc.mul
                0x000075b0        0xc c:/apps/atmel/studio/7.0/toolchain/avr8/avr8-gnu-toolchain/bin/../lib/gcc/avr/5.4.0/avr6\libgcc.a(_mulshisi3.o)
                0x000075b0                __mulshisi3
                0x000075b4                __mulohisi3
                0x000075bc                . = ALIGN (0x2)
 *(.fini9)
 .fini9         0x000075bc        0x0 c:/apps/atmel/studio/7.0/toolchain/avr8/avr8-gnu-toolchain/bin/../lib/gcc/avr/5.4.0/avr6\libgcc.a(_exit.o)
                0x000075bc                _exit
                0x000075bc                exit
 *(.fini9)
 *(.fini8)
 *(.fini8)
 *(.fini7)
 *(.fini7)
 *(.fini6)
 *(.fini6)
 *(.fini5)
 *(.fini5)
 *(.fini4)
 *(.fini4)
 *(.fini3)
 *(.fini3)
 *(.fini2)
 *(.fini2)
 *(.fini1)
 *(.fini1)
 *(.fini0)
 .fini0         0x000075bc        0x4 c:/apps/atmel/studio/7.0/toolchain/avr8/avr8-gnu-toolchain/bin/../lib/gcc/avr/5.4.0/avr6\libgcc.a(_exit.o)
 *(.fini0)
                0x000075c0                _etext = .

.data           0x00800200      0x53c load address 0x000075c0
                0x00800200                PROVIDE (__data_start, .)
 *(.data)
 .data          0x00800200        0x4 c:/apps/atmel/studio/7.0/toolchain/avr8/avr8-gnu-toolchain/bin/../lib/gcc/avr/5.4.0/../../../../avr/lib/avr6\libc.a(rand.o)
 *(.data*)
 .data.sock_any_port
                0x00800204        0x2 Ethernet/socket.o
 .data.WIZCHIP  0x00800206       0x18 Ethernet/wizchip_conf.o
                0x00800206                WIZCHIP
 .data.text.2701
                0x0080021e        0x5 lwm/lwm.o
 .data.analog_2
                0x00800223       0x64 main.o
                0x00800223                analog_2
 .data.zdravotni
                0x00800287       0x64 main.o
                0x00800287                zdravotni
 .data.analog2  0x008002eb       0x64 main.o
                0x008002eb                analog2
 .data.meteorologicke
                0x0080034f       0x64 main.o
                0x0080034f                meteorologicke
 .data.uart_str
                0x008003b3        0xe main.o
                0x008003b3                uart_str
 .data.mqtt_timer
                0x008003c1        0x2 main.o
                0x008003c1                mqtt_timer
 .data.netInfo  0x008003c3       0x17 main.o
                0x008003c3                netInfo
 .data.mqtt_target
                0x008003da        0x4 main.o
                0x008003da                mqtt_target
 *(.gnu.linkonce.d*)
 *(.rodata)
 .rodata        0x008003de       0x3b Internet/MQTT/MQTTClient.o
 .rodata        0x00800419       0x85 main.o
 *(.rodata*)
 .rodata.str1.1
                0x0080049e        0xc Internet/MQTT/MQTTPacket/src/MQTTConnectClient.o
 .rodata.str1.1
                0x008004aa        0xb json/lexer.o
 .rodata.str1.1
                0x008004b5       0x13 lwm/lwm.o
 .rodata.str1.1
                0x008004c8      0x273 main.o
 *(.gnu.linkonce.r*)
                0x0080073c                . = ALIGN (0x2)
 *fill*         0x0080073b        0x1 
                0x0080073c                _edata = .
                0x0080073c                PROVIDE (__data_end, .)

.bss            0x0080073c     0x1a0d
                0x0080073c                PROVIDE (__bss_start, .)
 *(.bss)
 *(.bss*)
 .bss.sock_pack_info
                0x0080073c        0x8 Ethernet/socket.o
                0x0080073c                sock_pack_info
 .bss.sock_remained_size
                0x00800744       0x10 Ethernet/socket.o
 .bss.sock_is_sending
                0x00800754        0x2 Ethernet/socket.o
 .bss.sock_io_mode
                0x00800756        0x2 Ethernet/socket.o
 .bss._DHCP_    0x00800758        0x1 Ethernet/wizchip_conf.o
 .bss._DNS_     0x00800759        0x4 Ethernet/wizchip_conf.o
 .bss.bufptr    0x0080075d        0x2 Internet/MQTT/MQTTPacket/src/MQTTPacket.o
 .bss.current_possition
                0x0080075f        0x2 json/lexer.o
 .bss.theJsonTop
                0x00800761        0x1 json/mem_model.o
 .bss.stackTop  0x00800762        0x1 json/parser.o
 .bss.STACK     0x00800763       0x28 json/parser.o
 .bss.appUartBufferPtr
                0x0080078b        0x1 lwm/lwm.o
 .bss.appDataReqBuffer
                0x0080078c       0x6d lwm/lwm.o
 .bss.appDataReqBusy
                0x008007f9        0x1 lwm/lwm.o
 .bss.appDataReq
                0x008007fa       0x11 lwm/lwm.o
 .bss.appTimer  0x0080080b        0xd lwm/lwm.o
 .bss.appState  0x00800818        0x1 lwm/lwm.o
 .bss.mqtt_err_cnt.3572
                0x00800819        0x1 main.o
 .bss.mqtt_pub_count.3571
                0x0080081a        0x4 main.o
 .bss.vypis_cau
                0x0080081e        0x2 main.o
                0x0080081e                vypis_cau
 .bss.json_config_ready
                0x00800820        0x1 main.o
                0x00800820                json_config_ready
 .bss.len_json  0x00800821        0x2 main.o
                0x00800821                len_json
 .bss.final_json
                0x00800823       0x64 main.o
                0x00800823                final_json
 .bss.json_buffer
                0x00800887       0x64 main.o
                0x00800887                json_buffer
 .bss.data_ready
                0x008008eb        0x1 main.o
                0x008008eb                data_ready
 .bss.halSleepTimerEvent
                0x008008ec        0x1 stack/hal/drivers/atmega256rfr2/src/halSleep.o
 .bss.newData   0x008008ed        0x1 stack/hal/drivers/atmega256rfr2/src/halUart.o
 .bss.udrEmpty  0x008008ee        0x1 stack/hal/drivers/atmega256rfr2/src/halUart.o
 .bss.rxFifo    0x008008ef        0xa stack/hal/drivers/atmega256rfr2/src/halUart.o
 .bss.txFifo    0x008008f9        0xa stack/hal/drivers/atmega256rfr2/src/halUart.o
 .bss.nwkDataReqQueue
                0x00800903        0x2 stack/nwk/src/nwkDataReq.o
 .bss.nwkFrameFrames
                0x00800905     0x100e stack/nwk/src/nwkFrame.o
 .bss.nwkRouteTable
                0x00801913      0x2bc stack/nwk/src/nwkRoute.o
 .bss.nwkRxDuplicateRejectionTimer
                0x00801bcf        0xd stack/nwk/src/nwkRx.o
 .bss.nwkRxAckControl
                0x00801bdc        0x1 stack/nwk/src/nwkRx.o
 .bss.nwkRxDuplicateRejectionTable
                0x00801bdd       0x32 stack/nwk/src/nwkRx.o
 .bss.nwkTxDelayTimer
                0x00801c0f        0xd stack/nwk/src/nwkTx.o
 .bss.nwkTxAckWaitTimer
                0x00801c1c        0xd stack/nwk/src/nwkTx.o
 .bss.nwkTxPhyActiveFrame
                0x00801c29        0x2 stack/nwk/src/nwkTx.o
 .bss.phyBand   0x00801c2b        0x1 stack/phy/atmega256rfr2/src/phy.o
 .bss.phyChannel
                0x00801c2c        0x1 stack/phy/atmega256rfr2/src/phy.o
 .bss.phyRxState
                0x00801c2d        0x1 stack/phy/atmega256rfr2/src/phy.o
 .bss.phyRxBuffer
                0x00801c2e       0x80 stack/phy/atmega256rfr2/src/phy.o
 .bss.phyState  0x00801cae        0x1 stack/phy/atmega256rfr2/src/phy.o
 .bss.timers    0x00801caf        0x2 stack/sys/src/sysTimer.o
 *(COMMON)
 COMMON         0x00801cb1       0x5a json/json_decoder.o
                0x00801cb1                theJson
 COMMON         0x00801d0b      0x40b main.o
                0x00801d0b                ethBuf1
                0x00801e0b                _millis
                0x00801e0f                mqtt_readBuffer
                0x0080200f                mes_id
                0x00802011                buffer_mask
                0x00802012                buffer_data
                0x00802014                ethBuf0
                0x00802114                clusterID
 COMMON         0x00802116        0x1 stack/hal/atmega256rfr2/src/halTimer.o
                0x00802116                halTimerIrqCount
 COMMON         0x00802117       0x28 stack/nwk/src/nwk.o
                0x00802117                nwkIb
 COMMON         0x0080213f        0x4 c:/apps/atmel/studio/7.0/toolchain/avr8/avr8-gnu-toolchain/bin/../lib/gcc/avr/5.4.0/../../../../avr/lib/avr6\libc.a(malloc.o)
                0x0080213f                __brkval
                0x00802141                __flp
 COMMON         0x00802143        0x6 c:/apps/atmel/studio/7.0/toolchain/avr8/avr8-gnu-toolchain/bin/../lib/gcc/avr/5.4.0/../../../../avr/lib/avr6\libc.a(iob.o)
                0x00802143                __iob
                0x00802149                PROVIDE (__bss_end, .)
                0x000075c0                __data_load_start = LOADADDR (.data)
                0x00007afc                __data_load_end = (__data_load_start + SIZEOF (.data))

.noinit         0x00802149        0x1
                [!provide]                PROVIDE (__noinit_start, .)
 *(.noinit*)
 .noinit        0x00802149        0x1 main.o
                0x00802149                mcucsr_mirror
                [!provide]                PROVIDE (__noinit_end, .)
                0x0080214a                _end = .
                0x0080214a                PROVIDE (__heap_start, .)

.eeprom         0x00810000        0x0
 *(.eeprom*)
                0x00810000                __eeprom_end = .

.fuse
 *(.fuse)
 *(.lfuse)
 *(.hfuse)
 *(.efuse)

.lock
 *(.lock*)

.signature
 *(.signature*)

.user_signatures
 *(.user_signatures*)

.stab
 *(.stab)

.stabstr
 *(.stabstr)

.stab.excl
 *(.stab.excl)

.stab.exclstr
 *(.stab.exclstr)

.stab.index
 *(.stab.index)

.stab.indexstr
 *(.stab.indexstr)

.comment        0x00000000       0x5c
 *(.comment)
 .comment       0x00000000       0x30 Ethernet/socket.o
                                 0x31 (size before relaxing)
 .comment       0x00000030       0x31 Ethernet/W5500/w5500.o
 .comment       0x00000030       0x31 Ethernet/wizchip_conf.o
 .comment       0x00000030       0x31 Internet/MQTT/MQTTClient.o
 .comment       0x00000030       0x31 Internet/MQTT/MQTTPacket/src/MQTTConnectClient.o
 .comment       0x00000030       0x31 Internet/MQTT/MQTTPacket/src/MQTTDeserializePublish.o
 .comment       0x00000030       0x31 Internet/MQTT/MQTTPacket/src/MQTTPacket.o
 .comment       0x00000030       0x31 Internet/MQTT/MQTTPacket/src/MQTTSerializePublish.o
 .comment       0x00000030       0x31 Internet/MQTT/MQTTPacket/src/MQTTSubscribeClient.o
 .comment       0x00000030       0x31 Internet/MQTT/mqtt_interface.o
 .comment       0x00000030       0x31 json/json_decoder.o
 .comment       0x00000030       0x31 json/lexer.o
 .comment       0x00000030       0x31 json/mem_model.o
 .comment       0x00000030       0x31 json/parser.o
 .comment       0x00000030       0x31 lwm/lwm.o
 .comment       0x00000030       0x31 main.o
 .comment       0x00000030       0x31 spi/spi.o
 .comment       0x00000030       0x31 stack/hal/atmega256rfr2/src/hal.o
 .comment       0x00000030       0x31 stack/hal/atmega256rfr2/src/halTimer.o
 .comment       0x00000030       0x31 stack/hal/drivers/atmega256rfr2/src/halSleep.o
 .comment       0x00000030       0x31 stack/hal/drivers/atmega256rfr2/src/halUart.o
 .comment       0x00000030       0x31 stack/nwk/src/nwk.o
 .comment       0x00000030       0x31 stack/nwk/src/nwkDataReq.o
 .comment       0x00000030       0x31 stack/nwk/src/nwkFrame.o
 .comment       0x00000030       0x31 stack/nwk/src/nwkRoute.o
 .comment       0x00000030       0x31 stack/nwk/src/nwkRx.o
 .comment       0x00000030       0x31 stack/nwk/src/nwkTx.o
 .comment       0x00000030       0x31 stack/phy/atmega256rfr2/src/phy.o
 .comment       0x00000030       0x31 stack/sys/src/sys.o
 .comment       0x00000030       0x31 stack/sys/src/sysTimer.o
 .comment       0x00000030       0x31 uart/uart.o
 .comment       0x00000030       0x2c c:/apps/atmel/studio/7.0/toolchain/avr8/avr8-gnu-toolchain/bin/../lib/gcc/avr/5.4.0/../../../../avr/lib/avr6\libprintf_flt.a(vfprintf_flt.o)
                                 0x2d (size before relaxing)
 .comment       0x0000005c       0x31 c:/apps/atmel/studio/7.0/toolchain/avr8/avr8-gnu-toolchain/bin/../lib/gcc/avr/5.4.0/../../../../avr/lib/avr6\libc.a(malloc.o)
 .comment       0x0000005c       0x31 c:/apps/atmel/studio/7.0/toolchain/avr8/avr8-gnu-toolchain/bin/../lib/gcc/avr/5.4.0/../../../../avr/lib/avr6\libc.a(rand.o)
 .comment       0x0000005c       0x31 c:/apps/atmel/studio/7.0/toolchain/avr8/avr8-gnu-toolchain/bin/../lib/gcc/avr/5.4.0/../../../../avr/lib/avr6\libc.a(fputc.o)
 .comment       0x0000005c       0x31 c:/apps/atmel/studio/7.0/toolchain/avr8/avr8-gnu-toolchain/bin/../lib/gcc/avr/5.4.0/../../../../avr/lib/avr6\libc.a(iob.o)
 .comment       0x0000005c       0x31 c:/apps/atmel/studio/7.0/toolchain/avr8/avr8-gnu-toolchain/bin/../lib/gcc/avr/5.4.0/../../../../avr/lib/avr6\libc.a(printf.o)
 .comment       0x0000005c       0x31 c:/apps/atmel/studio/7.0/toolchain/avr8/avr8-gnu-toolchain/bin/../lib/gcc/avr/5.4.0/../../../../avr/lib/avr6\libc.a(printf_p.o)
 .comment       0x0000005c       0x31 c:/apps/atmel/studio/7.0/toolchain/avr8/avr8-gnu-toolchain/bin/../lib/gcc/avr/5.4.0/../../../../avr/lib/avr6\libc.a(puts.o)
 .comment       0x0000005c       0x31 c:/apps/atmel/studio/7.0/toolchain/avr8/avr8-gnu-toolchain/bin/../lib/gcc/avr/5.4.0/../../../../avr/lib/avr6\libc.a(sprintf.o)

.note.gnu.avr.deviceinfo
                0x00000000       0x40
 .note.gnu.avr.deviceinfo
                0x00000000       0x40 C:/Apps/Atmel/Studio/7.0/Packs/atmel/ATmega_DFP/1.7.374/gcc/dev/atmega256rfr2/avr6/crtatmega256rfr2.o

.note.gnu.build-id
 *(.note.gnu.build-id)

.debug
 *(.debug)

.line
 *(.line)

.debug_srcinfo
 *(.debug_srcinfo)

.debug_sfnames
 *(.debug_sfnames)

.debug_aranges  0x00000000      0xb00
 *(.debug_aranges)
 .debug_aranges
                0x00000000       0x78 Ethernet/socket.o
 .debug_aranges
                0x00000078       0x60 Ethernet/W5500/w5500.o
 .debug_aranges
                0x000000d8      0x138 Ethernet/wizchip_conf.o
 .debug_aranges
                0x00000210       0xa0 Internet/MQTT/MQTTClient.o
 .debug_aranges
                0x000002b0       0x48 Internet/MQTT/MQTTPacket/src/MQTTConnectClient.o
 .debug_aranges
                0x000002f8       0x28 Internet/MQTT/MQTTPacket/src/MQTTDeserializePublish.o
 .debug_aranges
                0x00000320       0xa8 Internet/MQTT/MQTTPacket/src/MQTTPacket.o
 .debug_aranges
                0x000003c8       0x48 Internet/MQTT/MQTTPacket/src/MQTTSerializePublish.o
 .debug_aranges
                0x00000410       0x30 Internet/MQTT/MQTTPacket/src/MQTTSubscribeClient.o
 .debug_aranges
                0x00000440       0x68 Internet/MQTT/mqtt_interface.o
 .debug_aranges
                0x000004a8       0x40 json/json_decoder.o
 .debug_aranges
                0x000004e8       0x40 json/lexer.o
 .debug_aranges
                0x00000528       0x28 json/mem_model.o
 .debug_aranges
                0x00000550       0x20 json/parser.o
 .debug_aranges
                0x00000570       0x60 lwm/lwm.o
 .debug_aranges
                0x000005d0       0xb0 main.o
 .debug_aranges
                0x00000680       0x20 spi/spi.o
 .debug_aranges
                0x000006a0       0x28 stack/hal/atmega256rfr2/src/hal.o
 .debug_aranges
                0x000006c8       0x30 stack/hal/atmega256rfr2/src/halTimer.o
 .debug_aranges
                0x000006f8       0x28 stack/hal/drivers/atmega256rfr2/src/halSleep.o
 .debug_aranges
                0x00000720       0x48 stack/hal/drivers/atmega256rfr2/src/halUart.o
 .debug_aranges
                0x00000768       0x70 stack/nwk/src/nwk.o
 .debug_aranges
                0x000007d8       0x48 stack/nwk/src/nwkDataReq.o
 .debug_aranges
                0x00000820       0x40 stack/nwk/src/nwkFrame.o
 .debug_aranges
                0x00000860       0x90 stack/nwk/src/nwkRoute.o
 .debug_aranges
                0x000008f0       0x70 stack/nwk/src/nwkRx.o
 .debug_aranges
                0x00000960       0x68 stack/nwk/src/nwkTx.o
 .debug_aranges
                0x000009c8       0x88 stack/phy/atmega256rfr2/src/phy.o
 .debug_aranges
                0x00000a50       0x28 stack/sys/src/sys.o
 .debug_aranges
                0x00000a78       0x48 stack/sys/src/sysTimer.o
 .debug_aranges
                0x00000ac0       0x40 uart/uart.o

.debug_pubnames
 *(.debug_pubnames)

.debug_info     0x00000000    0x1079e
 *(.debug_info .gnu.linkonce.wi.*)
 .debug_info    0x00000000     0x13e6 C:/Apps/Atmel/Studio/7.0/Packs/atmel/ATmega_DFP/1.7.374/gcc/dev/atmega256rfr2/avr6/crtatmega256rfr2.o
 .debug_info    0x000013e6     0x16df Ethernet/socket.o
 .debug_info    0x00002ac5      0x9ed Ethernet/W5500/w5500.o
 .debug_info    0x000034b2     0x165c Ethernet/wizchip_conf.o
 .debug_info    0x00004b0e     0x1a6e Internet/MQTT/MQTTClient.o
 .debug_info    0x0000657c      0x9f1 Internet/MQTT/MQTTPacket/src/MQTTConnectClient.o
 .debug_info    0x00006f6d      0x493 Internet/MQTT/MQTTPacket/src/MQTTDeserializePublish.o
 .debug_info    0x00007400      0xa96 Internet/MQTT/MQTTPacket/src/MQTTPacket.o
 .debug_info    0x00007e96      0x716 Internet/MQTT/MQTTPacket/src/MQTTSerializePublish.o
 .debug_info    0x000085ac      0x5c1 Internet/MQTT/MQTTPacket/src/MQTTSubscribeClient.o
 .debug_info    0x00008b6d      0x55d Internet/MQTT/mqtt_interface.o
 .debug_info    0x000090ca      0x3b1 json/json_decoder.o
 .debug_info    0x0000947b      0x428 json/lexer.o
 .debug_info    0x000098a3      0x1a0 json/mem_model.o
 .debug_info    0x00009a43      0x3e1 json/parser.o
 .debug_info    0x00009e24      0x8d2 lwm/lwm.o
 .debug_info    0x0000a6f6     0x17dc main.o
 .debug_info    0x0000bed2       0x83 spi/spi.o
 .debug_info    0x0000bf55      0x128 stack/hal/atmega256rfr2/src/hal.o
 .debug_info    0x0000c07d       0xe4 stack/hal/atmega256rfr2/src/halTimer.o
 .debug_info    0x0000c161      0x184 stack/hal/drivers/atmega256rfr2/src/halSleep.o
 .debug_info    0x0000c2e5      0x31a stack/hal/drivers/atmega256rfr2/src/halUart.o
 .debug_info    0x0000c5ff      0x4ca stack/nwk/src/nwk.o
 .debug_info    0x0000cac9      0x76c stack/nwk/src/nwkDataReq.o
 .debug_info    0x0000d235      0x572 stack/nwk/src/nwkFrame.o
 .debug_info    0x0000d7a7      0xb45 stack/nwk/src/nwkRoute.o
 .debug_info    0x0000e2ec      0xc0f stack/nwk/src/nwkRx.o
 .debug_info    0x0000eefb      0xa20 stack/nwk/src/nwkTx.o
 .debug_info    0x0000f91b      0x7c4 stack/phy/atmega256rfr2/src/phy.o
 .debug_info    0x000100df      0x140 stack/sys/src/sys.o
 .debug_info    0x0001021f      0x341 stack/sys/src/sysTimer.o
 .debug_info    0x00010560      0x23e uart/uart.o

.debug_abbrev   0x00000000     0x4ce0
 *(.debug_abbrev)
 .debug_abbrev  0x00000000     0x12d6 C:/Apps/Atmel/Studio/7.0/Packs/atmel/ATmega_DFP/1.7.374/gcc/dev/atmega256rfr2/avr6/crtatmega256rfr2.o
 .debug_abbrev  0x000012d6      0x196 Ethernet/socket.o
 .debug_abbrev  0x0000146c      0x247 Ethernet/W5500/w5500.o
 .debug_abbrev  0x000016b3      0x30b Ethernet/wizchip_conf.o
 .debug_abbrev  0x000019be      0x331 Internet/MQTT/MQTTClient.o
 .debug_abbrev  0x00001cef      0x1e0 Internet/MQTT/MQTTPacket/src/MQTTConnectClient.o
 .debug_abbrev  0x00001ecf      0x191 Internet/MQTT/MQTTPacket/src/MQTTDeserializePublish.o
 .debug_abbrev  0x00002060      0x339 Internet/MQTT/MQTTPacket/src/MQTTPacket.o
 .debug_abbrev  0x00002399      0x1a6 Internet/MQTT/MQTTPacket/src/MQTTSerializePublish.o
 .debug_abbrev  0x0000253f      0x1b7 Internet/MQTT/MQTTPacket/src/MQTTSubscribeClient.o
 .debug_abbrev  0x000026f6      0x181 Internet/MQTT/mqtt_interface.o
 .debug_abbrev  0x00002877      0x16d json/json_decoder.o
 .debug_abbrev  0x000029e4      0x1b4 json/lexer.o
 .debug_abbrev  0x00002b98      0x11f json/mem_model.o
 .debug_abbrev  0x00002cb7      0x162 json/parser.o
 .debug_abbrev  0x00002e19      0x242 lwm/lwm.o
 .debug_abbrev  0x0000305b      0x4bc main.o
 .debug_abbrev  0x00003517       0x51 spi/spi.o
 .debug_abbrev  0x00003568       0xc3 stack/hal/atmega256rfr2/src/hal.o
 .debug_abbrev  0x0000362b       0xaa stack/hal/atmega256rfr2/src/halTimer.o
 .debug_abbrev  0x000036d5       0xc6 stack/hal/drivers/atmega256rfr2/src/halSleep.o
 .debug_abbrev  0x0000379b      0x16a stack/hal/drivers/atmega256rfr2/src/halUart.o
 .debug_abbrev  0x00003905      0x1b3 stack/nwk/src/nwk.o
 .debug_abbrev  0x00003ab8      0x22a stack/nwk/src/nwkDataReq.o
 .debug_abbrev  0x00003ce2      0x183 stack/nwk/src/nwkFrame.o
 .debug_abbrev  0x00003e65      0x2e6 stack/nwk/src/nwkRoute.o
 .debug_abbrev  0x0000414b      0x361 stack/nwk/src/nwkRx.o
 .debug_abbrev  0x000044ac      0x2b1 stack/nwk/src/nwkTx.o
 .debug_abbrev  0x0000475d      0x230 stack/phy/atmega256rfr2/src/phy.o
 .debug_abbrev  0x0000498d       0x63 stack/sys/src/sys.o
 .debug_abbrev  0x000049f0      0x19b stack/sys/src/sysTimer.o
 .debug_abbrev  0x00004b8b      0x155 uart/uart.o

.debug_line     0x00000000     0x707a
 *(.debug_line .debug_line.* .debug_line_end)
 .debug_line    0x00000000      0x272 C:/Apps/Atmel/Studio/7.0/Packs/atmel/ATmega_DFP/1.7.374/gcc/dev/atmega256rfr2/avr6/crtatmega256rfr2.o
 .debug_line    0x00000272      0xb7d Ethernet/socket.o
 .debug_line    0x00000def      0x3dc Ethernet/W5500/w5500.o
 .debug_line    0x000011cb      0x9fb Ethernet/wizchip_conf.o
 .debug_line    0x00001bc6      0x8d8 Internet/MQTT/MQTTClient.o
 .debug_line    0x0000249e      0x2f1 Internet/MQTT/MQTTPacket/src/MQTTConnectClient.o
 .debug_line    0x0000278f      0x182 Internet/MQTT/MQTTPacket/src/MQTTDeserializePublish.o
 .debug_line    0x00002911      0x547 Internet/MQTT/MQTTPacket/src/MQTTPacket.o
 .debug_line    0x00002e58      0x1f9 Internet/MQTT/MQTTPacket/src/MQTTSerializePublish.o
 .debug_line    0x00003051      0x1f1 Internet/MQTT/MQTTPacket/src/MQTTSubscribeClient.o
 .debug_line    0x00003242      0x225 Internet/MQTT/mqtt_interface.o
 .debug_line    0x00003467      0x1e3 json/json_decoder.o
 .debug_line    0x0000364a      0x292 json/lexer.o
 .debug_line    0x000038dc       0xdd json/mem_model.o
 .debug_line    0x000039b9      0x24a json/parser.o
 .debug_line    0x00003c03      0x335 lwm/lwm.o
 .debug_line    0x00003f38      0x938 main.o
 .debug_line    0x00004870       0xb7 spi/spi.o
 .debug_line    0x00004927      0x167 stack/hal/atmega256rfr2/src/hal.o
 .debug_line    0x00004a8e      0x11e stack/hal/atmega256rfr2/src/halTimer.o
 .debug_line    0x00004bac      0x1a8 stack/hal/drivers/atmega256rfr2/src/halSleep.o
 .debug_line    0x00004d54      0x2b5 stack/hal/drivers/atmega256rfr2/src/halUart.o
 .debug_line    0x00005009      0x2c6 stack/nwk/src/nwk.o
 .debug_line    0x000052cf      0x293 stack/nwk/src/nwkDataReq.o
 .debug_line    0x00005562      0x1e6 stack/nwk/src/nwkFrame.o
 .debug_line    0x00005748      0x52d stack/nwk/src/nwkRoute.o
 .debug_line    0x00005c75      0x65f stack/nwk/src/nwkRx.o
 .debug_line    0x000062d4      0x490 stack/nwk/src/nwkTx.o
 .debug_line    0x00006764      0x3cf stack/phy/atmega256rfr2/src/phy.o
 .debug_line    0x00006b33      0x108 stack/sys/src/sys.o
 .debug_line    0x00006c3b      0x2e7 stack/sys/src/sysTimer.o
 .debug_line    0x00006f22      0x158 uart/uart.o

.debug_frame    0x00000000     0x281c
 *(.debug_frame)
 .debug_frame   0x00000000      0x3a0 Ethernet/socket.o
 .debug_frame   0x000003a0      0x334 Ethernet/W5500/w5500.o
 .debug_frame   0x000006d4      0x320 Ethernet/wizchip_conf.o
 .debug_frame   0x000009f4      0x510 Internet/MQTT/MQTTClient.o
 .debug_frame   0x00000f04      0x130 Internet/MQTT/MQTTPacket/src/MQTTConnectClient.o
 .debug_frame   0x00001034       0xc4 Internet/MQTT/MQTTPacket/src/MQTTDeserializePublish.o
 .debug_frame   0x000010f8      0x368 Internet/MQTT/MQTTPacket/src/MQTTPacket.o
 .debug_frame   0x00001460      0x15c Internet/MQTT/MQTTPacket/src/MQTTSerializePublish.o
 .debug_frame   0x000015bc      0x144 Internet/MQTT/MQTTPacket/src/MQTTSubscribeClient.o
 .debug_frame   0x00001700      0x194 Internet/MQTT/mqtt_interface.o
 .debug_frame   0x00001894       0xd4 json/json_decoder.o
 .debug_frame   0x00001968       0xac json/lexer.o
 .debug_frame   0x00001a14       0x34 json/mem_model.o
 .debug_frame   0x00001a48       0x68 json/parser.o
 .debug_frame   0x00001ab0       0xdc lwm/lwm.o
 .debug_frame   0x00001b8c      0x254 main.o
 .debug_frame   0x00001de0       0x24 spi/spi.o
 .debug_frame   0x00001e04       0x34 stack/hal/atmega256rfr2/src/hal.o
 .debug_frame   0x00001e38       0x54 stack/hal/atmega256rfr2/src/halTimer.o
 .debug_frame   0x00001e8c       0x44 stack/hal/drivers/atmega256rfr2/src/halSleep.o
 .debug_frame   0x00001ed0       0xe4 stack/hal/drivers/atmega256rfr2/src/halUart.o
 .debug_frame   0x00001fb4       0xd4 stack/nwk/src/nwk.o
 .debug_frame   0x00002088       0x88 stack/nwk/src/nwkDataReq.o
 .debug_frame   0x00002110       0x64 stack/nwk/src/nwkFrame.o
 .debug_frame   0x00002174      0x19c stack/nwk/src/nwkRoute.o
 .debug_frame   0x00002310      0x148 stack/nwk/src/nwkRx.o
 .debug_frame   0x00002458      0x124 stack/nwk/src/nwkTx.o
 .debug_frame   0x0000257c      0x13c stack/phy/atmega256rfr2/src/phy.o
 .debug_frame   0x000026b8       0x34 stack/sys/src/sys.o
 .debug_frame   0x000026ec       0xc0 stack/sys/src/sysTimer.o
 .debug_frame   0x000027ac       0x70 uart/uart.o

.debug_str      0x00000000     0x3aa8
 *(.debug_str)
 .debug_str     0x00000000      0x7f7 C:/Apps/Atmel/Studio/7.0/Packs/atmel/ATmega_DFP/1.7.374/gcc/dev/atmega256rfr2/avr6/crtatmega256rfr2.o
 .debug_str     0x000007f7      0x435 Ethernet/socket.o
                                0x49c (size before relaxing)
 .debug_str     0x00000c2c       0xad Ethernet/W5500/w5500.o
                                0x2f2 (size before relaxing)
 .debug_str     0x00000cd9      0x660 Ethernet/wizchip_conf.o
                                0x8f6 (size before relaxing)
 .debug_str     0x00001339      0x5ff Internet/MQTT/MQTTClient.o
                                0x86c (size before relaxing)
 .debug_str     0x00001938      0x13d Internet/MQTT/MQTTPacket/src/MQTTConnectClient.o
                                0x552 (size before relaxing)
 .debug_str     0x00001a75       0x53 Internet/MQTT/MQTTPacket/src/MQTTDeserializePublish.o
                                0x361 (size before relaxing)
 .debug_str     0x00001ac8       0xf1 Internet/MQTT/MQTTPacket/src/MQTTPacket.o
                                0x409 (size before relaxing)
 .debug_str     0x00001bb9       0x93 Internet/MQTT/MQTTPacket/src/MQTTSerializePublish.o
                                0x419 (size before relaxing)
 .debug_str     0x00001c4c       0x84 Internet/MQTT/MQTTPacket/src/MQTTSubscribeClient.o
                                0x41b (size before relaxing)
 .debug_str     0x00001cd0       0x69 Internet/MQTT/mqtt_interface.o
                                0x2e2 (size before relaxing)
 .debug_str     0x00001d39      0x198 json/json_decoder.o
                                0x327 (size before relaxing)
 .debug_str     0x00001ed1      0x116 json/lexer.o
                                0x2e3 (size before relaxing)
 .debug_str     0x00001fe7       0x38 json/mem_model.o
                                0x1f9 (size before relaxing)
 .debug_str     0x0000201f       0x80 json/parser.o
                                0x341 (size before relaxing)
 .debug_str     0x0000209f      0x3e0 lwm/lwm.o
                                0x5b7 (size before relaxing)
 .debug_str     0x0000247f      0x3a0 main.o
                                0xb3d (size before relaxing)
 .debug_str     0x0000281f        0xd spi/spi.o
                                0x187 (size before relaxing)
 .debug_str     0x0000282c       0x55 stack/hal/atmega256rfr2/src/hal.o
                                0x1e4 (size before relaxing)
 .debug_str     0x00002881       0x47 stack/hal/atmega256rfr2/src/halTimer.o
                                0x1de (size before relaxing)
 .debug_str     0x000028c8       0x97 stack/hal/drivers/atmega256rfr2/src/halSleep.o
                                0x229 (size before relaxing)
 .debug_str     0x0000295f       0x9e stack/hal/drivers/atmega256rfr2/src/halUart.o
                                0x2a7 (size before relaxing)
 .debug_str     0x000029fd      0x14c stack/nwk/src/nwk.o
                                0x36b (size before relaxing)
 .debug_str     0x00002b49      0x293 stack/nwk/src/nwkDataReq.o
                                0x59a (size before relaxing)
 .debug_str     0x00002ddc       0x61 stack/nwk/src/nwkFrame.o
                                0x439 (size before relaxing)
 .debug_str     0x00002e3d      0x1f2 stack/nwk/src/nwkRoute.o
                                0x643 (size before relaxing)
 .debug_str     0x0000302f      0x2b6 stack/nwk/src/nwkRx.o
                                0x77c (size before relaxing)
 .debug_str     0x000032e5      0x1c7 stack/nwk/src/nwkTx.o
                                0x70c (size before relaxing)
 .debug_str     0x000034ac      0x518 stack/phy/atmega256rfr2/src/phy.o
                                0x7ab (size before relaxing)
 .debug_str     0x000039c4       0x3a stack/sys/src/sys.o
                                0x206 (size before relaxing)
 .debug_str     0x000039fe       0x47 stack/sys/src/sysTimer.o
                                0x29b (size before relaxing)
 .debug_str     0x00003a45       0x63 uart/uart.o
                                0x219 (size before relaxing)

.debug_loc      0x00000000     0xc8cb
 *(.debug_loc)
 .debug_loc     0x00000000     0x1cb4 Ethernet/socket.o
 .debug_loc     0x00001cb4      0xd54 Ethernet/W5500/w5500.o
 .debug_loc     0x00002a08      0xebd Ethernet/wizchip_conf.o
 .debug_loc     0x000038c5     0x1e3e Internet/MQTT/MQTTClient.o
 .debug_loc     0x00005703      0x76c Internet/MQTT/MQTTPacket/src/MQTTConnectClient.o
 .debug_loc     0x00005e6f      0x55f Internet/MQTT/MQTTPacket/src/MQTTDeserializePublish.o
 .debug_loc     0x000063ce     0x12cc Internet/MQTT/MQTTPacket/src/MQTTPacket.o
 .debug_loc     0x0000769a      0x89a Internet/MQTT/MQTTPacket/src/MQTTSerializePublish.o
 .debug_loc     0x00007f34      0x804 Internet/MQTT/MQTTPacket/src/MQTTSubscribeClient.o
 .debug_loc     0x00008738      0x6f5 Internet/MQTT/mqtt_interface.o
 .debug_loc     0x00008e2d      0x3ab json/json_decoder.o
 .debug_loc     0x000091d8      0x352 json/lexer.o
 .debug_loc     0x0000952a       0x2b json/mem_model.o
 .debug_loc     0x00009555      0x232 json/parser.o
 .debug_loc     0x00009787      0x245 lwm/lwm.o
 .debug_loc     0x000099cc      0x913 main.o
 .debug_loc     0x0000a2df       0x21 stack/hal/atmega256rfr2/src/hal.o
 .debug_loc     0x0000a300       0x62 stack/hal/atmega256rfr2/src/halTimer.o
 .debug_loc     0x0000a362      0x137 stack/hal/drivers/atmega256rfr2/src/halSleep.o
 .debug_loc     0x0000a499      0x212 stack/hal/drivers/atmega256rfr2/src/halUart.o
 .debug_loc     0x0000a6ab      0x12a stack/nwk/src/nwk.o
 .debug_loc     0x0000a7d5      0x1a3 stack/nwk/src/nwkDataReq.o
 .debug_loc     0x0000a978       0xf5 stack/nwk/src/nwkFrame.o
 .debug_loc     0x0000aa6d      0x8e9 stack/nwk/src/nwkRoute.o
 .debug_loc     0x0000b356      0x874 stack/nwk/src/nwkRx.o
 .debug_loc     0x0000bbca      0x5ad stack/nwk/src/nwkTx.o
 .debug_loc     0x0000c177      0x332 stack/phy/atmega256rfr2/src/phy.o
 .debug_loc     0x0000c4a9      0x386 stack/sys/src/sysTimer.o
 .debug_loc     0x0000c82f       0x9c uart/uart.o

.debug_macinfo
 *(.debug_macinfo)

.debug_weaknames
 *(.debug_weaknames)

.debug_funcnames
 *(.debug_funcnames)

.debug_typenames
 *(.debug_typenames)

.debug_varnames
 *(.debug_varnames)

.debug_pubtypes
 *(.debug_pubtypes)

.debug_ranges   0x00000000      0xa98
 *(.debug_ranges)
 .debug_ranges  0x00000000       0x80 Ethernet/socket.o
 .debug_ranges  0x00000080       0x50 Ethernet/W5500/w5500.o
 .debug_ranges  0x000000d0      0x128 Ethernet/wizchip_conf.o
 .debug_ranges  0x000001f8       0xf0 Internet/MQTT/MQTTClient.o
 .debug_ranges  0x000002e8       0x38 Internet/MQTT/MQTTPacket/src/MQTTConnectClient.o
 .debug_ranges  0x00000320       0x18 Internet/MQTT/MQTTPacket/src/MQTTDeserializePublish.o
 .debug_ranges  0x00000338       0xb0 Internet/MQTT/MQTTPacket/src/MQTTPacket.o
 .debug_ranges  0x000003e8       0x38 Internet/MQTT/MQTTPacket/src/MQTTSerializePublish.o
 .debug_ranges  0x00000420       0x38 Internet/MQTT/MQTTPacket/src/MQTTSubscribeClient.o
 .debug_ranges  0x00000458       0x58 Internet/MQTT/mqtt_interface.o
 .debug_ranges  0x000004b0       0x30 json/json_decoder.o
 .debug_ranges  0x000004e0       0x48 json/lexer.o
 .debug_ranges  0x00000528       0x18 json/mem_model.o
 .debug_ranges  0x00000540       0x10 json/parser.o
 .debug_ranges  0x00000550       0x50 lwm/lwm.o
 .debug_ranges  0x000005a0       0xa0 main.o
 .debug_ranges  0x00000640       0x10 spi/spi.o
 .debug_ranges  0x00000650       0x18 stack/hal/atmega256rfr2/src/hal.o
 .debug_ranges  0x00000668       0x20 stack/hal/atmega256rfr2/src/halTimer.o
 .debug_ranges  0x00000688       0x18 stack/hal/drivers/atmega256rfr2/src/halSleep.o
 .debug_ranges  0x000006a0       0x38 stack/hal/drivers/atmega256rfr2/src/halUart.o
 .debug_ranges  0x000006d8       0x78 stack/nwk/src/nwk.o
 .debug_ranges  0x00000750       0x38 stack/nwk/src/nwkDataReq.o
 .debug_ranges  0x00000788       0x30 stack/nwk/src/nwkFrame.o
 .debug_ranges  0x000007b8       0x98 stack/nwk/src/nwkRoute.o
 .debug_ranges  0x00000850       0xb0 stack/nwk/src/nwkRx.o
 .debug_ranges  0x00000900       0x58 stack/nwk/src/nwkTx.o
 .debug_ranges  0x00000958       0x78 stack/phy/atmega256rfr2/src/phy.o
 .debug_ranges  0x000009d0       0x18 stack/sys/src/sys.o
 .debug_ranges  0x000009e8       0x80 stack/sys/src/sysTimer.o
 .debug_ranges  0x00000a68       0x30 uart/uart.o

.debug_macro
 *(.debug_macro)
OUTPUT(Project_LWM.elf elf32-avr)
LOAD linker stubs
