Archive member included to satisfy reference by file (symbol)

c:/apps/atmel/studio/7.0/toolchain/avr8/avr8-gnu-toolchain/bin/../lib/gcc/avr/5.4.0/../../../../avr/lib/avr6\libprintf_flt.a(vfprintf_flt.o)
                              (vfprintf)
c:/apps/atmel/studio/7.0/toolchain/avr8/avr8-gnu-toolchain/bin/../lib/gcc/avr/5.4.0/avr6\libgcc.a(_udivmodsi4.o)
                              stack/hal/drivers/atmega256rfr2/src/halSleep.o (__udivmodsi4)
c:/apps/atmel/studio/7.0/toolchain/avr8/avr8-gnu-toolchain/bin/../lib/gcc/avr/5.4.0/avr6\libgcc.a(_divmodsi4.o)
                              uart/uart.o (__divmodsi4)
c:/apps/atmel/studio/7.0/toolchain/avr8/avr8-gnu-toolchain/bin/../lib/gcc/avr/5.4.0/avr6\libgcc.a(_negsi2.o)
                              c:/apps/atmel/studio/7.0/toolchain/avr8/avr8-gnu-toolchain/bin/../lib/gcc/avr/5.4.0/avr6\libgcc.a(_divmodsi4.o) (__negsi2)
c:/apps/atmel/studio/7.0/toolchain/avr8/avr8-gnu-toolchain/bin/../lib/gcc/avr/5.4.0/avr6\libgcc.a(_exit.o)
                              C:/Apps/Atmel/Studio/7.0/Packs/atmel/ATmega_DFP/1.7.374/gcc/dev/atmega256rfr2/avr6/crtatmega256rfr2.o (exit)
c:/apps/atmel/studio/7.0/toolchain/avr8/avr8-gnu-toolchain/bin/../lib/gcc/avr/5.4.0/avr6\libgcc.a(_tablejump2.o)
                              Ethernet/socket.o (__tablejump2__)
c:/apps/atmel/studio/7.0/toolchain/avr8/avr8-gnu-toolchain/bin/../lib/gcc/avr/5.4.0/avr6\libgcc.a(_copy_data.o)
                              Application/loopback/loopback.o (__do_copy_data)
c:/apps/atmel/studio/7.0/toolchain/avr8/avr8-gnu-toolchain/bin/../lib/gcc/avr/5.4.0/avr6\libgcc.a(_clear_bss.o)
                              Application/PING/ping.o (__do_clear_bss)
c:/apps/atmel/studio/7.0/toolchain/avr8/avr8-gnu-toolchain/bin/../lib/gcc/avr/5.4.0/avr6\libgcc.a(_muluhisi3.o)
                              Internet/MQTT/MQTTClient.o (__muluhisi3)
c:/apps/atmel/studio/7.0/toolchain/avr8/avr8-gnu-toolchain/bin/../lib/gcc/avr/5.4.0/avr6\libgcc.a(_umulhisi3.o)
                              c:/apps/atmel/studio/7.0/toolchain/avr8/avr8-gnu-toolchain/bin/../lib/gcc/avr/5.4.0/avr6\libgcc.a(_muluhisi3.o) (__umulhisi3)
c:/apps/atmel/studio/7.0/toolchain/avr8/avr8-gnu-toolchain/bin/../lib/gcc/avr/5.4.0/../../../../avr/lib/avr6\libc.a(malloc.o)
                              main.o (__brkval)
c:/apps/atmel/studio/7.0/toolchain/avr8/avr8-gnu-toolchain/bin/../lib/gcc/avr/5.4.0/../../../../avr/lib/avr6\libc.a(rand.o)
                              stack/nwk/src/nwkTx.o (rand)
c:/apps/atmel/studio/7.0/toolchain/avr8/avr8-gnu-toolchain/bin/../lib/gcc/avr/5.4.0/../../../../avr/lib/avr6\libc.a(ftoa_engine.o)
                              c:/apps/atmel/studio/7.0/toolchain/avr8/avr8-gnu-toolchain/bin/../lib/gcc/avr/5.4.0/../../../../avr/lib/avr6\libprintf_flt.a(vfprintf_flt.o) (__ftoa_engine)
c:/apps/atmel/studio/7.0/toolchain/avr8/avr8-gnu-toolchain/bin/../lib/gcc/avr/5.4.0/../../../../avr/lib/avr6\libc.a(strnlen_P.o)
                              c:/apps/atmel/studio/7.0/toolchain/avr8/avr8-gnu-toolchain/bin/../lib/gcc/avr/5.4.0/../../../../avr/lib/avr6\libprintf_flt.a(vfprintf_flt.o) (strnlen_P)
c:/apps/atmel/studio/7.0/toolchain/avr8/avr8-gnu-toolchain/bin/../lib/gcc/avr/5.4.0/../../../../avr/lib/avr6\libc.a(memcmp.o)
                              Internet/MQTT/MQTTPacket/src/MQTTConnectServer.o (memcmp)
c:/apps/atmel/studio/7.0/toolchain/avr8/avr8-gnu-toolchain/bin/../lib/gcc/avr/5.4.0/../../../../avr/lib/avr6\libc.a(memcpy.o)
                              Internet/MQTT/MQTTPacket/src/MQTTPacket.o (memcpy)
c:/apps/atmel/studio/7.0/toolchain/avr8/avr8-gnu-toolchain/bin/../lib/gcc/avr/5.4.0/../../../../avr/lib/avr6\libc.a(strncmp.o)
                              Internet/MQTT/MQTTPacket/src/MQTTPacket.o (strncmp)
c:/apps/atmel/studio/7.0/toolchain/avr8/avr8-gnu-toolchain/bin/../lib/gcc/avr/5.4.0/../../../../avr/lib/avr6\libc.a(strncpy.o)
                              main.o (strncpy)
c:/apps/atmel/studio/7.0/toolchain/avr8/avr8-gnu-toolchain/bin/../lib/gcc/avr/5.4.0/../../../../avr/lib/avr6\libc.a(strnlen.o)
                              c:/apps/atmel/studio/7.0/toolchain/avr8/avr8-gnu-toolchain/bin/../lib/gcc/avr/5.4.0/../../../../avr/lib/avr6\libprintf_flt.a(vfprintf_flt.o) (strnlen)
c:/apps/atmel/studio/7.0/toolchain/avr8/avr8-gnu-toolchain/bin/../lib/gcc/avr/5.4.0/../../../../avr/lib/avr6\libc.a(fputc.o)
                              c:/apps/atmel/studio/7.0/toolchain/avr8/avr8-gnu-toolchain/bin/../lib/gcc/avr/5.4.0/../../../../avr/lib/avr6\libprintf_flt.a(vfprintf_flt.o) (fputc)
c:/apps/atmel/studio/7.0/toolchain/avr8/avr8-gnu-toolchain/bin/../lib/gcc/avr/5.4.0/../../../../avr/lib/avr6\libc.a(iob.o)
                              main.o (__iob)
c:/apps/atmel/studio/7.0/toolchain/avr8/avr8-gnu-toolchain/bin/../lib/gcc/avr/5.4.0/../../../../avr/lib/avr6\libc.a(printf.o)
                              Application/loopback/loopback.o (printf)
[...]
Memory Configuration

Name             Origin             Length             Attributes
text             0x00000000         0x00040000         xr
data             0x00800200         0x00008000         rw !x
eeprom           0x00810000         0x00002000         rw !x
fuse             0x00820000         0x00000003         rw !x
lock             0x00830000         0x00000400         rw !x
signature        0x00840000         0x00000400         rw !x
user_signatures  0x00850000         0x00000400         rw !x
*default*        0x00000000         0xffffffff

Linker script and memory map

Address of section .data set to 0x800200
LOAD C:/Apps/Atmel/Studio/7.0/Packs/atmel/ATmega_DFP/1.7.374/gcc/dev/atmega256rfr2/avr6/crtatmega256rfr2.o
LOAD Application/loopback/loopback.o
LOAD Application/PING/ping.o
LOAD Ethernet/socket.o
LOAD Ethernet/W5500/w5500.o
LOAD Ethernet/wizchip_conf.o
LOAD Internet/MQTT/MQTTClient.o
LOAD Internet/MQTT/MQTTPacket/src/MQTTConnectClient.o
LOAD Internet/MQTT/MQTTPacket/src/MQTTConnectServer.o
LOAD Internet/MQTT/MQTTPacket/src/MQTTDeserializePublish.o
LOAD Internet/MQTT/MQTTPacket/src/MQTTFormat.o
LOAD Internet/MQTT/MQTTPacket/src/MQTTPacket.o
LOAD Internet/MQTT/MQTTPacket/src/MQTTSerializePublish.o
LOAD Internet/MQTT/MQTTPacket/src/MQTTSubscribeClient.o
LOAD Internet/MQTT/MQTTPacket/src/MQTTSubscribeServer.o
LOAD Internet/MQTT/MQTTPacket/src/MQTTUnsubscribeClient.o
LOAD Internet/MQTT/MQTTPacket/src/MQTTUnsubscribeServer.o
LOAD Internet/MQTT/mqtt_interface.o
LOAD lwm/lwm.o
LOAD main.o
LOAD spi/spi.o
LOAD stack/hal/atmega256rfr2/src/hal.o
LOAD stack/hal/atmega256rfr2/src/halTimer.o
LOAD stack/hal/drivers/atmega256rfr2/src/halSleep.o
LOAD stack/hal/drivers/atmega256rfr2/src/halUart.o
LOAD stack/nwk/src/nwk.o
LOAD stack/nwk/src/nwkDataReq.o
LOAD stack/nwk/src/nwkFrame.o
LOAD stack/nwk/src/nwkGroup.o
LOAD stack/nwk/src/nwkRoute.o
LOAD stack/nwk/src/nwkRouteDiscovery.o
LOAD stack/nwk/src/nwkRx.o
LOAD stack/nwk/src/nwkSecurity.o
LOAD stack/nwk/src/nwkTx.o
LOAD stack/phy/atmega256rfr2/src/phy.o
LOAD stack/sys/src/sys.o
LOAD stack/sys/src/sysEncrypt.o
LOAD stack/sys/src/sysTimer.o
LOAD uart/uart.o
START GROUP
LOAD c:/apps/atmel/studio/7.0/toolchain/avr8/avr8-gnu-toolchain/bin/../lib/gcc/avr/5.4.0/../../../../avr/lib/avr6\libm.a
END GROUP
LOAD c:/apps/atmel/studio/7.0/toolchain/avr8/avr8-gnu-toolchain/bin/../lib/gcc/avr/5.4.0/../../../../avr/lib/avr6\libprintf_flt.a
START GROUP
LOAD c:/apps/atmel/studio/7.0/toolchain/avr8/avr8-gnu-toolchain/bin/../lib/gcc/avr/5.4.0/avr6\libgcc.a
LOAD c:/apps/atmel/studio/7.0/toolchain/avr8/avr8-gnu-toolchain/bin/../lib/gcc/avr/5.4.0/../../../../avr/lib/avr6\libm.a
LOAD c:/apps/atmel/studio/7.0/toolchain/avr8/avr8-gnu-toolchain/bin/../lib/gcc/avr/5.4.0/../../../../avr/lib/avr6\libc.a
LOAD C:/Apps/Atmel/Studio/7.0/Packs/atmel/ATmega_DFP/1.7.374/gcc/dev/atmega256rfr2/avr6\libatmega256rfr2.a
END GROUP
                [0x00000000]                __TEXT_REGION_ORIGIN__ = DEFINED (__TEXT_REGION_ORIGIN__)?__TEXT_REGION_ORIGIN__:0x0
                [0x00800200]                __DATA_REGION_ORIGIN__ = DEFINED (__DATA_REGION_ORIGIN__)?__DATA_REGION_ORIGIN__:0x800200
                [0x00040000]                __TEXT_REGION_LENGTH__ = DEFINED (__TEXT_REGION_LENGTH__)?__TEXT_REGION_LENGTH__:0x100000
                [0x00008000]                __DATA_REGION_LENGTH__ = DEFINED (__DATA_REGION_LENGTH__)?__DATA_REGION_LENGTH__:0xfe00
                [0x00002000]                __EEPROM_REGION_LENGTH__ = DEFINED (__EEPROM_REGION_LENGTH__)?__EEPROM_REGION_LENGTH__:0x10000
                [0x00000003]                __FUSE_REGION_LENGTH__ = DEFINED (__FUSE_REGION_LENGTH__)?__FUSE_REGION_LENGTH__:0x400
                0x00000400                __LOCK_REGION_LENGTH__ = DEFINED (__LOCK_REGION_LENGTH__)?__LOCK_REGION_LENGTH__:0x400
                0x00000400                __SIGNATURE_REGION_LENGTH__ = DEFINED (__SIGNATURE_REGION_LENGTH__)?__SIGNATURE_REGION_LENGTH__:0x400
                0x00000400                __USER_SIGNATURE_REGION_LENGTH__ = DEFINED (__USER_SIGNATURE_REGION_LENGTH__)?__USER_SIGNATURE_REGION_LENGTH__:0x400

.hash
 *(.hash)

.dynsym
 *(.dynsym)

.dynstr
 *(.dynstr)

.gnu.version
 *(.gnu.version)

.gnu.version_d
 *(.gnu.version_d)

.gnu.version_r
 *(.gnu.version_r)

.rel.init
 *(.rel.init)

.rela.init
 *(.rela.init)

.rel.text
 *(.rel.text)
 *(.rel.text.*)
 *(.rel.gnu.linkonce.t*)

.rela.text
 *(.rela.text)
 *(.rela.text.*)
 *(.rela.gnu.linkonce.t*)

.rel.fini
 *(.rel.fini)

.rela.fini
 *(.rela.fini)

.rel.rodata
 *(.rel.rodata)
 *(.rel.rodata.*)
 *(.rel.gnu.linkonce.r*)

.rela.rodata
 *(.rela.rodata)
 *(.rela.rodata.*)
 *(.rela.gnu.linkonce.r*)

.rel.data
 *(.rel.data)
 *(.rel.data.*)
 *(.rel.gnu.linkonce.d*)

.rela.data
 *(.rela.data)
 *(.rela.data.*)
 *(.rela.gnu.linkonce.d*)

.rel.ctors
 *(.rel.ctors)

.rela.ctors
 *(.rela.ctors)

.rel.dtors
 *(.rel.dtors)

.rela.dtors
 *(.rela.dtors)

.rel.got
 *(.rel.got)

.rela.got
 *(.rela.got)

.rel.bss
 *(.rel.bss)

.rela.bss
 *(.rela.bss)

.rel.plt
 *(.rel.plt)

.rela.plt
 *(.rela.plt)

.text           0x00000000     0x6b5c
 *(.vectors)
 .vectors       0x00000000      0x134 C:/Apps/Atmel/Studio/7.0/Packs/atmel/ATmega_DFP/1.7.374/gcc/dev/atmega256rfr2/avr6/crtatmega256rfr2.o
                0x00000000                __vector_default
                0x00000000                __vectors
 *(.vectors)
 *(.progmem.gcc*)
 .progmem.gcc_sw_table.ctlwizchip
                0x00000134       0x20 Ethernet/wizchip_conf.o
                0x00000154                . = ALIGN (0x2)
                0x00000154                __trampolines_start = .
 *(.trampolines)
 .trampolines   0x00000154        0x0 linker stubs
 *(.trampolines*)
                0x00000154                __trampolines_end = .
 *libprintf_flt.a:*(.progmem.data)
 .progmem.data  0x00000154        0x8 c:/apps/atmel/studio/7.0/toolchain/avr8/avr8-gnu-toolchain/bin/../lib/gcc/avr/5.4.0/../../../../avr/lib/avr6\libprintf_flt.a(vfprintf_flt.o)
 *libc.a:*(.progmem.data)
 .progmem.data  0x0000015c       0xfa c:/apps/atmel/studio/7.0/toolchain/avr8/avr8-gnu-toolchain/bin/../lib/gcc/avr/5.4.0/../../../../avr/lib/avr6\libc.a(ftoa_engine.o)
 *(.progmem*)
 .progmem.data.__c.3639
                0x00000256        0xa main.o
 .progmem.data.__c.3637
                0x00000260        0xc main.o
 .progmem.data.__c.3634
                0x0000026c       0x2a main.o
 .progmem.data.__c.3632
                0x00000296       0x15 main.o
 .progmem.data.__c.3630
                0x000002ab       0x2c main.o
 .progmem.data.__c.3609
                0x000002d7       0x1e main.o
 .progmem.data.__c.3613
                0x000002f5       0x15 main.o
 .progmem.data.__c.3607
                0x0000030a       0x20 main.o
 .progmem.data.__c.3604
                0x0000032a       0x32 main.o
 .progmem.data.__c.3594
                0x0000035c       0x1b main.o
 .progmem.data.__c.3517
                0x00000377       0x3d main.o
 .progmem.data.__c.3515
                0x000003b4        0xb main.o
 .progmem.data.__c.3513
                0x000003bf        0x8 main.o
 .progmem.data.__c.3510
                0x000003c7       0x14 main.o
 .progmem.data.__c.3499
                0x000003db       0x14 main.o
                0x000003f0                . = ALIGN (0x2)
 *fill*         0x000003ef        0x1 
 *(.jumptables)
 *(.jumptables*)
 *(.lowtext)
 *(.lowtext*)
                0x000003f0                __ctors_start = .
 *(.ctors)
                0x000003f0                __ctors_end = .
                0x000003f0                __dtors_start = .
 *(.dtors)
                0x000003f0                __dtors_end = .
 SORT(*)(.ctors)
 SORT(*)(.dtors)
 *(.init0)
 .init0         0x000003f0        0x0 C:/Apps/Atmel/Studio/7.0/Packs/atmel/ATmega_DFP/1.7.374/gcc/dev/atmega256rfr2/avr6/crtatmega256rfr2.o
                0x000003f0                __init
 *(.init0)
 *(.init1)
 *(.init1)
 *(.init2)
 .init2         0x000003f0       0x10 C:/Apps/Atmel/Studio/7.0/Packs/atmel/ATmega_DFP/1.7.374/gcc/dev/atmega256rfr2/avr6/crtatmega256rfr2.o
 *(.init2)
 *(.init3)
 .init3         0x00000400       0x1e main.o
                0x00000400                get_mcusr
 *(.init3)
 *(.init4)
 .init4         0x0000041e       0x1a c:/apps/atmel/studio/7.0/toolchain/avr8/avr8-gnu-toolchain/bin/../lib/gcc/avr/5.4.0/avr6\libgcc.a(_copy_data.o)
                0x0000041e                __do_copy_data
 .init4         0x00000438       0x10 c:/apps/atmel/studio/7.0/toolchain/avr8/avr8-gnu-toolchain/bin/../lib/gcc/avr/5.4.0/avr6\libgcc.a(_clear_bss.o)
                0x00000438                __do_clear_bss
 *(.init4)
 *(.init5)
 *(.init5)
 *(.init6)
 *(.init6)
 *(.init7)
 *(.init7)
 *(.init8)
 *(.init8)
 *(.init9)
 .init9         0x00000448        0x8 C:/Apps/Atmel/Studio/7.0/Packs/atmel/ATmega_DFP/1.7.374/gcc/dev/atmega256rfr2/avr6/crtatmega256rfr2.o
 *(.init9)
 *(.text)
 .text          0x00000450        0x2 C:/Apps/Atmel/Studio/7.0/Packs/atmel/ATmega_DFP/1.7.374/gcc/dev/atmega256rfr2/avr6/crtatmega256rfr2.o
                0x00000450                __vector_38
                0x00000450                __vector_22
                0x00000450                __vector_63
                0x00000450                __vector_28
                0x00000450                __vector_67
                0x00000450                __vector_1
                0x00000450                __vector_32
                0x00000450                __vector_75
                0x00000450                __vector_71
                0x00000450                __vector_34
                0x00000450                __vector_62
                0x00000450                __vector_24
                0x00000450                __vector_12
                0x00000450                __vector_55
                0x00000450                __vector_69
                0x00000450                __vector_46
                0x00000450                __bad_interrupt
                0x00000450                __vector_72
                0x00000450                __vector_6
                0x00000450                __vector_31
                0x00000450                __vector_35
                0x00000450                __vector_74
                0x00000450                __vector_39
                0x00000450                __vector_3
                0x00000450                __vector_23
                0x00000450                __vector_68
                0x00000450                __vector_30
                0x00000450                __vector_73
                0x00000450                __vector_45
                0x00000450                __vector_25
                0x00000450                __vector_61
                0x00000450                __vector_11
                0x00000450                __vector_54
                0x00000450                __vector_17
                0x00000450                __vector_19
                0x00000450                __vector_56
                0x00000450                __vector_7
                0x00000450                __vector_49
                0x00000450                __vector_41
                0x00000450                __vector_64
                0x00000450                __vector_43
                0x00000450                __vector_27
                0x00000450                __vector_5
                0x00000450                __vector_33
                0x00000450                __vector_76
                0x00000450                __vector_47
                0x00000450                __vector_52
                0x00000450                __vector_4
                0x00000450                __vector_44
                0x00000450                __vector_51
                0x00000450                __vector_9
                0x00000450                __vector_2
                0x00000450                __vector_15
                0x00000450                __vector_66
                0x00000450                __vector_58
                0x00000450                __vector_70
                0x00000450                __vector_29
                0x00000450                __vector_60
                0x00000450                __vector_40
                0x00000450                __vector_8
                0x00000450                __vector_26
                0x00000450                __vector_48
                0x00000450                __vector_14
                0x00000450                __vector_57
                0x00000450                __vector_53
                0x00000450                __vector_10
                0x00000450                __vector_50
                0x00000450                __vector_16
                0x00000450                __vector_59
                0x00000450                __vector_18
                0x00000450                __vector_20
                0x00000450                __vector_65
                0x00000452                . = ALIGN (0x2)
 *(.text.*)
 .text.close    0x00000452       0xe0 Ethernet/socket.o
                0x00000452                close
 .text.socket   0x00000532      0x1fa Ethernet/socket.o
                0x00000532                socket
 .text.connect  0x0000072c      0x1a6 Ethernet/socket.o
                0x0000072c                connect
 .text.disconnect
                0x000008d2       0xe8 Ethernet/socket.o
                0x000008d2                disconnect
 .text.send     0x000009ba      0x226 Ethernet/socket.o
                0x000009ba                send
 .text.recv     0x00000be0      0x17e Ethernet/socket.o
                0x00000be0                recv
 .text.WIZCHIP_READ
                0x00000d5e       0xce Ethernet/W5500/w5500.o
                0x00000d5e                WIZCHIP_READ
 .text.WIZCHIP_WRITE
                0x00000e2c       0xe4 Ethernet/W5500/w5500.o
                0x00000e2c                WIZCHIP_WRITE
 .text.WIZCHIP_READ_BUF
                0x00000f10      0x104 Ethernet/W5500/w5500.o
                0x00000f10                WIZCHIP_READ_BUF
 .text.WIZCHIP_WRITE_BUF
                0x00001014      0x10e Ethernet/W5500/w5500.o
                0x00001014                WIZCHIP_WRITE_BUF
 .text.getSn_TX_FSR
                0x00001122       0xb0 Ethernet/W5500/w5500.o
                0x00001122                getSn_TX_FSR
 .text.getSn_RX_RSR
                0x000011d2       0xb0 Ethernet/W5500/w5500.o
                0x000011d2                getSn_RX_RSR
 .text.wiz_send_data
                0x00001282      0x10e Ethernet/W5500/w5500.o
                0x00001282                wiz_send_data
 .text.wiz_recv_data
                0x00001390      0x10e Ethernet/W5500/w5500.o
                0x00001390                wiz_recv_data
 .text.wizchip_cris_enter
                0x0000149e        0x2 Ethernet/wizchip_conf.o
                0x0000149e                wizchip_cris_enter
 .text.wizchip_cris_exit
                0x000014a0        0x2 Ethernet/wizchip_conf.o
                0x000014a0                wizchip_cris_exit
 .text.wizchip_cs_select
                0x000014a2        0x2 Ethernet/wizchip_conf.o
                0x000014a2                wizchip_cs_select
 .text.wizchip_cs_deselect
                0x000014a4        0x2 Ethernet/wizchip_conf.o
                0x000014a4                wizchip_cs_deselect
 .text.wizchip_bus_readdata
                0x000014a6        0x6 Ethernet/wizchip_conf.o
                0x000014a6                wizchip_bus_readdata
 .text.wizchip_bus_writedata
                0x000014ac        0x6 Ethernet/wizchip_conf.o
                0x000014ac                wizchip_bus_writedata
 .text.wizchip_spi_readbyte
                0x000014b2        0x4 Ethernet/wizchip_conf.o
                0x000014b2                wizchip_spi_readbyte
 .text.wizchip_spi_writebyte
                0x000014b6        0x2 Ethernet/wizchip_conf.o
                0x000014b6                wizchip_spi_writebyte
 .text.wizchip_spi_readburst
                0x000014b8        0x2 Ethernet/wizchip_conf.o
                0x000014b8                wizchip_spi_readburst
 .text.wizchip_spi_writeburst
                0x000014ba        0x2 Ethernet/wizchip_conf.o
                0x000014ba                wizchip_spi_writeburst
 .text.reg_wizchip_cs_cbfunc
                0x000014bc       0x2e Ethernet/wizchip_conf.o
                0x000014bc                reg_wizchip_cs_cbfunc
 .text.reg_wizchip_spi_cbfunc
                0x000014ea       0x3a Ethernet/wizchip_conf.o
                0x000014ea                reg_wizchip_spi_cbfunc
 .text.reg_wizchip_spiburst_cbfunc
                0x00001524       0x3a Ethernet/wizchip_conf.o
                0x00001524                reg_wizchip_spiburst_cbfunc
 .text.wizchip_sw_reset
                0x0000155e       0xd8 Ethernet/wizchip_conf.o
                0x0000155e                wizchip_sw_reset
 .text.wizchip_init
                0x00001636       0xf2 Ethernet/wizchip_conf.o
                0x00001636                wizchip_init
 .text.wizchip_clrinterrupt
                0x00001728       0x22 Ethernet/wizchip_conf.o
                0x00001728                wizchip_clrinterrupt
 .text.wizchip_getinterrupt
                0x0000174a       0x28 Ethernet/wizchip_conf.o
                0x0000174a                wizchip_getinterrupt
 .text.wizchip_setinterruptmask
                0x00001772       0x20 Ethernet/wizchip_conf.o
                0x00001772                wizchip_setinterruptmask
 .text.wizchip_getinterruptmask
                0x00001792       0x26 Ethernet/wizchip_conf.o
                0x00001792                wizchip_getinterruptmask
 .text.wizphy_getphylink
                0x000017b8       0x16 Ethernet/wizchip_conf.o
                0x000017b8                wizphy_getphylink
 .text.wizphy_getphypmode
                0x000017ce       0x18 Ethernet/wizchip_conf.o
                0x000017ce                wizphy_getphypmode
 .text.wizphy_reset
                0x000017e6       0x32 Ethernet/wizchip_conf.o
                0x000017e6                wizphy_reset
 .text.wizphy_setphyconf
                0x00001818       0x42 Ethernet/wizchip_conf.o
                0x00001818                wizphy_setphyconf
 .text.wizphy_getphyconf
                0x0000185a       0x58 Ethernet/wizchip_conf.o
                0x0000185a                wizphy_getphyconf
 .text.wizphy_setphypmode
                0x000018b2       0x5a Ethernet/wizchip_conf.o
                0x000018b2                wizphy_setphypmode
 .text.ctlwizchip
                0x0000190c      0x116 Ethernet/wizchip_conf.o
                0x0000190c                ctlwizchip
 .text.wizchip_setnetinfo
                0x00001a22       0x72 Ethernet/wizchip_conf.o
                0x00001a22                wizchip_setnetinfo
 .text.wizchip_getnetinfo
                0x00001a94       0x72 Ethernet/wizchip_conf.o
                0x00001a94                wizchip_getnetinfo
 .text.NewMessageData
                0x00001b06        0xc Internet/MQTT/MQTTClient.o
                0x00001b06                NewMessageData
 .text.getNextPacketId
                0x00001b12       0x36 Internet/MQTT/MQTTClient.o
                0x00001b12                getNextPacketId
 .text.sendPacket
                0x00001b48       0xca Internet/MQTT/MQTTClient.o
                0x00001b48                sendPacket
 .text.MQTTClient
                0x00001c12       0xba Internet/MQTT/MQTTClient.o
                0x00001c12                MQTTClient
 .text.decodePacket
                0x00001ccc      0x142 Internet/MQTT/MQTTClient.o
                0x00001ccc                decodePacket
 .text.readPacket
                0x00001e0e      0x150 Internet/MQTT/MQTTClient.o
                0x00001e0e                readPacket
 .text.isTopicMatched
                0x00001f5e       0x88 Internet/MQTT/MQTTClient.o
                0x00001f5e                isTopicMatched
 .text.deliverMessage
                0x00001fe6      0x13a Internet/MQTT/MQTTClient.o
                0x00001fe6                deliverMessage
 .text.keepalive
                0x00002120       0xc4 Internet/MQTT/MQTTClient.o
                0x00002120                keepalive
 .text.cycle    0x000021e4      0x232 Internet/MQTT/MQTTClient.o
                0x000021e4                cycle
 .text.MQTTYield
                0x00002416       0x88 Internet/MQTT/MQTTClient.o
                0x00002416                MQTTYield
 .text.waitfor  0x0000249e       0x64 Internet/MQTT/MQTTClient.o
                0x0000249e                waitfor
 .text.MQTTConnect
                0x00002502      0x176 Internet/MQTT/MQTTClient.o
                0x00002502                MQTTConnect
 .text.MQTTSubscribe
                0x00002678      0x204 Internet/MQTT/MQTTClient.o
                0x00002678                MQTTSubscribe
 .text.MQTTPublish
                0x0000287c      0x216 Internet/MQTT/MQTTClient.o
                0x0000287c                MQTTPublish
 .text.MQTTSerialize_connectLength
                0x00002a92      0x13e Internet/MQTT/MQTTPacket/src/MQTTConnectClient.o
                0x00002a92                MQTTSerialize_connectLength
 .text.MQTTSerialize_connect
                0x00002bd0      0x1dc Internet/MQTT/MQTTPacket/src/MQTTConnectClient.o
                0x00002bd0                MQTTSerialize_connect
 .text.MQTTDeserialize_connack
                0x00002dac       0x8e Internet/MQTT/MQTTPacket/src/MQTTConnectClient.o
                0x00002dac                MQTTDeserialize_connack
 .text.MQTTSerialize_zero
                0x00002e3a       0x64 Internet/MQTT/MQTTPacket/src/MQTTConnectClient.o
                0x00002e3a                MQTTSerialize_zero
 .text.MQTTSerialize_pingreq
                0x00002e9e        0x6 Internet/MQTT/MQTTPacket/src/MQTTConnectClient.o
                0x00002e9e                MQTTSerialize_pingreq
 .text.MQTTDeserialize_publish
                0x00002ea4      0x13a Internet/MQTT/MQTTPacket/src/MQTTDeserializePublish.o
                0x00002ea4                MQTTDeserialize_publish
 .text.MQTTDeserialize_ack
                0x00002fde       0x8e Internet/MQTT/MQTTPacket/src/MQTTDeserializePublish.o
                0x00002fde                MQTTDeserialize_ack
 .text.bufchar  0x0000306c       0x4a Internet/MQTT/MQTTPacket/src/MQTTPacket.o
                0x0000306c                bufchar
 .text.MQTTPacket_encode
                0x000030b6       0xb4 Internet/MQTT/MQTTPacket/src/MQTTPacket.o
                0x000030b6                MQTTPacket_encode
 .text.MQTTPacket_decode
                0x0000316a      0x108 Internet/MQTT/MQTTPacket/src/MQTTPacket.o
                0x0000316a                MQTTPacket_decode
 .text.MQTTPacket_len
                0x00003272       0x5c Internet/MQTT/MQTTPacket/src/MQTTPacket.o
                0x00003272                MQTTPacket_len
 .text.MQTTPacket_decodeBuf
                0x000032ce       0x10 Internet/MQTT/MQTTPacket/src/MQTTPacket.o
                0x000032ce                MQTTPacket_decodeBuf
 .text.readInt  0x000032de       0x26 Internet/MQTT/MQTTPacket/src/MQTTPacket.o
                0x000032de                readInt
 .text.readChar
                0x00003304       0x10 Internet/MQTT/MQTTPacket/src/MQTTPacket.o
                0x00003304                readChar
 .text.writeChar
                0x00003314       0x14 Internet/MQTT/MQTTPacket/src/MQTTPacket.o
                0x00003314                writeChar
 .text.writeInt
                0x00003328       0x5c Internet/MQTT/MQTTPacket/src/MQTTPacket.o
                0x00003328                writeInt
 .text.writeCString
                0x00003384       0x50 Internet/MQTT/MQTTPacket/src/MQTTPacket.o
                0x00003384                writeCString
 .text.writeMQTTString
                0x000033d4       0xa6 Internet/MQTT/MQTTPacket/src/MQTTPacket.o
                0x000033d4                writeMQTTString
 .text.readMQTTLenString
                0x0000347a       0x7c Internet/MQTT/MQTTPacket/src/MQTTPacket.o
                0x0000347a                readMQTTLenString
 .text.MQTTstrlen
                0x000034f6       0x5c Internet/MQTT/MQTTPacket/src/MQTTPacket.o
                0x000034f6                MQTTstrlen
 .text.MQTTPacket_equals
                0x00003552       0x84 Internet/MQTT/MQTTPacket/src/MQTTPacket.o
                0x00003552                MQTTPacket_equals
 .text.MQTTSerialize_publishLength
                0x000035d6       0x80 Internet/MQTT/MQTTPacket/src/MQTTSerializePublish.o
                0x000035d6                MQTTSerialize_publishLength
 .text.MQTTSerialize_publish
                0x00003656      0x124 Internet/MQTT/MQTTPacket/src/MQTTSerializePublish.o
                0x00003656                MQTTSerialize_publish
 .text.MQTTSerialize_ack
                0x0000377a       0x9c Internet/MQTT/MQTTPacket/src/MQTTSerializePublish.o
                0x0000377a                MQTTSerialize_ack
 .text.MQTTSerialize_subscribeLength
                0x00003816       0xa0 Internet/MQTT/MQTTPacket/src/MQTTSubscribeClient.o
                0x00003816                MQTTSerialize_subscribeLength
 .text.MQTTSerialize_subscribe
                0x000038b6      0x13c Internet/MQTT/MQTTPacket/src/MQTTSubscribeClient.o
                0x000038b6                MQTTSerialize_subscribe
 .text.MQTTDeserialize_suback
                0x000039f2      0x124 Internet/MQTT/MQTTPacket/src/MQTTSubscribeClient.o
                0x000039f2                MQTTDeserialize_suback
 .text.w5500_read
                0x00003b16       0x96 Internet/MQTT/mqtt_interface.o
                0x00003b16                w5500_read
 .text.w5500_write
                0x00003bac       0x84 Internet/MQTT/mqtt_interface.o
                0x00003bac                w5500_write
 .text.w5500_disconnect
                0x00003c30        0xa Internet/MQTT/mqtt_interface.o
                0x00003c30                w5500_disconnect
 .text.expired  0x00003c3a       0x42 Internet/MQTT/mqtt_interface.o
                0x00003c3a                expired
 .text.countdown_ms
                0x00003c7c       0x3a Internet/MQTT/mqtt_interface.o
                0x00003c7c                countdown_ms
 .text.countdown
                0x00003cb6       0x54 Internet/MQTT/mqtt_interface.o
                0x00003cb6                countdown
 .text.left_ms  0x00003d0a       0x3e Internet/MQTT/mqtt_interface.o
                0x00003d0a                left_ms
 .text.InitTimer
                0x00003d48        0xc Internet/MQTT/mqtt_interface.o
                0x00003d48                InitTimer
 .text.NewNetwork
                0x00003d54       0x1c Internet/MQTT/mqtt_interface.o
                0x00003d54                NewNetwork
 .text.ConnectNetwork
                0x00003d70       0x3e Internet/MQTT/mqtt_interface.o
                0x00003d70                ConnectNetwork
 .text.appDataConf
                0x00003dae        0x6 lwm/lwm.o
                0x00003dae                appDataConf
 .text.appTimerHandler
                0x00003db4        0x2 lwm/lwm.o
                0x00003db4                appTimerHandler
 .text.appDataInd_ACK
                0x00003db6       0x32 lwm/lwm.o
                0x00003db6                appDataInd_ACK
 .text.sendOK   0x00003de8       0x4a lwm/lwm.o
                0x00003de8                sendOK
 .text.appDataInd
                0x00003e32       0x3a lwm/lwm.o
                0x00003e32                appDataInd
 .text.HAL_UartBytesReceived
                0x00003e6c       0x50 lwm/lwm.o
                0x00003e6c                HAL_UartBytesReceived
 .text.appInit  0x00003ebc       0x48 lwm/lwm.o
                0x00003ebc                appInit
 .text.APP_TaskHandler
                0x00003f04       0x12 lwm/lwm.o
                0x00003f04                APP_TaskHandler
 .text.freeRam  0x00003f16       0x32 main.o
 .text.cs_sel   0x00003f48        0x8 main.o
                0x00003f48                cs_sel
 .text.cs_desel
                0x00003f50        0x8 main.o
                0x00003f50                cs_desel
 .text.spi_rb   0x00003f58        0xc main.o
                0x00003f58                spi_rb
 .text.spi_wb   0x00003f64        0xa main.o
                0x00003f64                spi_wb
 .text.spi_rb_burst
                0x00003f6e       0x22 main.o
                0x00003f6e                spi_rb_burst
 .text.spi_wb_burst
                0x00003f90       0x24 main.o
                0x00003f90                spi_wb_burst
 .text.messageArrived
                0x00003fb4       0xd0 main.o
                0x00003fb4                messageArrived
 .text.mqtt_pub
                0x00004084      0x118 main.o
                0x00004084                mqtt_pub
 .text.__vector_21
                0x0000419c       0x4a main.o
                0x0000419c                __vector_21
 .text.millis   0x000041e6       0x16 main.o
                0x000041e6                millis
 .text.IO_LIBRARY_Init
                0x000041fc       0x70 main.o
                0x000041fc                IO_LIBRARY_Init
 .text.timer0_init
                0x0000426c       0x22 main.o
                0x0000426c                timer0_init
 .text.avr_init
                0x0000428e       0x30 main.o
 .text.print_network_information
                0x000042be      0x17c main.o
                0x000042be                print_network_information
 .text.main     0x0000443a      0x30c main.o
                0x0000443a                main
 .text.spi_init
                0x00004746       0x26 spi/spi.o
                0x00004746                spi_init
 .text.HAL_Init
                0x0000476c       0x28 stack/hal/atmega256rfr2/src/hal.o
                0x0000476c                HAL_Init
 .text.HAL_TimerInit
                0x00004794       0x2a stack/hal/atmega256rfr2/src/halTimer.o
                0x00004794                HAL_TimerInit
 .text.__vector_42
                0x000047be       0x22 stack/hal/atmega256rfr2/src/halTimer.o
                0x000047be                __vector_42
 .text.__vector_13
                0x000047e0       0x1e stack/hal/drivers/atmega256rfr2/src/halSleep.o
                0x000047e0                __vector_13
 .text.HAL_UartWriteByte
                0x000047fe       0x4e stack/hal/drivers/atmega256rfr2/src/halUart.o
                0x000047fe                HAL_UartWriteByte
 .text.HAL_UartReadByte
                0x0000484c       0x4c stack/hal/drivers/atmega256rfr2/src/halUart.o
                0x0000484c                HAL_UartReadByte
 .text.__vector_37
                0x00004898       0x38 stack/hal/drivers/atmega256rfr2/src/halUart.o
                0x00004898                __vector_37
 .text.__vector_36
                0x000048d0       0xae stack/hal/drivers/atmega256rfr2/src/halUart.o
                0x000048d0                __vector_36
 .text.HAL_UartTaskHandler
                0x0000497e       0x86 stack/hal/drivers/atmega256rfr2/src/halUart.o
                0x0000497e                HAL_UartTaskHandler
 .text.NWK_Init
                0x00004a04       0x38 stack/nwk/src/nwk.o
                0x00004a04                NWK_Init
 .text.NWK_SetAddr
                0x00004a3c        0xe stack/nwk/src/nwk.o
                0x00004a3c                NWK_SetAddr
 .text.NWK_SetPanId
                0x00004a4a        0xe stack/nwk/src/nwk.o
                0x00004a4a                NWK_SetPanId
 .text.NWK_OpenEndpoint
                0x00004a58       0x14 stack/nwk/src/nwk.o
                0x00004a58                NWK_OpenEndpoint
 .text.NWK_TaskHandler
                0x00004a6c        0x8 stack/nwk/src/nwk.o
                0x00004a6c                NWK_TaskHandler
 .text.nwkDataReqConfirm
                0x00004a74       0x50 stack/nwk/src/nwkDataReq.o
 .text.nwkDataReqSendFrame
                0x00004ac4       0xc6 stack/nwk/src/nwkDataReq.o
 .text.nwkDataReqTxConf
                0x00004b8a       0x38 stack/nwk/src/nwkDataReq.o
 .text.nwkDataReqInit
                0x00004bc2        0xa stack/nwk/src/nwkDataReq.o
                0x00004bc2                nwkDataReqInit
 .text.NWK_DataReq
                0x00004bcc       0x48 stack/nwk/src/nwkDataReq.o
                0x00004bcc                NWK_DataReq
 .text.nwkDataReqTaskHandler
                0x00004c14       0x2e stack/nwk/src/nwkDataReq.o
                0x00004c14                nwkDataReqTaskHandler
 .text.nwkFrameInit
                0x00004c42       0x1a stack/nwk/src/nwkFrame.o
                0x00004c42                nwkFrameInit
 .text.nwkFrameAlloc
                0x00004c5c       0x62 stack/nwk/src/nwkFrame.o
                0x00004c5c                nwkFrameAlloc
 .text.nwkFrameFree
                0x00004cbe       0x14 stack/nwk/src/nwkFrame.o
                0x00004cbe                nwkFrameFree
 .text.nwkFrameNext
                0x00004cd2       0x30 stack/nwk/src/nwkFrame.o
                0x00004cd2                nwkFrameNext
 .text.nwkFrameCommandInit
                0x00004d02       0x28 stack/nwk/src/nwkFrame.o
                0x00004d02                nwkFrameCommandInit
 .text.nwkRouteNormalizeRanks
                0x00004d2a       0x2e stack/nwk/src/nwkRoute.o
 .text.nwkRouteSendRouteError
                0x00004d58       0x5c stack/nwk/src/nwkRoute.o
 .text.nwkRouteInit
                0x00004db4       0x36 stack/nwk/src/nwkRoute.o
                0x00004db4                nwkRouteInit
 .text.NWK_RouteFindEntry
                0x00004dea       0x6c stack/nwk/src/nwkRoute.o
                0x00004dea                NWK_RouteFindEntry
 .text.NWK_RouteNewEntry
                0x00004e56       0x48 stack/nwk/src/nwkRoute.o
                0x00004e56                NWK_RouteNewEntry
 .text.NWK_RouteFreeEntry
                0x00004e9e       0x14 stack/nwk/src/nwkRoute.o
                0x00004e9e                NWK_RouteFreeEntry
 .text.NWK_RouteNextHop
                0x00004eb2       0x14 stack/nwk/src/nwkRoute.o
                0x00004eb2                NWK_RouteNextHop
 .text.nwkRouteRemove
                0x00004ec6        0xa stack/nwk/src/nwkRoute.o
                0x00004ec6                nwkRouteRemove
 .text.nwkRouteFrameReceived
                0x00004ed0       0xc8 stack/nwk/src/nwkRoute.o
                0x00004ed0                nwkRouteFrameReceived
 .text.nwkRouteFrameSent
                0x00004f98       0x78 stack/nwk/src/nwkRoute.o
                0x00004f98                nwkRouteFrameSent
 .text.nwkRoutePrepareTx
                0x00005010       0x3e stack/nwk/src/nwkRoute.o
                0x00005010                nwkRoutePrepareTx
 .text.nwkRouteFrame
                0x0000504e       0x52 stack/nwk/src/nwkRoute.o
                0x0000504e                nwkRouteFrame
 .text.nwkRouteErrorReceived
                0x000050a0       0x22 stack/nwk/src/nwkRoute.o
                0x000050a0                nwkRouteErrorReceived
 .text.nwkRxIndicateFrame
                0x000050c2      0x12c stack/nwk/src/nwkRx.o
 .text.nwkRxServiceDataInd
                0x000051ee       0x30 stack/nwk/src/nwkRx.o
 .text.nwkRxDuplicateRejectionTimerHandler
                0x0000521e       0x4e stack/nwk/src/nwkRx.o
 .text.nwkRxRejectDuplicate
                0x0000526c      0x14e stack/nwk/src/nwkRx.o
 .text.nwkRxHandleReceivedFrame
                0x000053ba       0xcc stack/nwk/src/nwkRx.o
 .text.nwkRxSendAck
                0x00005486       0x68 stack/nwk/src/nwkRx.o
 .text.nwkRxHandleIndication
                0x000054ee       0x60 stack/nwk/src/nwkRx.o
 .text.nwkRxInit
                0x0000554e       0x4c stack/nwk/src/nwkRx.o
                0x0000554e                nwkRxInit
 .text.PHY_DataInd
                0x0000559a       0x5a stack/nwk/src/nwkRx.o
                0x0000559a                PHY_DataInd
 .text.nwkRxTaskHandler
                0x000055f4       0x48 stack/nwk/src/nwkRx.o
                0x000055f4                nwkRxTaskHandler
 .text.nwkTxConvertPhyStatus
                0x0000563c       0x1c stack/nwk/src/nwkTx.o
 .text.nwkTxDelayTimerHandler
                0x00005658       0x4e stack/nwk/src/nwkTx.o
 .text.nwkTxInit
                0x000056a6       0x46 stack/nwk/src/nwkTx.o
                0x000056a6                nwkTxInit
 .text.nwkTxFrame
                0x000056ec       0xa4 stack/nwk/src/nwkTx.o
                0x000056ec                nwkTxFrame
 .text.nwkTxBroadcastFrame
                0x00005790       0x88 stack/nwk/src/nwkTx.o
                0x00005790                nwkTxBroadcastFrame
 .text.nwkTxAckReceived
                0x00005818       0x48 stack/nwk/src/nwkTx.o
                0x00005818                nwkTxAckReceived
 .text.nwkTxConfirm
                0x00005860        0xe stack/nwk/src/nwkTx.o
                0x00005860                nwkTxConfirm
 .text.nwkTxAckWaitTimerHandler
                0x0000586e       0x58 stack/nwk/src/nwkTx.o
 .text.PHY_DataConf
                0x000058c6       0x36 stack/nwk/src/nwkTx.o
                0x000058c6                PHY_DataConf
 .text.nwkTxTaskHandler
                0x000058fc       0xec stack/nwk/src/nwkTx.o
                0x000058fc                nwkTxTaskHandler
 .text.phySetChannel
                0x000059e8       0x3c stack/phy/atmega256rfr2/src/phy.o
 .text.phyTrxSetState
                0x00005a24       0x20 stack/phy/atmega256rfr2/src/phy.o
 .text.phySetRxState
                0x00005a44       0x18 stack/phy/atmega256rfr2/src/phy.o
 .text.PHY_Init
                0x00005a5c       0x2e stack/phy/atmega256rfr2/src/phy.o
                0x00005a5c                PHY_Init
 .text.PHY_SetRxState
                0x00005a8a        0x8 stack/phy/atmega256rfr2/src/phy.o
                0x00005a8a                PHY_SetRxState
 .text.PHY_SetChannel
                0x00005a92        0x8 stack/phy/atmega256rfr2/src/phy.o
                0x00005a92                PHY_SetChannel
 .text.PHY_SetPanId
                0x00005a9a       0x24 stack/phy/atmega256rfr2/src/phy.o
                0x00005a9a                PHY_SetPanId
 .text.PHY_SetShortAddr
                0x00005abe       0x2e stack/phy/atmega256rfr2/src/phy.o
                0x00005abe                PHY_SetShortAddr
 .text.PHY_DataReq
                0x00005aec       0x4e stack/phy/atmega256rfr2/src/phy.o
                0x00005aec                PHY_DataReq
 .text.PHY_TaskHandler
                0x00005b3a       0xf2 stack/phy/atmega256rfr2/src/phy.o
                0x00005b3a                PHY_TaskHandler
 .text.SYS_Init
                0x00005c2c        0xe stack/sys/src/sys.o
                0x00005c2c                SYS_Init
 .text.SYS_TaskHandler
                0x00005c3a        0xa stack/sys/src/sys.o
                0x00005c3a                SYS_TaskHandler
 .text.placeTimer
                0x00005c44       0xae stack/sys/src/sysTimer.o
 .text.SYS_TimerInit
                0x00005cf2        0xa stack/sys/src/sysTimer.o
                0x00005cf2                SYS_TimerInit
 .text.SYS_TimerStop
                0x00005cfc       0x72 stack/sys/src/sysTimer.o
                0x00005cfc                SYS_TimerStop
 .text.SYS_TimerStarted
                0x00005d6e       0x22 stack/sys/src/sysTimer.o
                0x00005d6e                SYS_TimerStarted
 .text.SYS_TimerStart
                0x00005d90       0x16 stack/sys/src/sysTimer.o
                0x00005d90                SYS_TimerStart
 .text.SYS_TimerTaskHandler
                0x00005da6       0xbe stack/sys/src/sysTimer.o
                0x00005da6                SYS_TimerTaskHandler
 .text.UART_init
                0x00005e64       0x30 uart/uart.o
                0x00005e64                UART_init
 .text.printCHAR
                0x00005e94       0x12 uart/uart.o
                0x00005e94                printCHAR
 .text.avr-libc
                0x00005ea6      0x712 c:/apps/atmel/studio/7.0/toolchain/avr8/avr8-gnu-toolchain/bin/../lib/gcc/avr/5.4.0/../../../../avr/lib/avr6\libprintf_flt.a(vfprintf_flt.o)
                0x00005ea6                vfprintf
 .text.libgcc.div
                0x000065b8       0x44 c:/apps/atmel/studio/7.0/toolchain/avr8/avr8-gnu-toolchain/bin/../lib/gcc/avr/5.4.0/avr6\libgcc.a(_udivmodsi4.o)
                0x000065b8                __udivmodsi4
 .text.libgcc.div
                0x000065fc       0x28 c:/apps/atmel/studio/7.0/toolchain/avr8/avr8-gnu-toolchain/bin/../lib/gcc/avr/5.4.0/avr6\libgcc.a(_divmodsi4.o)
                0x000065fc                __divmodsi4
 .text.libgcc.div
                0x00006624       0x10 c:/apps/atmel/studio/7.0/toolchain/avr8/avr8-gnu-toolchain/bin/../lib/gcc/avr/5.4.0/avr6\libgcc.a(_negsi2.o)
                0x00006624                __negsi2
 .text.libgcc   0x00006634       0x10 c:/apps/atmel/studio/7.0/toolchain/avr8/avr8-gnu-toolchain/bin/../lib/gcc/avr/5.4.0/avr6\libgcc.a(_tablejump2.o)
                0x00006634                __tablejump2__
 .text.libgcc.mul
                0x00006644       0x14 c:/apps/atmel/studio/7.0/toolchain/avr8/avr8-gnu-toolchain/bin/../lib/gcc/avr/5.4.0/avr6\libgcc.a(_muluhisi3.o)
                0x00006644                __muluhisi3
 .text.libgcc.mul
                0x00006658       0x1e c:/apps/atmel/studio/7.0/toolchain/avr8/avr8-gnu-toolchain/bin/../lib/gcc/avr/5.4.0/avr6\libgcc.a(_umulhisi3.o)
                0x00006658                __umulhisi3
 .text.avr-libc
                0x00006676       0xaa c:/apps/atmel/studio/7.0/toolchain/avr8/avr8-gnu-toolchain/bin/../lib/gcc/avr/5.4.0/../../../../avr/lib/avr6\libc.a(rand.o)
                0x00006702                rand_r
                0x00006704                rand
                0x0000670a                srand
 .text.avr-libc
                0x00006720      0x1b0 c:/apps/atmel/studio/7.0/toolchain/avr8/avr8-gnu-toolchain/bin/../lib/gcc/avr/5.4.0/../../../../avr/lib/avr6\libc.a(ftoa_engine.o)
                0x00006720                __ftoa_engine
 .text.avr-libc
                0x000068d0       0x16 c:/apps/atmel/studio/7.0/toolchain/avr8/avr8-gnu-toolchain/bin/../lib/gcc/avr/5.4.0/../../../../avr/lib/avr6\libc.a(strnlen_P.o)
                0x000068d0                strnlen_P
 .text.avr-libc
                0x000068e6       0x12 c:/apps/atmel/studio/7.0/toolchain/avr8/avr8-gnu-toolchain/bin/../lib/gcc/avr/5.4.0/../../../../avr/lib/avr6\libc.a(memcpy.o)
                0x000068e6                memcpy
 .text.avr-libc
                0x000068f8       0x1c c:/apps/atmel/studio/7.0/toolchain/avr8/avr8-gnu-toolchain/bin/../lib/gcc/avr/5.4.0/../../../../avr/lib/avr6\libc.a(strncmp.o)
                0x000068f8                strncmp
 .text.avr-libc
                0x00006914       0x1e c:/apps/atmel/studio/7.0/toolchain/avr8/avr8-gnu-toolchain/bin/../lib/gcc/avr/5.4.0/../../../../avr/lib/avr6\libc.a(strncpy.o)
                0x00006914                strncpy
 .text.avr-libc
                0x00006932       0x16 c:/apps/atmel/studio/7.0/toolchain/avr8/avr8-gnu-toolchain/bin/../lib/gcc/avr/5.4.0/../../../../avr/lib/avr6\libc.a(strnlen.o)
                0x00006932                strnlen
 .text.avr-libc
                0x00006948       0x78 c:/apps/atmel/studio/7.0/toolchain/avr8/avr8-gnu-toolchain/bin/../lib/gcc/avr/5.4.0/../../../../avr/lib/avr6\libc.a(fputc.o)
                0x00006948                fputc
 .text.avr-libc
                0x000069c0       0x26 c:/apps/atmel/studio/7.0/toolchain/avr8/avr8-gnu-toolchain/bin/../lib/gcc/avr/5.4.0/../../../../avr/lib/avr6\libc.a(printf.o)
                0x000069c0                printf
 .text.avr-libc
                0x000069e6       0x4e c:/apps/atmel/studio/7.0/toolchain/avr8/avr8-gnu-toolchain/bin/../lib/gcc/avr/5.4.0/../../../../avr/lib/avr6\libc.a(printf_p.o)
                0x000069e6                printf_P
 .text.avr-libc
                0x00006a34       0x5c c:/apps/atmel/studio/7.0/toolchain/avr8/avr8-gnu-toolchain/bin/../lib/gcc/avr/5.4.0/../../../../avr/lib/avr6\libc.a(sprintf.o)
                0x00006a34                sprintf
 .text.avr-libc
                0x00006a90       0xbc c:/apps/atmel/studio/7.0/toolchain/avr8/avr8-gnu-toolchain/bin/../lib/gcc/avr/5.4.0/../../../../avr/lib/avr6\libc.a(ultoa_invert.o)
                0x00006a90                __ultoa_invert
 .text.libgcc.mul
                0x00006b4c        0xc c:/apps/atmel/studio/7.0/toolchain/avr8/avr8-gnu-toolchain/bin/../lib/gcc/avr/5.4.0/avr6\libgcc.a(_mulshisi3.o)
                0x00006b4c                __mulshisi3
                0x00006b50                __mulohisi3
                0x00006b58                . = ALIGN (0x2)
 *(.fini9)
 .fini9         0x00006b58        0x0 c:/apps/atmel/studio/7.0/toolchain/avr8/avr8-gnu-toolchain/bin/../lib/gcc/avr/5.4.0/avr6\libgcc.a(_exit.o)
                0x00006b58                _exit
                0x00006b58                exit
 *(.fini9)
 *(.fini8)
 *(.fini8)
 *(.fini7)
 *(.fini7)
 *(.fini6)
 *(.fini6)
 *(.fini5)
 *(.fini5)
 *(.fini4)
 *(.fini4)
 *(.fini3)
 *(.fini3)
 *(.fini2)
 *(.fini2)
 *(.fini1)
 *(.fini1)
 *(.fini0)
 .fini0         0x00006b58        0x4 c:/apps/atmel/studio/7.0/toolchain/avr8/avr8-gnu-toolchain/bin/../lib/gcc/avr/5.4.0/avr6\libgcc.a(_exit.o)
 *(.fini0)
                0x00006b5c                _etext = .

.data           0x00800200      0x1f0 load address 0x00006b5c
                0x00800200                PROVIDE (__data_start, .)
 *(.data)
 .data          0x00800200        0x4 c:/apps/atmel/studio/7.0/toolchain/avr8/avr8-gnu-toolchain/bin/../lib/gcc/avr/5.4.0/../../../../avr/lib/avr6\libc.a(rand.o)
 *(.data*)
 .data.sock_any_port
                0x00800204        0x2 Ethernet/socket.o
 .data.WIZCHIP  0x00800206       0x18 Ethernet/wizchip_conf.o
                0x00800206                WIZCHIP
 .data.text.2676
                0x0080021e        0x5 lwm/lwm.o
 .data.uart_str
                0x00800223        0xe main.o
                0x00800223                uart_str
 .data.netInfo  0x00800231       0x17 main.o
                0x00800231                netInfo
 .data.mqtt_target
                0x00800248        0x4 main.o
                0x00800248                mqtt_target
 *(.gnu.linkonce.d*)
 *(.rodata)
 .rodata        0x0080024c       0x3b Internet/MQTT/MQTTClient.o
 .rodata        0x00800287       0x85 main.o
 *(.rodata*)
 .rodata.str1.1
                0x0080030c        0xc Internet/MQTT/MQTTPacket/src/MQTTConnectClient.o
 .rodata.str1.1
                0x00800318       0xd7 main.o
 *(.gnu.linkonce.r*)
                0x008003f0                . = ALIGN (0x2)
 *fill*         0x008003ef        0x1 
                0x008003f0                _edata = .
                0x008003f0                PROVIDE (__data_end, .)

.bss            0x008003f0     0x1913
                0x008003f0                PROVIDE (__bss_start, .)
 *(.bss)
 *(.bss*)
 .bss.sock_pack_info
                0x008003f0        0x8 Ethernet/socket.o
                0x008003f0                sock_pack_info
 .bss.sock_remained_size
                0x008003f8       0x10 Ethernet/socket.o
 .bss.sock_is_sending
                0x00800408        0x2 Ethernet/socket.o
 .bss.sock_io_mode
                0x0080040a        0x2 Ethernet/socket.o
 .bss._DHCP_    0x0080040c        0x1 Ethernet/wizchip_conf.o
 .bss._DNS_     0x0080040d        0x4 Ethernet/wizchip_conf.o
 .bss.bufptr    0x00800411        0x2 Internet/MQTT/MQTTPacket/src/MQTTPacket.o
 .bss.appUartBufferPtr
                0x00800413        0x1 lwm/lwm.o
 .bss.appDataReqBuffer
                0x00800414       0x6d lwm/lwm.o
 .bss.appDataReqBusy
                0x00800481        0x1 lwm/lwm.o
 .bss.appDataReq
                0x00800482       0x11 lwm/lwm.o
 .bss.appTimer  0x00800493        0xd lwm/lwm.o
 .bss.appState  0x008004a0        0x1 lwm/lwm.o
 .bss._msg.3617
                0x008004a1       0x40 main.o
 .bss.mqtt_err_cnt.3508
                0x008004e1        0x1 main.o
 .bss.mqtt_pub_count.3507
                0x008004e2        0x4 main.o
 .bss.data_ready
                0x008004e6        0x1 main.o
                0x008004e6                data_ready
 .bss.buffer    0x008004e7       0x1e main.o
                0x008004e7                buffer
 .bss.halSleepTimerEvent
                0x00800505        0x1 stack/hal/drivers/atmega256rfr2/src/halSleep.o
 .bss.newData   0x00800506        0x1 stack/hal/drivers/atmega256rfr2/src/halUart.o
 .bss.udrEmpty  0x00800507        0x1 stack/hal/drivers/atmega256rfr2/src/halUart.o
 .bss.rxFifo    0x00800508        0xa stack/hal/drivers/atmega256rfr2/src/halUart.o
 .bss.txFifo    0x00800512        0xa stack/hal/drivers/atmega256rfr2/src/halUart.o
 .bss.nwkDataReqQueue
                0x0080051c        0x2 stack/nwk/src/nwkDataReq.o
 .bss.nwkFrameFrames
                0x0080051e     0x100e stack/nwk/src/nwkFrame.o
 .bss.nwkRouteTable
                0x0080152c      0x2bc stack/nwk/src/nwkRoute.o
 .bss.nwkRxDuplicateRejectionTimer
                0x008017e8        0xd stack/nwk/src/nwkRx.o
 .bss.nwkRxAckControl
                0x008017f5        0x1 stack/nwk/src/nwkRx.o
 .bss.nwkRxDuplicateRejectionTable
                0x008017f6       0x32 stack/nwk/src/nwkRx.o
 .bss.nwkTxDelayTimer
                0x00801828        0xd stack/nwk/src/nwkTx.o
 .bss.nwkTxAckWaitTimer
                0x00801835        0xd stack/nwk/src/nwkTx.o
 .bss.nwkTxPhyActiveFrame
                0x00801842        0x2 stack/nwk/src/nwkTx.o
 .bss.phyBand   0x00801844        0x1 stack/phy/atmega256rfr2/src/phy.o
 .bss.phyChannel
                0x00801845        0x1 stack/phy/atmega256rfr2/src/phy.o
 .bss.phyRxState
                0x00801846        0x1 stack/phy/atmega256rfr2/src/phy.o
 .bss.phyRxBuffer
                0x00801847       0x80 stack/phy/atmega256rfr2/src/phy.o
 .bss.phyState  0x008018c7        0x1 stack/phy/atmega256rfr2/src/phy.o
 .bss.timers    0x008018c8        0x2 stack/sys/src/sysTimer.o
 *(COMMON)
 COMMON         0x008018ca      0x406 main.o
                0x008018ca                ethBuf1
                0x008019ca                _millis
                0x008019ce                mqtt_readBuffer
                0x00801bce                mes_id
                0x00801bd0                ethBuf0
 COMMON         0x00801cd0        0x1 stack/hal/atmega256rfr2/src/halTimer.o
                0x00801cd0                halTimerIrqCount
 COMMON         0x00801cd1       0x28 stack/nwk/src/nwk.o
                0x00801cd1                nwkIb
 COMMON         0x00801cf9        0x4 c:/apps/atmel/studio/7.0/toolchain/avr8/avr8-gnu-toolchain/bin/../lib/gcc/avr/5.4.0/../../../../avr/lib/avr6\libc.a(malloc.o)
                0x00801cf9                __brkval
                0x00801cfb                __flp
 COMMON         0x00801cfd        0x6 c:/apps/atmel/studio/7.0/toolchain/avr8/avr8-gnu-toolchain/bin/../lib/gcc/avr/5.4.0/../../../../avr/lib/avr6\libc.a(iob.o)
                0x00801cfd                __iob
                0x00801d03                PROVIDE (__bss_end, .)
                0x00006b5c                __data_load_start = LOADADDR (.data)
                0x00006d4c                __data_load_end = (__data_load_start + SIZEOF (.data))

.noinit         0x00801d03        0x1
                [!provide]                PROVIDE (__noinit_start, .)
 *(.noinit*)
 .noinit        0x00801d03        0x1 main.o
                0x00801d03                mcucsr_mirror
                [!provide]                PROVIDE (__noinit_end, .)
                0x00801d04                _end = .
                0x00801d04                PROVIDE (__heap_start, .)

.eeprom         0x00810000        0x0
 *(.eeprom*)
                0x00810000                __eeprom_end = .

.fuse
 *(.fuse)
 *(.lfuse)
 *(.hfuse)
 *(.efuse)

.lock
 *(.lock*)

.signature
 *(.signature*)

.user_signatures
 *(.user_signatures*)

.stab
 *(.stab)

.stabstr
 *(.stabstr)

.stab.excl
 *(.stab.excl)

.stab.exclstr
 *(.stab.exclstr)

.stab.index
 *(.stab.index)

.stab.indexstr
 *(.stab.indexstr)

.comment        0x00000000       0x5c
 *(.comment)
 .comment       0x00000000       0x30 Ethernet/socket.o
                                 0x31 (size before relaxing)
 .comment       0x00000030       0x31 Ethernet/W5500/w5500.o
 .comment       0x00000030       0x31 Ethernet/wizchip_conf.o
 .comment       0x00000030       0x31 Internet/MQTT/MQTTClient.o
 .comment       0x00000030       0x31 Internet/MQTT/MQTTPacket/src/MQTTConnectClient.o
 .comment       0x00000030       0x31 Internet/MQTT/MQTTPacket/src/MQTTDeserializePublish.o
 .comment       0x00000030       0x31 Internet/MQTT/MQTTPacket/src/MQTTPacket.o
 .comment       0x00000030       0x31 Internet/MQTT/MQTTPacket/src/MQTTSerializePublish.o
 .comment       0x00000030       0x31 Internet/MQTT/MQTTPacket/src/MQTTSubscribeClient.o
 .comment       0x00000030       0x31 Internet/MQTT/mqtt_interface.o
 .comment       0x00000030       0x31 lwm/lwm.o
 .comment       0x00000030       0x31 main.o
 .comment       0x00000030       0x31 spi/spi.o
 .comment       0x00000030       0x31 stack/hal/atmega256rfr2/src/hal.o
 .comment       0x00000030       0x31 stack/hal/atmega256rfr2/src/halTimer.o
 .comment       0x00000030       0x31 stack/hal/drivers/atmega256rfr2/src/halSleep.o
 .comment       0x00000030       0x31 stack/hal/drivers/atmega256rfr2/src/halUart.o
 .comment       0x00000030       0x31 stack/nwk/src/nwk.o
 .comment       0x00000030       0x31 stack/nwk/src/nwkDataReq.o
 .comment       0x00000030       0x31 stack/nwk/src/nwkFrame.o
 .comment       0x00000030       0x31 stack/nwk/src/nwkRoute.o
 .comment       0x00000030       0x31 stack/nwk/src/nwkRx.o
 .comment       0x00000030       0x31 stack/nwk/src/nwkTx.o
 .comment       0x00000030       0x31 stack/phy/atmega256rfr2/src/phy.o
 .comment       0x00000030       0x31 stack/sys/src/sys.o
 .comment       0x00000030       0x31 stack/sys/src/sysTimer.o
 .comment       0x00000030       0x31 uart/uart.o
 .comment       0x00000030       0x2c c:/apps/atmel/studio/7.0/toolchain/avr8/avr8-gnu-toolchain/bin/../lib/gcc/avr/5.4.0/../../../../avr/lib/avr6\libprintf_flt.a(vfprintf_flt.o)
                                 0x2d (size before relaxing)
 .comment       0x0000005c       0x31 c:/apps/atmel/studio/7.0/toolchain/avr8/avr8-gnu-toolchain/bin/../lib/gcc/avr/5.4.0/../../../../avr/lib/avr6\libc.a(malloc.o)
 .comment       0x0000005c       0x31 c:/apps/atmel/studio/7.0/toolchain/avr8/avr8-gnu-toolchain/bin/../lib/gcc/avr/5.4.0/../../../../avr/lib/avr6\libc.a(rand.o)
 .comment       0x0000005c       0x31 c:/apps/atmel/studio/7.0/toolchain/avr8/avr8-gnu-toolchain/bin/../lib/gcc/avr/5.4.0/../../../../avr/lib/avr6\libc.a(fputc.o)
 .comment       0x0000005c       0x31 c:/apps/atmel/studio/7.0/toolchain/avr8/avr8-gnu-toolchain/bin/../lib/gcc/avr/5.4.0/../../../../avr/lib/avr6\libc.a(iob.o)
 .comment       0x0000005c       0x31 c:/apps/atmel/studio/7.0/toolchain/avr8/avr8-gnu-toolchain/bin/../lib/gcc/avr/5.4.0/../../../../avr/lib/avr6\libc.a(printf.o)
 .comment       0x0000005c       0x31 c:/apps/atmel/studio/7.0/toolchain/avr8/avr8-gnu-toolchain/bin/../lib/gcc/avr/5.4.0/../../../../avr/lib/avr6\libc.a(printf_p.o)
 .comment       0x0000005c       0x31 c:/apps/atmel/studio/7.0/toolchain/avr8/avr8-gnu-toolchain/bin/../lib/gcc/avr/5.4.0/../../../../avr/lib/avr6\libc.a(sprintf.o)

.note.gnu.avr.deviceinfo
                0x00000000       0x40
 .note.gnu.avr.deviceinfo
                0x00000000       0x40 C:/Apps/Atmel/Studio/7.0/Packs/atmel/ATmega_DFP/1.7.374/gcc/dev/atmega256rfr2/avr6/crtatmega256rfr2.o

.note.gnu.build-id
 *(.note.gnu.build-id)

.debug
 *(.debug)

.line
 *(.line)

.debug_srcinfo
 *(.debug_srcinfo)

.debug_sfnames
 *(.debug_sfnames)

.debug_aranges  0x00000000      0xa20
 *(.debug_aranges)
 .debug_aranges
                0x00000000       0x78 Ethernet/socket.o
 .debug_aranges
                0x00000078       0x60 Ethernet/W5500/w5500.o
 .debug_aranges
                0x000000d8      0x138 Ethernet/wizchip_conf.o
 .debug_aranges
                0x00000210       0xa0 Internet/MQTT/MQTTClient.o
 .debug_aranges
                0x000002b0       0x48 Internet/MQTT/MQTTPacket/src/MQTTConnectClient.o
 .debug_aranges
                0x000002f8       0x28 Internet/MQTT/MQTTPacket/src/MQTTDeserializePublish.o
 .debug_aranges
                0x00000320       0xa8 Internet/MQTT/MQTTPacket/src/MQTTPacket.o
 .debug_aranges
                0x000003c8       0x48 Internet/MQTT/MQTTPacket/src/MQTTSerializePublish.o
 .debug_aranges
                0x00000410       0x30 Internet/MQTT/MQTTPacket/src/MQTTSubscribeClient.o
 .debug_aranges
                0x00000440       0x68 Internet/MQTT/mqtt_interface.o
 .debug_aranges
                0x000004a8       0x58 lwm/lwm.o
 .debug_aranges
                0x00000500       0xa0 main.o
 .debug_aranges
                0x000005a0       0x20 spi/spi.o
 .debug_aranges
                0x000005c0       0x28 stack/hal/atmega256rfr2/src/hal.o
 .debug_aranges
                0x000005e8       0x30 stack/hal/atmega256rfr2/src/halTimer.o
 .debug_aranges
                0x00000618       0x28 stack/hal/drivers/atmega256rfr2/src/halSleep.o
 .debug_aranges
                0x00000640       0x48 stack/hal/drivers/atmega256rfr2/src/halUart.o
 .debug_aranges
                0x00000688       0x70 stack/nwk/src/nwk.o
 .debug_aranges
                0x000006f8       0x48 stack/nwk/src/nwkDataReq.o
 .debug_aranges
                0x00000740       0x40 stack/nwk/src/nwkFrame.o
 .debug_aranges
                0x00000780       0x90 stack/nwk/src/nwkRoute.o
 .debug_aranges
                0x00000810       0x70 stack/nwk/src/nwkRx.o
 .debug_aranges
                0x00000880       0x68 stack/nwk/src/nwkTx.o
 .debug_aranges
                0x000008e8       0x88 stack/phy/atmega256rfr2/src/phy.o
 .debug_aranges
                0x00000970       0x28 stack/sys/src/sys.o
 .debug_aranges
                0x00000998       0x48 stack/sys/src/sysTimer.o
 .debug_aranges
                0x000009e0       0x40 uart/uart.o

.debug_pubnames
 *(.debug_pubnames)

.debug_info     0x00000000     0xf4b8
 *(.debug_info .gnu.linkonce.wi.*)
 .debug_info    0x00000000     0x13e6 C:/Apps/Atmel/Studio/7.0/Packs/atmel/ATmega_DFP/1.7.374/gcc/dev/atmega256rfr2/avr6/crtatmega256rfr2.o
 .debug_info    0x000013e6     0x16df Ethernet/socket.o
 .debug_info    0x00002ac5      0x9ed Ethernet/W5500/w5500.o
 .debug_info    0x000034b2     0x165c Ethernet/wizchip_conf.o
 .debug_info    0x00004b0e     0x1a6e Internet/MQTT/MQTTClient.o
 .debug_info    0x0000657c      0x9f1 Internet/MQTT/MQTTPacket/src/MQTTConnectClient.o
 .debug_info    0x00006f6d      0x493 Internet/MQTT/MQTTPacket/src/MQTTDeserializePublish.o
 .debug_info    0x00007400      0xa96 Internet/MQTT/MQTTPacket/src/MQTTPacket.o
 .debug_info    0x00007e96      0x716 Internet/MQTT/MQTTPacket/src/MQTTSerializePublish.o
 .debug_info    0x000085ac      0x5c1 Internet/MQTT/MQTTPacket/src/MQTTSubscribeClient.o
 .debug_info    0x00008b6d      0x55d Internet/MQTT/mqtt_interface.o
 .debug_info    0x000090ca      0x739 lwm/lwm.o
 .debug_info    0x00009803     0x13e9 main.o
 .debug_info    0x0000abec       0x83 spi/spi.o
 .debug_info    0x0000ac6f      0x128 stack/hal/atmega256rfr2/src/hal.o
 .debug_info    0x0000ad97       0xe4 stack/hal/atmega256rfr2/src/halTimer.o
 .debug_info    0x0000ae7b      0x184 stack/hal/drivers/atmega256rfr2/src/halSleep.o
 .debug_info    0x0000afff      0x31a stack/hal/drivers/atmega256rfr2/src/halUart.o
 .debug_info    0x0000b319      0x4ca stack/nwk/src/nwk.o
 .debug_info    0x0000b7e3      0x76c stack/nwk/src/nwkDataReq.o
 .debug_info    0x0000bf4f      0x572 stack/nwk/src/nwkFrame.o
 .debug_info    0x0000c4c1      0xb45 stack/nwk/src/nwkRoute.o
 .debug_info    0x0000d006      0xc0f stack/nwk/src/nwkRx.o
 .debug_info    0x0000dc15      0xa20 stack/nwk/src/nwkTx.o
 .debug_info    0x0000e635      0x7c4 stack/phy/atmega256rfr2/src/phy.o
 .debug_info    0x0000edf9      0x140 stack/sys/src/sys.o
 .debug_info    0x0000ef39      0x341 stack/sys/src/sysTimer.o
 .debug_info    0x0000f27a      0x23e uart/uart.o

.debug_abbrev   0x00000000     0x4666
 *(.debug_abbrev)
 .debug_abbrev  0x00000000     0x12d6 C:/Apps/Atmel/Studio/7.0/Packs/atmel/ATmega_DFP/1.7.374/gcc/dev/atmega256rfr2/avr6/crtatmega256rfr2.o
 .debug_abbrev  0x000012d6      0x196 Ethernet/socket.o
 .debug_abbrev  0x0000146c      0x247 Ethernet/W5500/w5500.o
 .debug_abbrev  0x000016b3      0x30b Ethernet/wizchip_conf.o
 .debug_abbrev  0x000019be      0x331 Internet/MQTT/MQTTClient.o
 .debug_abbrev  0x00001cef      0x1e0 Internet/MQTT/MQTTPacket/src/MQTTConnectClient.o
 .debug_abbrev  0x00001ecf      0x191 Internet/MQTT/MQTTPacket/src/MQTTDeserializePublish.o
 .debug_abbrev  0x00002060      0x339 Internet/MQTT/MQTTPacket/src/MQTTPacket.o
 .debug_abbrev  0x00002399      0x1a6 Internet/MQTT/MQTTPacket/src/MQTTSerializePublish.o
 .debug_abbrev  0x0000253f      0x1b7 Internet/MQTT/MQTTPacket/src/MQTTSubscribeClient.o
 .debug_abbrev  0x000026f6      0x181 Internet/MQTT/mqtt_interface.o
 .debug_abbrev  0x00002877      0x209 lwm/lwm.o
 .debug_abbrev  0x00002a80      0x41d main.o
 .debug_abbrev  0x00002e9d       0x51 spi/spi.o
 .debug_abbrev  0x00002eee       0xc3 stack/hal/atmega256rfr2/src/hal.o
 .debug_abbrev  0x00002fb1       0xaa stack/hal/atmega256rfr2/src/halTimer.o
 .debug_abbrev  0x0000305b       0xc6 stack/hal/drivers/atmega256rfr2/src/halSleep.o
 .debug_abbrev  0x00003121      0x16a stack/hal/drivers/atmega256rfr2/src/halUart.o
 .debug_abbrev  0x0000328b      0x1b3 stack/nwk/src/nwk.o
 .debug_abbrev  0x0000343e      0x22a stack/nwk/src/nwkDataReq.o
 .debug_abbrev  0x00003668      0x183 stack/nwk/src/nwkFrame.o
 .debug_abbrev  0x000037eb      0x2e6 stack/nwk/src/nwkRoute.o
 .debug_abbrev  0x00003ad1      0x361 stack/nwk/src/nwkRx.o
 .debug_abbrev  0x00003e32      0x2b1 stack/nwk/src/nwkTx.o
 .debug_abbrev  0x000040e3      0x230 stack/phy/atmega256rfr2/src/phy.o
 .debug_abbrev  0x00004313       0x63 stack/sys/src/sys.o
 .debug_abbrev  0x00004376      0x19b stack/sys/src/sysTimer.o
 .debug_abbrev  0x00004511      0x155 uart/uart.o

.debug_line     0x00000000     0x6728
 *(.debug_line .debug_line.* .debug_line_end)
 .debug_line    0x00000000      0x272 C:/Apps/Atmel/Studio/7.0/Packs/atmel/ATmega_DFP/1.7.374/gcc/dev/atmega256rfr2/avr6/crtatmega256rfr2.o
 .debug_line    0x00000272      0xb7d Ethernet/socket.o
 .debug_line    0x00000def      0x3dc Ethernet/W5500/w5500.o
 .debug_line    0x000011cb      0x9fb Ethernet/wizchip_conf.o
 .debug_line    0x00001bc6      0x8c6 Internet/MQTT/MQTTClient.o
 .debug_line    0x0000248c      0x2f1 Internet/MQTT/MQTTPacket/src/MQTTConnectClient.o
 .debug_line    0x0000277d      0x182 Internet/MQTT/MQTTPacket/src/MQTTDeserializePublish.o
 .debug_line    0x000028ff      0x547 Internet/MQTT/MQTTPacket/src/MQTTPacket.o
 .debug_line    0x00002e46      0x1f9 Internet/MQTT/MQTTPacket/src/MQTTSerializePublish.o
 .debug_line    0x0000303f      0x1f1 Internet/MQTT/MQTTPacket/src/MQTTSubscribeClient.o
 .debug_line    0x00003230      0x225 Internet/MQTT/mqtt_interface.o
 .debug_line    0x00003455      0x306 lwm/lwm.o
 .debug_line    0x0000375b      0x7c3 main.o
 .debug_line    0x00003f1e       0xb7 spi/spi.o
 .debug_line    0x00003fd5      0x167 stack/hal/atmega256rfr2/src/hal.o
 .debug_line    0x0000413c      0x11e stack/hal/atmega256rfr2/src/halTimer.o
 .debug_line    0x0000425a      0x1a8 stack/hal/drivers/atmega256rfr2/src/halSleep.o
 .debug_line    0x00004402      0x2b5 stack/hal/drivers/atmega256rfr2/src/halUart.o
 .debug_line    0x000046b7      0x2c6 stack/nwk/src/nwk.o
 .debug_line    0x0000497d      0x293 stack/nwk/src/nwkDataReq.o
 .debug_line    0x00004c10      0x1e6 stack/nwk/src/nwkFrame.o
 .debug_line    0x00004df6      0x52d stack/nwk/src/nwkRoute.o
 .debug_line    0x00005323      0x65f stack/nwk/src/nwkRx.o
 .debug_line    0x00005982      0x490 stack/nwk/src/nwkTx.o
 .debug_line    0x00005e12      0x3cf stack/phy/atmega256rfr2/src/phy.o
 .debug_line    0x000061e1      0x108 stack/sys/src/sys.o
 .debug_line    0x000062e9      0x2e7 stack/sys/src/sysTimer.o
 .debug_line    0x000065d0      0x158 uart/uart.o

.debug_frame    0x00000000     0x2584
 *(.debug_frame)
 .debug_frame   0x00000000      0x3a0 Ethernet/socket.o
 .debug_frame   0x000003a0      0x334 Ethernet/W5500/w5500.o
 .debug_frame   0x000006d4      0x320 Ethernet/wizchip_conf.o
 .debug_frame   0x000009f4      0x510 Internet/MQTT/MQTTClient.o
 .debug_frame   0x00000f04      0x130 Internet/MQTT/MQTTPacket/src/MQTTConnectClient.o
 .debug_frame   0x00001034       0xc4 Internet/MQTT/MQTTPacket/src/MQTTDeserializePublish.o
 .debug_frame   0x000010f8      0x368 Internet/MQTT/MQTTPacket/src/MQTTPacket.o
 .debug_frame   0x00001460      0x15c Internet/MQTT/MQTTPacket/src/MQTTSerializePublish.o
 .debug_frame   0x000015bc      0x144 Internet/MQTT/MQTTPacket/src/MQTTSubscribeClient.o
 .debug_frame   0x00001700      0x194 Internet/MQTT/mqtt_interface.o
 .debug_frame   0x00001894       0xb8 lwm/lwm.o
 .debug_frame   0x0000194c      0x1fc main.o
 .debug_frame   0x00001b48       0x24 spi/spi.o
 .debug_frame   0x00001b6c       0x34 stack/hal/atmega256rfr2/src/hal.o
 .debug_frame   0x00001ba0       0x54 stack/hal/atmega256rfr2/src/halTimer.o
 .debug_frame   0x00001bf4       0x44 stack/hal/drivers/atmega256rfr2/src/halSleep.o
 .debug_frame   0x00001c38       0xe4 stack/hal/drivers/atmega256rfr2/src/halUart.o
 .debug_frame   0x00001d1c       0xd4 stack/nwk/src/nwk.o
 .debug_frame   0x00001df0       0x88 stack/nwk/src/nwkDataReq.o
 .debug_frame   0x00001e78       0x64 stack/nwk/src/nwkFrame.o
 .debug_frame   0x00001edc      0x19c stack/nwk/src/nwkRoute.o
 .debug_frame   0x00002078      0x148 stack/nwk/src/nwkRx.o
 .debug_frame   0x000021c0      0x124 stack/nwk/src/nwkTx.o
 .debug_frame   0x000022e4      0x13c stack/phy/atmega256rfr2/src/phy.o
 .debug_frame   0x00002420       0x34 stack/sys/src/sys.o
 .debug_frame   0x00002454       0xc0 stack/sys/src/sysTimer.o
 .debug_frame   0x00002514       0x70 uart/uart.o

.debug_str      0x00000000     0x35d2
 *(.debug_str)
 .debug_str     0x00000000      0x7f7 C:/Apps/Atmel/Studio/7.0/Packs/atmel/ATmega_DFP/1.7.374/gcc/dev/atmega256rfr2/avr6/crtatmega256rfr2.o
 .debug_str     0x000007f7      0x428 Ethernet/socket.o
                                0x48f (size before relaxing)
 .debug_str     0x00000c1f       0xad Ethernet/W5500/w5500.o
                                0x2e5 (size before relaxing)
 .debug_str     0x00000ccc      0x660 Ethernet/wizchip_conf.o
                                0x8e9 (size before relaxing)
 .debug_str     0x0000132c      0x5ff Internet/MQTT/MQTTClient.o
                                0x85f (size before relaxing)
 .debug_str     0x0000192b      0x13d Internet/MQTT/MQTTPacket/src/MQTTConnectClient.o
                                0x545 (size before relaxing)
 .debug_str     0x00001a68       0x53 Internet/MQTT/MQTTPacket/src/MQTTDeserializePublish.o
                                0x354 (size before relaxing)
 .debug_str     0x00001abb       0xf1 Internet/MQTT/MQTTPacket/src/MQTTPacket.o
                                0x3fc (size before relaxing)
 .debug_str     0x00001bac       0x93 Internet/MQTT/MQTTPacket/src/MQTTSerializePublish.o
                                0x40c (size before relaxing)
 .debug_str     0x00001c3f       0x84 Internet/MQTT/MQTTPacket/src/MQTTSubscribeClient.o
                                0x40e (size before relaxing)
 .debug_str     0x00001cc3       0x70 Internet/MQTT/mqtt_interface.o
                                0x2d5 (size before relaxing)
 .debug_str     0x00001d33      0x2fb lwm/lwm.o
                                0x4c5 (size before relaxing)
 .debug_str     0x0000202e      0x30d main.o
                                0x963 (size before relaxing)
 .debug_str     0x0000233b        0xd spi/spi.o
                                0x17a (size before relaxing)
 .debug_str     0x00002348       0x55 stack/hal/atmega256rfr2/src/hal.o
                                0x1d7 (size before relaxing)
 .debug_str     0x0000239d       0x47 stack/hal/atmega256rfr2/src/halTimer.o
                                0x1d1 (size before relaxing)
 .debug_str     0x000023e4       0x97 stack/hal/drivers/atmega256rfr2/src/halSleep.o
                                0x21c (size before relaxing)
 .debug_str     0x0000247b       0x9e stack/hal/drivers/atmega256rfr2/src/halUart.o
                                0x29a (size before relaxing)
 .debug_str     0x00002519      0x152 stack/nwk/src/nwk.o
                                0x35e (size before relaxing)
 .debug_str     0x0000266b      0x293 stack/nwk/src/nwkDataReq.o
                                0x58d (size before relaxing)
 .debug_str     0x000028fe       0x61 stack/nwk/src/nwkFrame.o
                                0x42c (size before relaxing)
 .debug_str     0x0000295f      0x1fa stack/nwk/src/nwkRoute.o
                                0x636 (size before relaxing)
 .debug_str     0x00002b59      0x2b6 stack/nwk/src/nwkRx.o
                                0x76f (size before relaxing)
 .debug_str     0x00002e0f      0x1c7 stack/nwk/src/nwkTx.o
                                0x6ff (size before relaxing)
 .debug_str     0x00002fd6      0x518 stack/phy/atmega256rfr2/src/phy.o
                                0x79e (size before relaxing)
 .debug_str     0x000034ee       0x3a stack/sys/src/sys.o
                                0x1f9 (size before relaxing)
 .debug_str     0x00003528       0x47 stack/sys/src/sysTimer.o
                                0x28e (size before relaxing)
 .debug_str     0x0000356f       0x63 uart/uart.o
                                0x20c (size before relaxing)

.debug_loc      0x00000000     0xbcec
 *(.debug_loc)
 .debug_loc     0x00000000     0x1cb4 Ethernet/socket.o
 .debug_loc     0x00001cb4      0xd54 Ethernet/W5500/w5500.o
 .debug_loc     0x00002a08      0xebd Ethernet/wizchip_conf.o
 .debug_loc     0x000038c5     0x1e3e Internet/MQTT/MQTTClient.o
 .debug_loc     0x00005703      0x76c Internet/MQTT/MQTTPacket/src/MQTTConnectClient.o
 .debug_loc     0x00005e6f      0x55f Internet/MQTT/MQTTPacket/src/MQTTDeserializePublish.o
 .debug_loc     0x000063ce     0x12cc Internet/MQTT/MQTTPacket/src/MQTTPacket.o
 .debug_loc     0x0000769a      0x89a Internet/MQTT/MQTTPacket/src/MQTTSerializePublish.o
 .debug_loc     0x00007f34      0x804 Internet/MQTT/MQTTPacket/src/MQTTSubscribeClient.o
 .debug_loc     0x00008738      0x6f5 Internet/MQTT/mqtt_interface.o
 .debug_loc     0x00008e2d      0x1c0 lwm/lwm.o
 .debug_loc     0x00008fed      0x713 main.o
 .debug_loc     0x00009700       0x21 stack/hal/atmega256rfr2/src/hal.o
 .debug_loc     0x00009721       0x62 stack/hal/atmega256rfr2/src/halTimer.o
 .debug_loc     0x00009783      0x137 stack/hal/drivers/atmega256rfr2/src/halSleep.o
 .debug_loc     0x000098ba      0x212 stack/hal/drivers/atmega256rfr2/src/halUart.o
 .debug_loc     0x00009acc      0x12a stack/nwk/src/nwk.o
 .debug_loc     0x00009bf6      0x1a3 stack/nwk/src/nwkDataReq.o
 .debug_loc     0x00009d99       0xf5 stack/nwk/src/nwkFrame.o
 .debug_loc     0x00009e8e      0x8e9 stack/nwk/src/nwkRoute.o
 .debug_loc     0x0000a777      0x874 stack/nwk/src/nwkRx.o
 .debug_loc     0x0000afeb      0x5ad stack/nwk/src/nwkTx.o
 .debug_loc     0x0000b598      0x332 stack/phy/atmega256rfr2/src/phy.o
 .debug_loc     0x0000b8ca      0x386 stack/sys/src/sysTimer.o
 .debug_loc     0x0000bc50       0x9c uart/uart.o

.debug_macinfo
 *(.debug_macinfo)

.debug_weaknames
 *(.debug_weaknames)

.debug_funcnames
 *(.debug_funcnames)

.debug_typenames
 *(.debug_typenames)

.debug_varnames
 *(.debug_varnames)

.debug_pubtypes
 *(.debug_pubtypes)

.debug_ranges   0x00000000      0x9e0
 *(.debug_ranges)
 .debug_ranges  0x00000000       0x80 Ethernet/socket.o
 .debug_ranges  0x00000080       0x50 Ethernet/W5500/w5500.o
 .debug_ranges  0x000000d0      0x128 Ethernet/wizchip_conf.o
 .debug_ranges  0x000001f8       0xf0 Internet/MQTT/MQTTClient.o
 .debug_ranges  0x000002e8       0x38 Internet/MQTT/MQTTPacket/src/MQTTConnectClient.o
 .debug_ranges  0x00000320       0x18 Internet/MQTT/MQTTPacket/src/MQTTDeserializePublish.o
 .debug_ranges  0x00000338       0xb0 Internet/MQTT/MQTTPacket/src/MQTTPacket.o
 .debug_ranges  0x000003e8       0x38 Internet/MQTT/MQTTPacket/src/MQTTSerializePublish.o
 .debug_ranges  0x00000420       0x38 Internet/MQTT/MQTTPacket/src/MQTTSubscribeClient.o
 .debug_ranges  0x00000458       0x58 Internet/MQTT/mqtt_interface.o
 .debug_ranges  0x000004b0       0x48 lwm/lwm.o
 .debug_ranges  0x000004f8       0x90 main.o
 .debug_ranges  0x00000588       0x10 spi/spi.o
 .debug_ranges  0x00000598       0x18 stack/hal/atmega256rfr2/src/hal.o
 .debug_ranges  0x000005b0       0x20 stack/hal/atmega256rfr2/src/halTimer.o
 .debug_ranges  0x000005d0       0x18 stack/hal/drivers/atmega256rfr2/src/halSleep.o
 .debug_ranges  0x000005e8       0x38 stack/hal/drivers/atmega256rfr2/src/halUart.o
 .debug_ranges  0x00000620       0x78 stack/nwk/src/nwk.o
 .debug_ranges  0x00000698       0x38 stack/nwk/src/nwkDataReq.o
 .debug_ranges  0x000006d0       0x30 stack/nwk/src/nwkFrame.o
 .debug_ranges  0x00000700       0x98 stack/nwk/src/nwkRoute.o
 .debug_ranges  0x00000798       0xb0 stack/nwk/src/nwkRx.o
 .debug_ranges  0x00000848       0x58 stack/nwk/src/nwkTx.o
 .debug_ranges  0x000008a0       0x78 stack/phy/atmega256rfr2/src/phy.o
 .debug_ranges  0x00000918       0x18 stack/sys/src/sys.o
 .debug_ranges  0x00000930       0x80 stack/sys/src/sysTimer.o
 .debug_ranges  0x000009b0       0x30 uart/uart.o

.debug_macro
 *(.debug_macro)
OUTPUT(Project_LWM.elf elf32-avr)
LOAD linker stubs
