Archive member included to satisfy reference by file (symbol)

c:/apps/atmel/studio/7.0/toolchain/avr8/avr8-gnu-toolchain/bin/../lib/gcc/avr/5.4.0/../../../../avr/lib/avr6\libprintf_flt.a(vfprintf_flt.o)
                              (vfprintf)
c:/apps/atmel/studio/7.0/toolchain/avr8/avr8-gnu-toolchain/bin/../lib/gcc/avr/5.4.0/avr6\libgcc.a(_udivmodsi4.o)
                              stack/hal/drivers/atmega256rfr2/src/halSleep.o (__udivmodsi4)
c:/apps/atmel/studio/7.0/toolchain/avr8/avr8-gnu-toolchain/bin/../lib/gcc/avr/5.4.0/avr6\libgcc.a(_divmodsi4.o)
                              uart/uart.o (__divmodsi4)
c:/apps/atmel/studio/7.0/toolchain/avr8/avr8-gnu-toolchain/bin/../lib/gcc/avr/5.4.0/avr6\libgcc.a(_negsi2.o)
                              c:/apps/atmel/studio/7.0/toolchain/avr8/avr8-gnu-toolchain/bin/../lib/gcc/avr/5.4.0/avr6\libgcc.a(_divmodsi4.o) (__negsi2)
c:/apps/atmel/studio/7.0/toolchain/avr8/avr8-gnu-toolchain/bin/../lib/gcc/avr/5.4.0/avr6\libgcc.a(_exit.o)
                              C:/Apps/Atmel/Studio/7.0/Packs/atmel/ATmega_DFP/1.7.374/gcc/dev/atmega256rfr2/avr6/crtatmega256rfr2.o (exit)
c:/apps/atmel/studio/7.0/toolchain/avr8/avr8-gnu-toolchain/bin/../lib/gcc/avr/5.4.0/avr6\libgcc.a(_tablejump2.o)
                              Ethernet/socket.o (__tablejump2__)
c:/apps/atmel/studio/7.0/toolchain/avr8/avr8-gnu-toolchain/bin/../lib/gcc/avr/5.4.0/avr6\libgcc.a(_copy_data.o)
                              Application/loopback/loopback.o (__do_copy_data)
c:/apps/atmel/studio/7.0/toolchain/avr8/avr8-gnu-toolchain/bin/../lib/gcc/avr/5.4.0/avr6\libgcc.a(_clear_bss.o)
                              Application/PING/ping.o (__do_clear_bss)
c:/apps/atmel/studio/7.0/toolchain/avr8/avr8-gnu-toolchain/bin/../lib/gcc/avr/5.4.0/avr6\libgcc.a(_muluhisi3.o)
                              Internet/MQTT/MQTTClient.o (__muluhisi3)
c:/apps/atmel/studio/7.0/toolchain/avr8/avr8-gnu-toolchain/bin/../lib/gcc/avr/5.4.0/avr6\libgcc.a(_umulhisi3.o)
                              c:/apps/atmel/studio/7.0/toolchain/avr8/avr8-gnu-toolchain/bin/../lib/gcc/avr/5.4.0/avr6\libgcc.a(_muluhisi3.o) (__umulhisi3)
c:/apps/atmel/studio/7.0/toolchain/avr8/avr8-gnu-toolchain/bin/../lib/gcc/avr/5.4.0/../../../../avr/lib/avr6\libc.a(malloc.o)
                              main.o (__brkval)
c:/apps/atmel/studio/7.0/toolchain/avr8/avr8-gnu-toolchain/bin/../lib/gcc/avr/5.4.0/../../../../avr/lib/avr6\libc.a(rand.o)
                              stack/nwk/src/nwkTx.o (rand)
c:/apps/atmel/studio/7.0/toolchain/avr8/avr8-gnu-toolchain/bin/../lib/gcc/avr/5.4.0/../../../../avr/lib/avr6\libc.a(ftoa_engine.o)
                              c:/apps/atmel/studio/7.0/toolchain/avr8/avr8-gnu-toolchain/bin/../lib/gcc/avr/5.4.0/../../../../avr/lib/avr6\libprintf_flt.a(vfprintf_flt.o) (__ftoa_engine)
c:/apps/atmel/studio/7.0/toolchain/avr8/avr8-gnu-toolchain/bin/../lib/gcc/avr/5.4.0/../../../../avr/lib/avr6\libc.a(strnlen_P.o)
                              c:/apps/atmel/studio/7.0/toolchain/avr8/avr8-gnu-toolchain/bin/../lib/gcc/avr/5.4.0/../../../../avr/lib/avr6\libprintf_flt.a(vfprintf_flt.o) (strnlen_P)
c:/apps/atmel/studio/7.0/toolchain/avr8/avr8-gnu-toolchain/bin/../lib/gcc/avr/5.4.0/../../../../avr/lib/avr6\libc.a(memcmp.o)
                              Internet/MQTT/MQTTPacket/src/MQTTConnectServer.o (memcmp)
c:/apps/atmel/studio/7.0/toolchain/avr8/avr8-gnu-toolchain/bin/../lib/gcc/avr/5.4.0/../../../../avr/lib/avr6\libc.a(memcpy.o)
                              Internet/MQTT/MQTTPacket/src/MQTTPacket.o (memcpy)
c:/apps/atmel/studio/7.0/toolchain/avr8/avr8-gnu-toolchain/bin/../lib/gcc/avr/5.4.0/../../../../avr/lib/avr6\libc.a(strncmp.o)
                              Internet/MQTT/MQTTPacket/src/MQTTPacket.o (strncmp)
c:/apps/atmel/studio/7.0/toolchain/avr8/avr8-gnu-toolchain/bin/../lib/gcc/avr/5.4.0/../../../../avr/lib/avr6\libc.a(strncpy.o)
                              main.o (strncpy)
c:/apps/atmel/studio/7.0/toolchain/avr8/avr8-gnu-toolchain/bin/../lib/gcc/avr/5.4.0/../../../../avr/lib/avr6\libc.a(strnlen.o)
                              c:/apps/atmel/studio/7.0/toolchain/avr8/avr8-gnu-toolchain/bin/../lib/gcc/avr/5.4.0/../../../../avr/lib/avr6\libprintf_flt.a(vfprintf_flt.o) (strnlen)
c:/apps/atmel/studio/7.0/toolchain/avr8/avr8-gnu-toolchain/bin/../lib/gcc/avr/5.4.0/../../../../avr/lib/avr6\libc.a(fputc.o)
                              c:/apps/atmel/studio/7.0/toolchain/avr8/avr8-gnu-toolchain/bin/../lib/gcc/avr/5.4.0/../../../../avr/lib/avr6\libprintf_flt.a(vfprintf_flt.o) (fputc)
c:/apps/atmel/studio/7.0/toolchain/avr8/avr8-gnu-toolchain/bin/../lib/gcc/avr/5.4.0/../../../../avr/lib/avr6\libc.a(iob.o)
                              main.o (__iob)
c:/apps/atmel/studio/7.0/toolchain/avr8/avr8-gnu-toolchain/bin/../lib/gcc/avr/5.4.0/../../../../avr/lib/avr6\libc.a(printf.o)
                              Application/loopback/loopback.o (printf)
[...]
Memory Configuration

Name             Origin             Length             Attributes
text             0x00000000         0x00040000         xr
data             0x00800200         0x00008000         rw !x
eeprom           0x00810000         0x00002000         rw !x
fuse             0x00820000         0x00000003         rw !x
lock             0x00830000         0x00000400         rw !x
signature        0x00840000         0x00000400         rw !x
user_signatures  0x00850000         0x00000400         rw !x
*default*        0x00000000         0xffffffff

Linker script and memory map

Address of section .data set to 0x800200
LOAD C:/Apps/Atmel/Studio/7.0/Packs/atmel/ATmega_DFP/1.7.374/gcc/dev/atmega256rfr2/avr6/crtatmega256rfr2.o
LOAD Application/loopback/loopback.o
LOAD Application/PING/ping.o
LOAD Ethernet/socket.o
LOAD Ethernet/W5500/w5500.o
LOAD Ethernet/wizchip_conf.o
LOAD Internet/MQTT/MQTTClient.o
LOAD Internet/MQTT/MQTTPacket/src/MQTTConnectClient.o
LOAD Internet/MQTT/MQTTPacket/src/MQTTConnectServer.o
LOAD Internet/MQTT/MQTTPacket/src/MQTTDeserializePublish.o
LOAD Internet/MQTT/MQTTPacket/src/MQTTFormat.o
LOAD Internet/MQTT/MQTTPacket/src/MQTTPacket.o
LOAD Internet/MQTT/MQTTPacket/src/MQTTSerializePublish.o
LOAD Internet/MQTT/MQTTPacket/src/MQTTSubscribeClient.o
LOAD Internet/MQTT/MQTTPacket/src/MQTTSubscribeServer.o
LOAD Internet/MQTT/MQTTPacket/src/MQTTUnsubscribeClient.o
LOAD Internet/MQTT/MQTTPacket/src/MQTTUnsubscribeServer.o
LOAD Internet/MQTT/mqtt_interface.o
LOAD lwm/lwm.o
LOAD main.o
LOAD spi/spi.o
LOAD stack/hal/atmega256rfr2/src/hal.o
LOAD stack/hal/atmega256rfr2/src/halTimer.o
LOAD stack/hal/drivers/atmega256rfr2/src/halSleep.o
LOAD stack/hal/drivers/atmega256rfr2/src/halUart.o
LOAD stack/nwk/src/nwk.o
LOAD stack/nwk/src/nwkDataReq.o
LOAD stack/nwk/src/nwkFrame.o
LOAD stack/nwk/src/nwkGroup.o
LOAD stack/nwk/src/nwkRoute.o
LOAD stack/nwk/src/nwkRouteDiscovery.o
LOAD stack/nwk/src/nwkRx.o
LOAD stack/nwk/src/nwkSecurity.o
LOAD stack/nwk/src/nwkTx.o
LOAD stack/phy/atmega256rfr2/src/phy.o
LOAD stack/sys/src/sys.o
LOAD stack/sys/src/sysEncrypt.o
LOAD stack/sys/src/sysTimer.o
LOAD uart/uart.o
START GROUP
LOAD c:/apps/atmel/studio/7.0/toolchain/avr8/avr8-gnu-toolchain/bin/../lib/gcc/avr/5.4.0/../../../../avr/lib/avr6\libm.a
END GROUP
LOAD c:/apps/atmel/studio/7.0/toolchain/avr8/avr8-gnu-toolchain/bin/../lib/gcc/avr/5.4.0/../../../../avr/lib/avr6\libprintf_flt.a
START GROUP
LOAD c:/apps/atmel/studio/7.0/toolchain/avr8/avr8-gnu-toolchain/bin/../lib/gcc/avr/5.4.0/avr6\libgcc.a
LOAD c:/apps/atmel/studio/7.0/toolchain/avr8/avr8-gnu-toolchain/bin/../lib/gcc/avr/5.4.0/../../../../avr/lib/avr6\libm.a
LOAD c:/apps/atmel/studio/7.0/toolchain/avr8/avr8-gnu-toolchain/bin/../lib/gcc/avr/5.4.0/../../../../avr/lib/avr6\libc.a
LOAD C:/Apps/Atmel/Studio/7.0/Packs/atmel/ATmega_DFP/1.7.374/gcc/dev/atmega256rfr2/avr6\libatmega256rfr2.a
END GROUP
                [0x00000000]                __TEXT_REGION_ORIGIN__ = DEFINED (__TEXT_REGION_ORIGIN__)?__TEXT_REGION_ORIGIN__:0x0
                [0x00800200]                __DATA_REGION_ORIGIN__ = DEFINED (__DATA_REGION_ORIGIN__)?__DATA_REGION_ORIGIN__:0x800200
                [0x00040000]                __TEXT_REGION_LENGTH__ = DEFINED (__TEXT_REGION_LENGTH__)?__TEXT_REGION_LENGTH__:0x100000
                [0x00008000]                __DATA_REGION_LENGTH__ = DEFINED (__DATA_REGION_LENGTH__)?__DATA_REGION_LENGTH__:0xfe00
                [0x00002000]                __EEPROM_REGION_LENGTH__ = DEFINED (__EEPROM_REGION_LENGTH__)?__EEPROM_REGION_LENGTH__:0x10000
                [0x00000003]                __FUSE_REGION_LENGTH__ = DEFINED (__FUSE_REGION_LENGTH__)?__FUSE_REGION_LENGTH__:0x400
                0x00000400                __LOCK_REGION_LENGTH__ = DEFINED (__LOCK_REGION_LENGTH__)?__LOCK_REGION_LENGTH__:0x400
                0x00000400                __SIGNATURE_REGION_LENGTH__ = DEFINED (__SIGNATURE_REGION_LENGTH__)?__SIGNATURE_REGION_LENGTH__:0x400
                0x00000400                __USER_SIGNATURE_REGION_LENGTH__ = DEFINED (__USER_SIGNATURE_REGION_LENGTH__)?__USER_SIGNATURE_REGION_LENGTH__:0x400

.hash
 *(.hash)

.dynsym
 *(.dynsym)

.dynstr
 *(.dynstr)

.gnu.version
 *(.gnu.version)

.gnu.version_d
 *(.gnu.version_d)

.gnu.version_r
 *(.gnu.version_r)

.rel.init
 *(.rel.init)

.rela.init
 *(.rela.init)

.rel.text
 *(.rel.text)
 *(.rel.text.*)
 *(.rel.gnu.linkonce.t*)

.rela.text
 *(.rela.text)
 *(.rela.text.*)
 *(.rela.gnu.linkonce.t*)

.rel.fini
 *(.rel.fini)

.rela.fini
 *(.rela.fini)

.rel.rodata
 *(.rel.rodata)
 *(.rel.rodata.*)
 *(.rel.gnu.linkonce.r*)

.rela.rodata
 *(.rela.rodata)
 *(.rela.rodata.*)
 *(.rela.gnu.linkonce.r*)

.rel.data
 *(.rel.data)
 *(.rel.data.*)
 *(.rel.gnu.linkonce.d*)

.rela.data
 *(.rela.data)
 *(.rela.data.*)
 *(.rela.gnu.linkonce.d*)

.rel.ctors
 *(.rel.ctors)

.rela.ctors
 *(.rela.ctors)

.rel.dtors
 *(.rel.dtors)

.rela.dtors
 *(.rela.dtors)

.rel.got
 *(.rel.got)

.rela.got
 *(.rela.got)

.rel.bss
 *(.rel.bss)

.rela.bss
 *(.rela.bss)

.rel.plt
 *(.rel.plt)

.rela.plt
 *(.rela.plt)

.text           0x00000000     0x656c
 *(.vectors)
 .vectors       0x00000000      0x134 C:/Apps/Atmel/Studio/7.0/Packs/atmel/ATmega_DFP/1.7.374/gcc/dev/atmega256rfr2/avr6/crtatmega256rfr2.o
                0x00000000                __vector_default
                0x00000000                __vectors
 *(.vectors)
 *(.progmem.gcc*)
 .progmem.gcc_sw_table.ctlwizchip
                0x00000134       0x20 Ethernet/wizchip_conf.o
                0x00000154                . = ALIGN (0x2)
                0x00000154                __trampolines_start = .
 *(.trampolines)
 .trampolines   0x00000154        0x0 linker stubs
 *(.trampolines*)
                0x00000154                __trampolines_end = .
 *libprintf_flt.a:*(.progmem.data)
 .progmem.data  0x00000154        0x8 c:/apps/atmel/studio/7.0/toolchain/avr8/avr8-gnu-toolchain/bin/../lib/gcc/avr/5.4.0/../../../../avr/lib/avr6\libprintf_flt.a(vfprintf_flt.o)
 *libc.a:*(.progmem.data)
 .progmem.data  0x0000015c       0xfa c:/apps/atmel/studio/7.0/toolchain/avr8/avr8-gnu-toolchain/bin/../lib/gcc/avr/5.4.0/../../../../avr/lib/avr6\libc.a(ftoa_engine.o)
 *(.progmem*)
 .progmem.data.__c.3650
                0x00000256        0xa main.o
 .progmem.data.__c.3648
                0x00000260        0xc main.o
 .progmem.data.__c.3645
                0x0000026c       0x2a main.o
 .progmem.data.__c.3643
                0x00000296       0x15 main.o
 .progmem.data.__c.3641
                0x000002ab       0x2c main.o
 .progmem.data.__c.3619
                0x000002d7       0x1e main.o
 .progmem.data.__c.3623
                0x000002f5       0x15 main.o
 .progmem.data.__c.3617
                0x0000030a       0x20 main.o
 .progmem.data.__c.3614
                0x0000032a       0x32 main.o
 .progmem.data.__c.3604
                0x0000035c       0x1b main.o
 .progmem.data.__c.3499
                0x00000377       0x14 main.o
                0x0000038c                . = ALIGN (0x2)
 *fill*         0x0000038b        0x1 
 *(.jumptables)
 *(.jumptables*)
 *(.lowtext)
 *(.lowtext*)
                0x0000038c                __ctors_start = .
 *(.ctors)
                0x0000038c                __ctors_end = .
                0x0000038c                __dtors_start = .
 *(.dtors)
                0x0000038c                __dtors_end = .
 SORT(*)(.ctors)
 SORT(*)(.dtors)
 *(.init0)
 .init0         0x0000038c        0x0 C:/Apps/Atmel/Studio/7.0/Packs/atmel/ATmega_DFP/1.7.374/gcc/dev/atmega256rfr2/avr6/crtatmega256rfr2.o
                0x0000038c                __init
 *(.init0)
 *(.init1)
 *(.init1)
 *(.init2)
 .init2         0x0000038c       0x10 C:/Apps/Atmel/Studio/7.0/Packs/atmel/ATmega_DFP/1.7.374/gcc/dev/atmega256rfr2/avr6/crtatmega256rfr2.o
 *(.init2)
 *(.init3)
 .init3         0x0000039c       0x1e main.o
                0x0000039c                get_mcusr
 *(.init3)
 *(.init4)
 .init4         0x000003ba       0x1a c:/apps/atmel/studio/7.0/toolchain/avr8/avr8-gnu-toolchain/bin/../lib/gcc/avr/5.4.0/avr6\libgcc.a(_copy_data.o)
                0x000003ba                __do_copy_data
 .init4         0x000003d4       0x10 c:/apps/atmel/studio/7.0/toolchain/avr8/avr8-gnu-toolchain/bin/../lib/gcc/avr/5.4.0/avr6\libgcc.a(_clear_bss.o)
                0x000003d4                __do_clear_bss
 *(.init4)
 *(.init5)
 *(.init5)
 *(.init6)
 *(.init6)
 *(.init7)
 *(.init7)
 *(.init8)
 *(.init8)
 *(.init9)
 .init9         0x000003e4        0x8 C:/Apps/Atmel/Studio/7.0/Packs/atmel/ATmega_DFP/1.7.374/gcc/dev/atmega256rfr2/avr6/crtatmega256rfr2.o
 *(.init9)
 *(.text)
 .text          0x000003ec        0x2 C:/Apps/Atmel/Studio/7.0/Packs/atmel/ATmega_DFP/1.7.374/gcc/dev/atmega256rfr2/avr6/crtatmega256rfr2.o
                0x000003ec                __vector_38
                0x000003ec                __vector_22
                0x000003ec                __vector_63
                0x000003ec                __vector_28
                0x000003ec                __vector_67
                0x000003ec                __vector_1
                0x000003ec                __vector_32
                0x000003ec                __vector_75
                0x000003ec                __vector_71
                0x000003ec                __vector_34
                0x000003ec                __vector_62
                0x000003ec                __vector_24
                0x000003ec                __vector_12
                0x000003ec                __vector_55
                0x000003ec                __vector_69
                0x000003ec                __vector_46
                0x000003ec                __bad_interrupt
                0x000003ec                __vector_72
                0x000003ec                __vector_6
                0x000003ec                __vector_31
                0x000003ec                __vector_35
                0x000003ec                __vector_74
                0x000003ec                __vector_39
                0x000003ec                __vector_3
                0x000003ec                __vector_23
                0x000003ec                __vector_68
                0x000003ec                __vector_30
                0x000003ec                __vector_73
                0x000003ec                __vector_45
                0x000003ec                __vector_25
                0x000003ec                __vector_61
                0x000003ec                __vector_11
                0x000003ec                __vector_54
                0x000003ec                __vector_17
                0x000003ec                __vector_19
                0x000003ec                __vector_56
                0x000003ec                __vector_7
                0x000003ec                __vector_49
                0x000003ec                __vector_41
                0x000003ec                __vector_64
                0x000003ec                __vector_43
                0x000003ec                __vector_27
                0x000003ec                __vector_5
                0x000003ec                __vector_33
                0x000003ec                __vector_76
                0x000003ec                __vector_47
                0x000003ec                __vector_52
                0x000003ec                __vector_4
                0x000003ec                __vector_44
                0x000003ec                __vector_51
                0x000003ec                __vector_9
                0x000003ec                __vector_2
                0x000003ec                __vector_15
                0x000003ec                __vector_66
                0x000003ec                __vector_58
                0x000003ec                __vector_70
                0x000003ec                __vector_29
                0x000003ec                __vector_60
                0x000003ec                __vector_40
                0x000003ec                __vector_8
                0x000003ec                __vector_26
                0x000003ec                __vector_48
                0x000003ec                __vector_14
                0x000003ec                __vector_57
                0x000003ec                __vector_53
                0x000003ec                __vector_10
                0x000003ec                __vector_50
                0x000003ec                __vector_16
                0x000003ec                __vector_59
                0x000003ec                __vector_18
                0x000003ec                __vector_20
                0x000003ec                __vector_65
                0x000003ee                . = ALIGN (0x2)
 *(.text.*)
 .text.close    0x000003ee       0xe0 Ethernet/socket.o
                0x000003ee                close
 .text.socket   0x000004ce      0x1fa Ethernet/socket.o
                0x000004ce                socket
 .text.connect  0x000006c8      0x1a6 Ethernet/socket.o
                0x000006c8                connect
 .text.disconnect
                0x0000086e       0xe8 Ethernet/socket.o
                0x0000086e                disconnect
 .text.send     0x00000956      0x226 Ethernet/socket.o
                0x00000956                send
 .text.recv     0x00000b7c      0x17e Ethernet/socket.o
                0x00000b7c                recv
 .text.WIZCHIP_READ
                0x00000cfa       0xce Ethernet/W5500/w5500.o
                0x00000cfa                WIZCHIP_READ
 .text.WIZCHIP_WRITE
                0x00000dc8       0xe4 Ethernet/W5500/w5500.o
                0x00000dc8                WIZCHIP_WRITE
 .text.WIZCHIP_READ_BUF
                0x00000eac      0x104 Ethernet/W5500/w5500.o
                0x00000eac                WIZCHIP_READ_BUF
 .text.WIZCHIP_WRITE_BUF
                0x00000fb0      0x10e Ethernet/W5500/w5500.o
                0x00000fb0                WIZCHIP_WRITE_BUF
 .text.getSn_TX_FSR
                0x000010be       0xb0 Ethernet/W5500/w5500.o
                0x000010be                getSn_TX_FSR
 .text.getSn_RX_RSR
                0x0000116e       0xb0 Ethernet/W5500/w5500.o
                0x0000116e                getSn_RX_RSR
 .text.wiz_send_data
                0x0000121e      0x10e Ethernet/W5500/w5500.o
                0x0000121e                wiz_send_data
 .text.wiz_recv_data
                0x0000132c      0x10e Ethernet/W5500/w5500.o
                0x0000132c                wiz_recv_data
 .text.wizchip_cris_enter
                0x0000143a        0x2 Ethernet/wizchip_conf.o
                0x0000143a                wizchip_cris_enter
 .text.wizchip_cris_exit
                0x0000143c        0x2 Ethernet/wizchip_conf.o
                0x0000143c                wizchip_cris_exit
 .text.wizchip_cs_select
                0x0000143e        0x2 Ethernet/wizchip_conf.o
                0x0000143e                wizchip_cs_select
 .text.wizchip_cs_deselect
                0x00001440        0x2 Ethernet/wizchip_conf.o
                0x00001440                wizchip_cs_deselect
 .text.wizchip_bus_readdata
                0x00001442        0x6 Ethernet/wizchip_conf.o
                0x00001442                wizchip_bus_readdata
 .text.wizchip_bus_writedata
                0x00001448        0x6 Ethernet/wizchip_conf.o
                0x00001448                wizchip_bus_writedata
 .text.wizchip_spi_readbyte
                0x0000144e        0x4 Ethernet/wizchip_conf.o
                0x0000144e                wizchip_spi_readbyte
 .text.wizchip_spi_writebyte
                0x00001452        0x2 Ethernet/wizchip_conf.o
                0x00001452                wizchip_spi_writebyte
 .text.wizchip_spi_readburst
                0x00001454        0x2 Ethernet/wizchip_conf.o
                0x00001454                wizchip_spi_readburst
 .text.wizchip_spi_writeburst
                0x00001456        0x2 Ethernet/wizchip_conf.o
                0x00001456                wizchip_spi_writeburst
 .text.reg_wizchip_cs_cbfunc
                0x00001458       0x2e Ethernet/wizchip_conf.o
                0x00001458                reg_wizchip_cs_cbfunc
 .text.reg_wizchip_spi_cbfunc
                0x00001486       0x3a Ethernet/wizchip_conf.o
                0x00001486                reg_wizchip_spi_cbfunc
 .text.reg_wizchip_spiburst_cbfunc
                0x000014c0       0x3a Ethernet/wizchip_conf.o
                0x000014c0                reg_wizchip_spiburst_cbfunc
 .text.wizchip_sw_reset
                0x000014fa       0xd8 Ethernet/wizchip_conf.o
                0x000014fa                wizchip_sw_reset
 .text.wizchip_init
                0x000015d2       0xf2 Ethernet/wizchip_conf.o
                0x000015d2                wizchip_init
 .text.wizchip_clrinterrupt
                0x000016c4       0x22 Ethernet/wizchip_conf.o
                0x000016c4                wizchip_clrinterrupt
 .text.wizchip_getinterrupt
                0x000016e6       0x28 Ethernet/wizchip_conf.o
                0x000016e6                wizchip_getinterrupt
 .text.wizchip_setinterruptmask
                0x0000170e       0x20 Ethernet/wizchip_conf.o
                0x0000170e                wizchip_setinterruptmask
 .text.wizchip_getinterruptmask
                0x0000172e       0x26 Ethernet/wizchip_conf.o
                0x0000172e                wizchip_getinterruptmask
 .text.wizphy_getphylink
                0x00001754       0x16 Ethernet/wizchip_conf.o
                0x00001754                wizphy_getphylink
 .text.wizphy_getphypmode
                0x0000176a       0x18 Ethernet/wizchip_conf.o
                0x0000176a                wizphy_getphypmode
 .text.wizphy_reset
                0x00001782       0x32 Ethernet/wizchip_conf.o
                0x00001782                wizphy_reset
 .text.wizphy_setphyconf
                0x000017b4       0x42 Ethernet/wizchip_conf.o
                0x000017b4                wizphy_setphyconf
 .text.wizphy_getphyconf
                0x000017f6       0x58 Ethernet/wizchip_conf.o
                0x000017f6                wizphy_getphyconf
 .text.wizphy_setphypmode
                0x0000184e       0x5a Ethernet/wizchip_conf.o
                0x0000184e                wizphy_setphypmode
 .text.ctlwizchip
                0x000018a8      0x116 Ethernet/wizchip_conf.o
                0x000018a8                ctlwizchip
 .text.wizchip_setnetinfo
                0x000019be       0x72 Ethernet/wizchip_conf.o
                0x000019be                wizchip_setnetinfo
 .text.wizchip_getnetinfo
                0x00001a30       0x72 Ethernet/wizchip_conf.o
                0x00001a30                wizchip_getnetinfo
 .text.NewMessageData
                0x00001aa2        0xc Internet/MQTT/MQTTClient.o
                0x00001aa2                NewMessageData
 .text.getNextPacketId
                0x00001aae       0x36 Internet/MQTT/MQTTClient.o
                0x00001aae                getNextPacketId
 .text.sendPacket
                0x00001ae4       0xca Internet/MQTT/MQTTClient.o
                0x00001ae4                sendPacket
 .text.MQTTClient
                0x00001bae       0xba Internet/MQTT/MQTTClient.o
                0x00001bae                MQTTClient
 .text.decodePacket
                0x00001c68      0x142 Internet/MQTT/MQTTClient.o
                0x00001c68                decodePacket
 .text.readPacket
                0x00001daa      0x14e Internet/MQTT/MQTTClient.o
                0x00001daa                readPacket
 .text.isTopicMatched
                0x00001ef8       0x88 Internet/MQTT/MQTTClient.o
                0x00001ef8                isTopicMatched
 .text.deliverMessage
                0x00001f80      0x13a Internet/MQTT/MQTTClient.o
                0x00001f80                deliverMessage
 .text.keepalive
                0x000020ba       0xc4 Internet/MQTT/MQTTClient.o
                0x000020ba                keepalive
 .text.cycle    0x0000217e      0x232 Internet/MQTT/MQTTClient.o
                0x0000217e                cycle
 .text.MQTTYield
                0x000023b0       0x88 Internet/MQTT/MQTTClient.o
                0x000023b0                MQTTYield
 .text.waitfor  0x00002438       0x64 Internet/MQTT/MQTTClient.o
                0x00002438                waitfor
 .text.MQTTConnect
                0x0000249c      0x176 Internet/MQTT/MQTTClient.o
                0x0000249c                MQTTConnect
 .text.MQTTSubscribe
                0x00002612      0x200 Internet/MQTT/MQTTClient.o
                0x00002612                MQTTSubscribe
 .text.MQTTSerialize_connectLength
                0x00002812      0x13e Internet/MQTT/MQTTPacket/src/MQTTConnectClient.o
                0x00002812                MQTTSerialize_connectLength
 .text.MQTTSerialize_connect
                0x00002950      0x1dc Internet/MQTT/MQTTPacket/src/MQTTConnectClient.o
                0x00002950                MQTTSerialize_connect
 .text.MQTTDeserialize_connack
                0x00002b2c       0x8e Internet/MQTT/MQTTPacket/src/MQTTConnectClient.o
                0x00002b2c                MQTTDeserialize_connack
 .text.MQTTSerialize_zero
                0x00002bba       0x64 Internet/MQTT/MQTTPacket/src/MQTTConnectClient.o
                0x00002bba                MQTTSerialize_zero
 .text.MQTTSerialize_pingreq
                0x00002c1e        0x6 Internet/MQTT/MQTTPacket/src/MQTTConnectClient.o
                0x00002c1e                MQTTSerialize_pingreq
 .text.MQTTDeserialize_publish
                0x00002c24      0x13a Internet/MQTT/MQTTPacket/src/MQTTDeserializePublish.o
                0x00002c24                MQTTDeserialize_publish
 .text.MQTTDeserialize_ack
                0x00002d5e       0x8e Internet/MQTT/MQTTPacket/src/MQTTDeserializePublish.o
                0x00002d5e                MQTTDeserialize_ack
 .text.bufchar  0x00002dec       0x4a Internet/MQTT/MQTTPacket/src/MQTTPacket.o
                0x00002dec                bufchar
 .text.MQTTPacket_encode
                0x00002e36       0xb4 Internet/MQTT/MQTTPacket/src/MQTTPacket.o
                0x00002e36                MQTTPacket_encode
 .text.MQTTPacket_decode
                0x00002eea      0x108 Internet/MQTT/MQTTPacket/src/MQTTPacket.o
                0x00002eea                MQTTPacket_decode
 .text.MQTTPacket_len
                0x00002ff2       0x5c Internet/MQTT/MQTTPacket/src/MQTTPacket.o
                0x00002ff2                MQTTPacket_len
 .text.MQTTPacket_decodeBuf
                0x0000304e       0x10 Internet/MQTT/MQTTPacket/src/MQTTPacket.o
                0x0000304e                MQTTPacket_decodeBuf
 .text.readInt  0x0000305e       0x26 Internet/MQTT/MQTTPacket/src/MQTTPacket.o
                0x0000305e                readInt
 .text.readChar
                0x00003084       0x10 Internet/MQTT/MQTTPacket/src/MQTTPacket.o
                0x00003084                readChar
 .text.writeChar
                0x00003094       0x14 Internet/MQTT/MQTTPacket/src/MQTTPacket.o
                0x00003094                writeChar
 .text.writeInt
                0x000030a8       0x5c Internet/MQTT/MQTTPacket/src/MQTTPacket.o
                0x000030a8                writeInt
 .text.writeCString
                0x00003104       0x50 Internet/MQTT/MQTTPacket/src/MQTTPacket.o
                0x00003104                writeCString
 .text.writeMQTTString
                0x00003154       0xa6 Internet/MQTT/MQTTPacket/src/MQTTPacket.o
                0x00003154                writeMQTTString
 .text.readMQTTLenString
                0x000031fa       0x7c Internet/MQTT/MQTTPacket/src/MQTTPacket.o
                0x000031fa                readMQTTLenString
 .text.MQTTstrlen
                0x00003276       0x5c Internet/MQTT/MQTTPacket/src/MQTTPacket.o
                0x00003276                MQTTstrlen
 .text.MQTTPacket_equals
                0x000032d2       0x84 Internet/MQTT/MQTTPacket/src/MQTTPacket.o
                0x000032d2                MQTTPacket_equals
 .text.MQTTSerialize_ack
                0x00003356       0x9c Internet/MQTT/MQTTPacket/src/MQTTSerializePublish.o
                0x00003356                MQTTSerialize_ack
 .text.MQTTSerialize_subscribeLength
                0x000033f2       0xa0 Internet/MQTT/MQTTPacket/src/MQTTSubscribeClient.o
                0x000033f2                MQTTSerialize_subscribeLength
 .text.MQTTSerialize_subscribe
                0x00003492      0x13c Internet/MQTT/MQTTPacket/src/MQTTSubscribeClient.o
                0x00003492                MQTTSerialize_subscribe
 .text.MQTTDeserialize_suback
                0x000035ce      0x124 Internet/MQTT/MQTTPacket/src/MQTTSubscribeClient.o
                0x000035ce                MQTTDeserialize_suback
 .text.w5500_read
                0x000036f2       0x96 Internet/MQTT/mqtt_interface.o
                0x000036f2                w5500_read
 .text.w5500_write
                0x00003788       0x84 Internet/MQTT/mqtt_interface.o
                0x00003788                w5500_write
 .text.w5500_disconnect
                0x0000380c        0xa Internet/MQTT/mqtt_interface.o
                0x0000380c                w5500_disconnect
 .text.expired  0x00003816       0x42 Internet/MQTT/mqtt_interface.o
                0x00003816                expired
 .text.countdown_ms
                0x00003858       0x3a Internet/MQTT/mqtt_interface.o
                0x00003858                countdown_ms
 .text.countdown
                0x00003892       0x54 Internet/MQTT/mqtt_interface.o
                0x00003892                countdown
 .text.left_ms  0x000038e6       0x3e Internet/MQTT/mqtt_interface.o
                0x000038e6                left_ms
 .text.InitTimer
                0x00003924        0xc Internet/MQTT/mqtt_interface.o
                0x00003924                InitTimer
 .text.NewNetwork
                0x00003930       0x1c Internet/MQTT/mqtt_interface.o
                0x00003930                NewNetwork
 .text.ConnectNetwork
                0x0000394c       0x3e Internet/MQTT/mqtt_interface.o
                0x0000394c                ConnectNetwork
 .text.appDataConf
                0x0000398a        0x6 lwm/lwm.o
                0x0000398a                appDataConf
 .text.appTimerHandler
                0x00003990        0x2 lwm/lwm.o
                0x00003990                appTimerHandler
 .text.appDataInd_ACK
                0x00003992       0x32 lwm/lwm.o
                0x00003992                appDataInd_ACK
 .text.sendOK   0x000039c4       0x4a lwm/lwm.o
                0x000039c4                sendOK
 .text.appDataInd
                0x00003a0e       0x3a lwm/lwm.o
                0x00003a0e                appDataInd
 .text.HAL_UartBytesReceived
                0x00003a48       0x50 lwm/lwm.o
                0x00003a48                HAL_UartBytesReceived
 .text.appInit  0x00003a98       0x48 lwm/lwm.o
                0x00003a98                appInit
 .text.APP_TaskHandler
                0x00003ae0       0x12 lwm/lwm.o
                0x00003ae0                APP_TaskHandler
 .text.freeRam  0x00003af2       0x32 main.o
 .text.cs_sel   0x00003b24        0x8 main.o
                0x00003b24                cs_sel
 .text.cs_desel
                0x00003b2c        0x8 main.o
                0x00003b2c                cs_desel
 .text.spi_rb   0x00003b34        0xc main.o
                0x00003b34                spi_rb
 .text.spi_wb   0x00003b40        0xa main.o
                0x00003b40                spi_wb
 .text.spi_rb_burst
                0x00003b4a       0x22 main.o
                0x00003b4a                spi_rb_burst
 .text.spi_wb_burst
                0x00003b6c       0x24 main.o
                0x00003b6c                spi_wb_burst
 .text.messageArrived
                0x00003b90       0xd0 main.o
                0x00003b90                messageArrived
 .text.__vector_21
                0x00003c60       0x4a main.o
                0x00003c60                __vector_21
 .text.millis   0x00003caa       0x16 main.o
                0x00003caa                millis
 .text.IO_LIBRARY_Init
                0x00003cc0       0x70 main.o
                0x00003cc0                IO_LIBRARY_Init
 .text.timer0_init
                0x00003d30       0x22 main.o
                0x00003d30                timer0_init
 .text.avr_init
                0x00003d52       0x30 main.o
 .text.print_network_information
                0x00003d82      0x17c main.o
                0x00003d82                print_network_information
 .text.main     0x00003efe      0x2b4 main.o
                0x00003efe                main
 .text.spi_init
                0x000041b2       0x26 spi/spi.o
                0x000041b2                spi_init
 .text.HAL_Init
                0x000041d8       0x28 stack/hal/atmega256rfr2/src/hal.o
                0x000041d8                HAL_Init
 .text.HAL_TimerInit
                0x00004200       0x2a stack/hal/atmega256rfr2/src/halTimer.o
                0x00004200                HAL_TimerInit
 .text.__vector_42
                0x0000422a       0x22 stack/hal/atmega256rfr2/src/halTimer.o
                0x0000422a                __vector_42
 .text.__vector_13
                0x0000424c       0x1e stack/hal/drivers/atmega256rfr2/src/halSleep.o
                0x0000424c                __vector_13
 .text.HAL_UartWriteByte
                0x0000426a       0x4e stack/hal/drivers/atmega256rfr2/src/halUart.o
                0x0000426a                HAL_UartWriteByte
 .text.HAL_UartReadByte
                0x000042b8       0x4c stack/hal/drivers/atmega256rfr2/src/halUart.o
                0x000042b8                HAL_UartReadByte
 .text.__vector_37
                0x00004304       0x38 stack/hal/drivers/atmega256rfr2/src/halUart.o
                0x00004304                __vector_37
 .text.__vector_36
                0x0000433c       0xae stack/hal/drivers/atmega256rfr2/src/halUart.o
                0x0000433c                __vector_36
 .text.HAL_UartTaskHandler
                0x000043ea       0x86 stack/hal/drivers/atmega256rfr2/src/halUart.o
                0x000043ea                HAL_UartTaskHandler
 .text.NWK_Init
                0x00004470       0x38 stack/nwk/src/nwk.o
                0x00004470                NWK_Init
 .text.NWK_SetAddr
                0x000044a8        0xe stack/nwk/src/nwk.o
                0x000044a8                NWK_SetAddr
 .text.NWK_SetPanId
                0x000044b6        0xe stack/nwk/src/nwk.o
                0x000044b6                NWK_SetPanId
 .text.NWK_OpenEndpoint
                0x000044c4       0x14 stack/nwk/src/nwk.o
                0x000044c4                NWK_OpenEndpoint
 .text.NWK_TaskHandler
                0x000044d8        0x8 stack/nwk/src/nwk.o
                0x000044d8                NWK_TaskHandler
 .text.nwkDataReqConfirm
                0x000044e0       0x50 stack/nwk/src/nwkDataReq.o
 .text.nwkDataReqSendFrame
                0x00004530       0xc6 stack/nwk/src/nwkDataReq.o
 .text.nwkDataReqTxConf
                0x000045f6       0x38 stack/nwk/src/nwkDataReq.o
 .text.nwkDataReqInit
                0x0000462e        0xa stack/nwk/src/nwkDataReq.o
                0x0000462e                nwkDataReqInit
 .text.NWK_DataReq
                0x00004638       0x48 stack/nwk/src/nwkDataReq.o
                0x00004638                NWK_DataReq
 .text.nwkDataReqTaskHandler
                0x00004680       0x2e stack/nwk/src/nwkDataReq.o
                0x00004680                nwkDataReqTaskHandler
 .text.nwkFrameInit
                0x000046ae       0x1a stack/nwk/src/nwkFrame.o
                0x000046ae                nwkFrameInit
 .text.nwkFrameAlloc
                0x000046c8       0x62 stack/nwk/src/nwkFrame.o
                0x000046c8                nwkFrameAlloc
 .text.nwkFrameFree
                0x0000472a       0x14 stack/nwk/src/nwkFrame.o
                0x0000472a                nwkFrameFree
 .text.nwkFrameNext
                0x0000473e       0x30 stack/nwk/src/nwkFrame.o
                0x0000473e                nwkFrameNext
 .text.nwkFrameCommandInit
                0x0000476e       0x28 stack/nwk/src/nwkFrame.o
                0x0000476e                nwkFrameCommandInit
 .text.nwkRouteNormalizeRanks
                0x00004796       0x2e stack/nwk/src/nwkRoute.o
 .text.nwkRouteSendRouteError
                0x000047c4       0x5c stack/nwk/src/nwkRoute.o
 .text.nwkRouteInit
                0x00004820       0x36 stack/nwk/src/nwkRoute.o
                0x00004820                nwkRouteInit
 .text.NWK_RouteFindEntry
                0x00004856       0x6c stack/nwk/src/nwkRoute.o
                0x00004856                NWK_RouteFindEntry
 .text.NWK_RouteNewEntry
                0x000048c2       0x48 stack/nwk/src/nwkRoute.o
                0x000048c2                NWK_RouteNewEntry
 .text.NWK_RouteFreeEntry
                0x0000490a       0x14 stack/nwk/src/nwkRoute.o
                0x0000490a                NWK_RouteFreeEntry
 .text.NWK_RouteNextHop
                0x0000491e       0x14 stack/nwk/src/nwkRoute.o
                0x0000491e                NWK_RouteNextHop
 .text.nwkRouteRemove
                0x00004932        0xa stack/nwk/src/nwkRoute.o
                0x00004932                nwkRouteRemove
 .text.nwkRouteFrameReceived
                0x0000493c       0xc8 stack/nwk/src/nwkRoute.o
                0x0000493c                nwkRouteFrameReceived
 .text.nwkRouteFrameSent
                0x00004a04       0x78 stack/nwk/src/nwkRoute.o
                0x00004a04                nwkRouteFrameSent
 .text.nwkRoutePrepareTx
                0x00004a7c       0x3e stack/nwk/src/nwkRoute.o
                0x00004a7c                nwkRoutePrepareTx
 .text.nwkRouteFrame
                0x00004aba       0x52 stack/nwk/src/nwkRoute.o
                0x00004aba                nwkRouteFrame
 .text.nwkRouteErrorReceived
                0x00004b0c       0x22 stack/nwk/src/nwkRoute.o
                0x00004b0c                nwkRouteErrorReceived
 .text.nwkRxIndicateFrame
                0x00004b2e      0x12c stack/nwk/src/nwkRx.o
 .text.nwkRxServiceDataInd
                0x00004c5a       0x30 stack/nwk/src/nwkRx.o
 .text.nwkRxDuplicateRejectionTimerHandler
                0x00004c8a       0x4e stack/nwk/src/nwkRx.o
 .text.nwkRxRejectDuplicate
                0x00004cd8      0x14e stack/nwk/src/nwkRx.o
 .text.nwkRxHandleReceivedFrame
                0x00004e26       0xcc stack/nwk/src/nwkRx.o
 .text.nwkRxSendAck
                0x00004ef2       0x68 stack/nwk/src/nwkRx.o
 .text.nwkRxHandleIndication
                0x00004f5a       0x60 stack/nwk/src/nwkRx.o
 .text.nwkRxInit
                0x00004fba       0x4c stack/nwk/src/nwkRx.o
                0x00004fba                nwkRxInit
 .text.PHY_DataInd
                0x00005006       0x5a stack/nwk/src/nwkRx.o
                0x00005006                PHY_DataInd
 .text.nwkRxTaskHandler
                0x00005060       0x48 stack/nwk/src/nwkRx.o
                0x00005060                nwkRxTaskHandler
 .text.nwkTxConvertPhyStatus
                0x000050a8       0x1c stack/nwk/src/nwkTx.o
 .text.nwkTxDelayTimerHandler
                0x000050c4       0x4e stack/nwk/src/nwkTx.o
 .text.nwkTxInit
                0x00005112       0x46 stack/nwk/src/nwkTx.o
                0x00005112                nwkTxInit
 .text.nwkTxFrame
                0x00005158       0xa4 stack/nwk/src/nwkTx.o
                0x00005158                nwkTxFrame
 .text.nwkTxBroadcastFrame
                0x000051fc       0x88 stack/nwk/src/nwkTx.o
                0x000051fc                nwkTxBroadcastFrame
 .text.nwkTxAckReceived
                0x00005284       0x48 stack/nwk/src/nwkTx.o
                0x00005284                nwkTxAckReceived
 .text.nwkTxConfirm
                0x000052cc        0xe stack/nwk/src/nwkTx.o
                0x000052cc                nwkTxConfirm
 .text.nwkTxAckWaitTimerHandler
                0x000052da       0x58 stack/nwk/src/nwkTx.o
 .text.PHY_DataConf
                0x00005332       0x36 stack/nwk/src/nwkTx.o
                0x00005332                PHY_DataConf
 .text.nwkTxTaskHandler
                0x00005368       0xec stack/nwk/src/nwkTx.o
                0x00005368                nwkTxTaskHandler
 .text.phySetChannel
                0x00005454       0x3c stack/phy/atmega256rfr2/src/phy.o
 .text.phyTrxSetState
                0x00005490       0x20 stack/phy/atmega256rfr2/src/phy.o
 .text.phySetRxState
                0x000054b0       0x18 stack/phy/atmega256rfr2/src/phy.o
 .text.PHY_Init
                0x000054c8       0x2e stack/phy/atmega256rfr2/src/phy.o
                0x000054c8                PHY_Init
 .text.PHY_SetRxState
                0x000054f6        0x8 stack/phy/atmega256rfr2/src/phy.o
                0x000054f6                PHY_SetRxState
 .text.PHY_SetChannel
                0x000054fe        0x8 stack/phy/atmega256rfr2/src/phy.o
                0x000054fe                PHY_SetChannel
 .text.PHY_SetPanId
                0x00005506       0x24 stack/phy/atmega256rfr2/src/phy.o
                0x00005506                PHY_SetPanId
 .text.PHY_SetShortAddr
                0x0000552a       0x2e stack/phy/atmega256rfr2/src/phy.o
                0x0000552a                PHY_SetShortAddr
 .text.PHY_DataReq
                0x00005558       0x4e stack/phy/atmega256rfr2/src/phy.o
                0x00005558                PHY_DataReq
 .text.PHY_TaskHandler
                0x000055a6       0xf2 stack/phy/atmega256rfr2/src/phy.o
                0x000055a6                PHY_TaskHandler
 .text.SYS_Init
                0x00005698        0xe stack/sys/src/sys.o
                0x00005698                SYS_Init
 .text.SYS_TaskHandler
                0x000056a6        0xa stack/sys/src/sys.o
                0x000056a6                SYS_TaskHandler
 .text.placeTimer
                0x000056b0       0xae stack/sys/src/sysTimer.o
 .text.SYS_TimerInit
                0x0000575e        0xa stack/sys/src/sysTimer.o
                0x0000575e                SYS_TimerInit
 .text.SYS_TimerStop
                0x00005768       0x72 stack/sys/src/sysTimer.o
                0x00005768                SYS_TimerStop
 .text.SYS_TimerStarted
                0x000057da       0x22 stack/sys/src/sysTimer.o
                0x000057da                SYS_TimerStarted
 .text.SYS_TimerStart
                0x000057fc       0x16 stack/sys/src/sysTimer.o
                0x000057fc                SYS_TimerStart
 .text.SYS_TimerTaskHandler
                0x00005812       0xbe stack/sys/src/sysTimer.o
                0x00005812                SYS_TimerTaskHandler
 .text.UART_init
                0x000058d0       0x30 uart/uart.o
                0x000058d0                UART_init
 .text.printCHAR
                0x00005900       0x12 uart/uart.o
                0x00005900                printCHAR
 .text.avr-libc
                0x00005912      0x712 c:/apps/atmel/studio/7.0/toolchain/avr8/avr8-gnu-toolchain/bin/../lib/gcc/avr/5.4.0/../../../../avr/lib/avr6\libprintf_flt.a(vfprintf_flt.o)
                0x00005912                vfprintf
 .text.libgcc.div
                0x00006024       0x44 c:/apps/atmel/studio/7.0/toolchain/avr8/avr8-gnu-toolchain/bin/../lib/gcc/avr/5.4.0/avr6\libgcc.a(_udivmodsi4.o)
                0x00006024                __udivmodsi4
 .text.libgcc.div
                0x00006068       0x28 c:/apps/atmel/studio/7.0/toolchain/avr8/avr8-gnu-toolchain/bin/../lib/gcc/avr/5.4.0/avr6\libgcc.a(_divmodsi4.o)
                0x00006068                __divmodsi4
 .text.libgcc.div
                0x00006090       0x10 c:/apps/atmel/studio/7.0/toolchain/avr8/avr8-gnu-toolchain/bin/../lib/gcc/avr/5.4.0/avr6\libgcc.a(_negsi2.o)
                0x00006090                __negsi2
 .text.libgcc   0x000060a0       0x10 c:/apps/atmel/studio/7.0/toolchain/avr8/avr8-gnu-toolchain/bin/../lib/gcc/avr/5.4.0/avr6\libgcc.a(_tablejump2.o)
                0x000060a0                __tablejump2__
 .text.libgcc.mul
                0x000060b0       0x14 c:/apps/atmel/studio/7.0/toolchain/avr8/avr8-gnu-toolchain/bin/../lib/gcc/avr/5.4.0/avr6\libgcc.a(_muluhisi3.o)
                0x000060b0                __muluhisi3
 .text.libgcc.mul
                0x000060c4       0x1e c:/apps/atmel/studio/7.0/toolchain/avr8/avr8-gnu-toolchain/bin/../lib/gcc/avr/5.4.0/avr6\libgcc.a(_umulhisi3.o)
                0x000060c4                __umulhisi3
 .text.avr-libc
                0x000060e2       0xaa c:/apps/atmel/studio/7.0/toolchain/avr8/avr8-gnu-toolchain/bin/../lib/gcc/avr/5.4.0/../../../../avr/lib/avr6\libc.a(rand.o)
                0x0000616e                rand_r
                0x00006170                rand
                0x00006176                srand
 .text.avr-libc
                0x0000618c      0x1b0 c:/apps/atmel/studio/7.0/toolchain/avr8/avr8-gnu-toolchain/bin/../lib/gcc/avr/5.4.0/../../../../avr/lib/avr6\libc.a(ftoa_engine.o)
                0x0000618c                __ftoa_engine
 .text.avr-libc
                0x0000633c       0x16 c:/apps/atmel/studio/7.0/toolchain/avr8/avr8-gnu-toolchain/bin/../lib/gcc/avr/5.4.0/../../../../avr/lib/avr6\libc.a(strnlen_P.o)
                0x0000633c                strnlen_P
 .text.avr-libc
                0x00006352       0x12 c:/apps/atmel/studio/7.0/toolchain/avr8/avr8-gnu-toolchain/bin/../lib/gcc/avr/5.4.0/../../../../avr/lib/avr6\libc.a(memcpy.o)
                0x00006352                memcpy
 .text.avr-libc
                0x00006364       0x1c c:/apps/atmel/studio/7.0/toolchain/avr8/avr8-gnu-toolchain/bin/../lib/gcc/avr/5.4.0/../../../../avr/lib/avr6\libc.a(strncmp.o)
                0x00006364                strncmp
 .text.avr-libc
                0x00006380       0x1e c:/apps/atmel/studio/7.0/toolchain/avr8/avr8-gnu-toolchain/bin/../lib/gcc/avr/5.4.0/../../../../avr/lib/avr6\libc.a(strncpy.o)
                0x00006380                strncpy
 .text.avr-libc
                0x0000639e       0x16 c:/apps/atmel/studio/7.0/toolchain/avr8/avr8-gnu-toolchain/bin/../lib/gcc/avr/5.4.0/../../../../avr/lib/avr6\libc.a(strnlen.o)
                0x0000639e                strnlen
 .text.avr-libc
                0x000063b4       0x78 c:/apps/atmel/studio/7.0/toolchain/avr8/avr8-gnu-toolchain/bin/../lib/gcc/avr/5.4.0/../../../../avr/lib/avr6\libc.a(fputc.o)
                0x000063b4                fputc
 .text.avr-libc
                0x0000642c       0x26 c:/apps/atmel/studio/7.0/toolchain/avr8/avr8-gnu-toolchain/bin/../lib/gcc/avr/5.4.0/../../../../avr/lib/avr6\libc.a(printf.o)
                0x0000642c                printf
 .text.avr-libc
                0x00006452       0x4e c:/apps/atmel/studio/7.0/toolchain/avr8/avr8-gnu-toolchain/bin/../lib/gcc/avr/5.4.0/../../../../avr/lib/avr6\libc.a(printf_p.o)
                0x00006452                printf_P
 .text.avr-libc
                0x000064a0       0xbc c:/apps/atmel/studio/7.0/toolchain/avr8/avr8-gnu-toolchain/bin/../lib/gcc/avr/5.4.0/../../../../avr/lib/avr6\libc.a(ultoa_invert.o)
                0x000064a0                __ultoa_invert
 .text.libgcc.mul
                0x0000655c        0xc c:/apps/atmel/studio/7.0/toolchain/avr8/avr8-gnu-toolchain/bin/../lib/gcc/avr/5.4.0/avr6\libgcc.a(_mulshisi3.o)
                0x0000655c                __mulshisi3
                0x00006560                __mulohisi3
                0x00006568                . = ALIGN (0x2)
 *(.fini9)
 .fini9         0x00006568        0x0 c:/apps/atmel/studio/7.0/toolchain/avr8/avr8-gnu-toolchain/bin/../lib/gcc/avr/5.4.0/avr6\libgcc.a(_exit.o)
                0x00006568                _exit
                0x00006568                exit
 *(.fini9)
 *(.fini8)
 *(.fini8)
 *(.fini7)
 *(.fini7)
 *(.fini6)
 *(.fini6)
 *(.fini5)
 *(.fini5)
 *(.fini4)
 *(.fini4)
 *(.fini3)
 *(.fini3)
 *(.fini2)
 *(.fini2)
 *(.fini1)
 *(.fini1)
 *(.fini0)
 .fini0         0x00006568        0x4 c:/apps/atmel/studio/7.0/toolchain/avr8/avr8-gnu-toolchain/bin/../lib/gcc/avr/5.4.0/avr6\libgcc.a(_exit.o)
 *(.fini0)
                0x0000656c                _etext = .

.data           0x00800200      0x212 load address 0x0000656c
                0x00800200                PROVIDE (__data_start, .)
 *(.data)
 .data          0x00800200        0x4 c:/apps/atmel/studio/7.0/toolchain/avr8/avr8-gnu-toolchain/bin/../lib/gcc/avr/5.4.0/../../../../avr/lib/avr6\libc.a(rand.o)
 *(.data*)
 .data.sock_any_port
                0x00800204        0x2 Ethernet/socket.o
 .data.WIZCHIP  0x00800206       0x18 Ethernet/wizchip_conf.o
                0x00800206                WIZCHIP
 .data.text.2676
                0x0080021e        0x5 lwm/lwm.o
 .data.uart_str
                0x00800223        0xe main.o
                0x00800223                uart_str
 .data.netInfo  0x00800231       0x17 main.o
                0x00800231                netInfo
 .data.mqtt_target
                0x00800248        0x4 main.o
                0x00800248                mqtt_target
 *(.gnu.linkonce.d*)
 *(.rodata)
 .rodata        0x0080024c       0x3b Internet/MQTT/MQTTClient.o
 .rodata        0x00800287       0x85 main.o
 *(.rodata*)
 .rodata.str1.1
                0x0080030c        0xc Internet/MQTT/MQTTPacket/src/MQTTConnectClient.o
 .rodata.str1.1
                0x00800318       0xf9 main.o
 *(.gnu.linkonce.r*)
                0x00800412                . = ALIGN (0x2)
 *fill*         0x00800411        0x1 
                0x00800412                _edata = .
                0x00800412                PROVIDE (__data_end, .)

.bss            0x00800412     0x18ce
                0x00800412                PROVIDE (__bss_start, .)
 *(.bss)
 *(.bss*)
 .bss.sock_pack_info
                0x00800412        0x8 Ethernet/socket.o
                0x00800412                sock_pack_info
 .bss.sock_remained_size
                0x0080041a       0x10 Ethernet/socket.o
 .bss.sock_is_sending
                0x0080042a        0x2 Ethernet/socket.o
 .bss.sock_io_mode
                0x0080042c        0x2 Ethernet/socket.o
 .bss._DHCP_    0x0080042e        0x1 Ethernet/wizchip_conf.o
 .bss._DNS_     0x0080042f        0x4 Ethernet/wizchip_conf.o
 .bss.bufptr    0x00800433        0x2 Internet/MQTT/MQTTPacket/src/MQTTPacket.o
 .bss.appUartBufferPtr
                0x00800435        0x1 lwm/lwm.o
 .bss.appDataReqBuffer
                0x00800436       0x6d lwm/lwm.o
 .bss.appDataReqBusy
                0x008004a3        0x1 lwm/lwm.o
 .bss.appDataReq
                0x008004a4       0x11 lwm/lwm.o
 .bss.appTimer  0x008004b5        0xd lwm/lwm.o
 .bss.appState  0x008004c2        0x1 lwm/lwm.o
 .bss.data_ready
                0x008004c3        0x1 main.o
                0x008004c3                data_ready
 .bss.buffer    0x008004c4       0x1e main.o
                0x008004c4                buffer
 .bss.halSleepTimerEvent
                0x008004e2        0x1 stack/hal/drivers/atmega256rfr2/src/halSleep.o
 .bss.newData   0x008004e3        0x1 stack/hal/drivers/atmega256rfr2/src/halUart.o
 .bss.udrEmpty  0x008004e4        0x1 stack/hal/drivers/atmega256rfr2/src/halUart.o
 .bss.rxFifo    0x008004e5        0xa stack/hal/drivers/atmega256rfr2/src/halUart.o
 .bss.txFifo    0x008004ef        0xa stack/hal/drivers/atmega256rfr2/src/halUart.o
 .bss.nwkDataReqQueue
                0x008004f9        0x2 stack/nwk/src/nwkDataReq.o
 .bss.nwkFrameFrames
                0x008004fb     0x100e stack/nwk/src/nwkFrame.o
 .bss.nwkRouteTable
                0x00801509      0x2bc stack/nwk/src/nwkRoute.o
 .bss.nwkRxDuplicateRejectionTimer
                0x008017c5        0xd stack/nwk/src/nwkRx.o
 .bss.nwkRxAckControl
                0x008017d2        0x1 stack/nwk/src/nwkRx.o
 .bss.nwkRxDuplicateRejectionTable
                0x008017d3       0x32 stack/nwk/src/nwkRx.o
 .bss.nwkTxDelayTimer
                0x00801805        0xd stack/nwk/src/nwkTx.o
 .bss.nwkTxAckWaitTimer
                0x00801812        0xd stack/nwk/src/nwkTx.o
 .bss.nwkTxPhyActiveFrame
                0x0080181f        0x2 stack/nwk/src/nwkTx.o
 .bss.phyBand   0x00801821        0x1 stack/phy/atmega256rfr2/src/phy.o
 .bss.phyChannel
                0x00801822        0x1 stack/phy/atmega256rfr2/src/phy.o
 .bss.phyRxState
                0x00801823        0x1 stack/phy/atmega256rfr2/src/phy.o
 .bss.phyRxBuffer
                0x00801824       0x80 stack/phy/atmega256rfr2/src/phy.o
 .bss.phyState  0x008018a4        0x1 stack/phy/atmega256rfr2/src/phy.o
 .bss.timers    0x008018a5        0x2 stack/sys/src/sysTimer.o
 *(COMMON)
 COMMON         0x008018a7      0x406 main.o
                0x008018a7                ethBuf1
                0x008019a7                _millis
                0x008019ab                mqtt_readBuffer
                0x00801bab                mes_id
                0x00801bad                ethBuf0
 COMMON         0x00801cad        0x1 stack/hal/atmega256rfr2/src/halTimer.o
                0x00801cad                halTimerIrqCount
 COMMON         0x00801cae       0x28 stack/nwk/src/nwk.o
                0x00801cae                nwkIb
 COMMON         0x00801cd6        0x4 c:/apps/atmel/studio/7.0/toolchain/avr8/avr8-gnu-toolchain/bin/../lib/gcc/avr/5.4.0/../../../../avr/lib/avr6\libc.a(malloc.o)
                0x00801cd6                __brkval
                0x00801cd8                __flp
 COMMON         0x00801cda        0x6 c:/apps/atmel/studio/7.0/toolchain/avr8/avr8-gnu-toolchain/bin/../lib/gcc/avr/5.4.0/../../../../avr/lib/avr6\libc.a(iob.o)
                0x00801cda                __iob
                0x00801ce0                PROVIDE (__bss_end, .)
                0x0000656c                __data_load_start = LOADADDR (.data)
                0x0000677e                __data_load_end = (__data_load_start + SIZEOF (.data))

.noinit         0x00801ce0        0x1
                [!provide]                PROVIDE (__noinit_start, .)
 *(.noinit*)
 .noinit        0x00801ce0        0x1 main.o
                0x00801ce0                mcucsr_mirror
                [!provide]                PROVIDE (__noinit_end, .)
                0x00801ce1                _end = .
                0x00801ce1                PROVIDE (__heap_start, .)

.eeprom         0x00810000        0x0
 *(.eeprom*)
                0x00810000                __eeprom_end = .

.fuse
 *(.fuse)
 *(.lfuse)
 *(.hfuse)
 *(.efuse)

.lock
 *(.lock*)

.signature
 *(.signature*)

.user_signatures
 *(.user_signatures*)

.stab
 *(.stab)

.stabstr
 *(.stabstr)

.stab.excl
 *(.stab.excl)

.stab.exclstr
 *(.stab.exclstr)

.stab.index
 *(.stab.index)

.stab.indexstr
 *(.stab.indexstr)

.comment        0x00000000       0x5c
 *(.comment)
 .comment       0x00000000       0x30 Ethernet/socket.o
                                 0x31 (size before relaxing)
 .comment       0x00000030       0x31 Ethernet/W5500/w5500.o
 .comment       0x00000030       0x31 Ethernet/wizchip_conf.o
 .comment       0x00000030       0x31 Internet/MQTT/MQTTClient.o
 .comment       0x00000030       0x31 Internet/MQTT/MQTTPacket/src/MQTTConnectClient.o
 .comment       0x00000030       0x31 Internet/MQTT/MQTTPacket/src/MQTTDeserializePublish.o
 .comment       0x00000030       0x31 Internet/MQTT/MQTTPacket/src/MQTTPacket.o
 .comment       0x00000030       0x31 Internet/MQTT/MQTTPacket/src/MQTTSerializePublish.o
 .comment       0x00000030       0x31 Internet/MQTT/MQTTPacket/src/MQTTSubscribeClient.o
 .comment       0x00000030       0x31 Internet/MQTT/mqtt_interface.o
 .comment       0x00000030       0x31 lwm/lwm.o
 .comment       0x00000030       0x31 main.o
 .comment       0x00000030       0x31 spi/spi.o
 .comment       0x00000030       0x31 stack/hal/atmega256rfr2/src/hal.o
 .comment       0x00000030       0x31 stack/hal/atmega256rfr2/src/halTimer.o
 .comment       0x00000030       0x31 stack/hal/drivers/atmega256rfr2/src/halSleep.o
 .comment       0x00000030       0x31 stack/hal/drivers/atmega256rfr2/src/halUart.o
 .comment       0x00000030       0x31 stack/nwk/src/nwk.o
 .comment       0x00000030       0x31 stack/nwk/src/nwkDataReq.o
 .comment       0x00000030       0x31 stack/nwk/src/nwkFrame.o
 .comment       0x00000030       0x31 stack/nwk/src/nwkRoute.o
 .comment       0x00000030       0x31 stack/nwk/src/nwkRx.o
 .comment       0x00000030       0x31 stack/nwk/src/nwkTx.o
 .comment       0x00000030       0x31 stack/phy/atmega256rfr2/src/phy.o
 .comment       0x00000030       0x31 stack/sys/src/sys.o
 .comment       0x00000030       0x31 stack/sys/src/sysTimer.o
 .comment       0x00000030       0x31 uart/uart.o
 .comment       0x00000030       0x2c c:/apps/atmel/studio/7.0/toolchain/avr8/avr8-gnu-toolchain/bin/../lib/gcc/avr/5.4.0/../../../../avr/lib/avr6\libprintf_flt.a(vfprintf_flt.o)
                                 0x2d (size before relaxing)
 .comment       0x0000005c       0x31 c:/apps/atmel/studio/7.0/toolchain/avr8/avr8-gnu-toolchain/bin/../lib/gcc/avr/5.4.0/../../../../avr/lib/avr6\libc.a(malloc.o)
 .comment       0x0000005c       0x31 c:/apps/atmel/studio/7.0/toolchain/avr8/avr8-gnu-toolchain/bin/../lib/gcc/avr/5.4.0/../../../../avr/lib/avr6\libc.a(rand.o)
 .comment       0x0000005c       0x31 c:/apps/atmel/studio/7.0/toolchain/avr8/avr8-gnu-toolchain/bin/../lib/gcc/avr/5.4.0/../../../../avr/lib/avr6\libc.a(fputc.o)
 .comment       0x0000005c       0x31 c:/apps/atmel/studio/7.0/toolchain/avr8/avr8-gnu-toolchain/bin/../lib/gcc/avr/5.4.0/../../../../avr/lib/avr6\libc.a(iob.o)
 .comment       0x0000005c       0x31 c:/apps/atmel/studio/7.0/toolchain/avr8/avr8-gnu-toolchain/bin/../lib/gcc/avr/5.4.0/../../../../avr/lib/avr6\libc.a(printf.o)
 .comment       0x0000005c       0x31 c:/apps/atmel/studio/7.0/toolchain/avr8/avr8-gnu-toolchain/bin/../lib/gcc/avr/5.4.0/../../../../avr/lib/avr6\libc.a(printf_p.o)

.note.gnu.avr.deviceinfo
                0x00000000       0x40
 .note.gnu.avr.deviceinfo
                0x00000000       0x40 C:/Apps/Atmel/Studio/7.0/Packs/atmel/ATmega_DFP/1.7.374/gcc/dev/atmega256rfr2/avr6/crtatmega256rfr2.o

.note.gnu.build-id
 *(.note.gnu.build-id)

.debug
 *(.debug)

.line
 *(.line)

.debug_srcinfo
 *(.debug_srcinfo)

.debug_sfnames
 *(.debug_sfnames)

.debug_aranges  0x00000000      0xa28
 *(.debug_aranges)
 .debug_aranges
                0x00000000       0x78 Ethernet/socket.o
 .debug_aranges
                0x00000078       0x60 Ethernet/W5500/w5500.o
 .debug_aranges
                0x000000d8      0x138 Ethernet/wizchip_conf.o
 .debug_aranges
                0x00000210       0xa0 Internet/MQTT/MQTTClient.o
 .debug_aranges
                0x000002b0       0x48 Internet/MQTT/MQTTPacket/src/MQTTConnectClient.o
 .debug_aranges
                0x000002f8       0x28 Internet/MQTT/MQTTPacket/src/MQTTDeserializePublish.o
 .debug_aranges
                0x00000320       0xa8 Internet/MQTT/MQTTPacket/src/MQTTPacket.o
 .debug_aranges
                0x000003c8       0x48 Internet/MQTT/MQTTPacket/src/MQTTSerializePublish.o
 .debug_aranges
                0x00000410       0x30 Internet/MQTT/MQTTPacket/src/MQTTSubscribeClient.o
 .debug_aranges
                0x00000440       0x68 Internet/MQTT/mqtt_interface.o
 .debug_aranges
                0x000004a8       0x58 lwm/lwm.o
 .debug_aranges
                0x00000500       0xa8 main.o
 .debug_aranges
                0x000005a8       0x20 spi/spi.o
 .debug_aranges
                0x000005c8       0x28 stack/hal/atmega256rfr2/src/hal.o
 .debug_aranges
                0x000005f0       0x30 stack/hal/atmega256rfr2/src/halTimer.o
 .debug_aranges
                0x00000620       0x28 stack/hal/drivers/atmega256rfr2/src/halSleep.o
 .debug_aranges
                0x00000648       0x48 stack/hal/drivers/atmega256rfr2/src/halUart.o
 .debug_aranges
                0x00000690       0x70 stack/nwk/src/nwk.o
 .debug_aranges
                0x00000700       0x48 stack/nwk/src/nwkDataReq.o
 .debug_aranges
                0x00000748       0x40 stack/nwk/src/nwkFrame.o
 .debug_aranges
                0x00000788       0x90 stack/nwk/src/nwkRoute.o
 .debug_aranges
                0x00000818       0x70 stack/nwk/src/nwkRx.o
 .debug_aranges
                0x00000888       0x68 stack/nwk/src/nwkTx.o
 .debug_aranges
                0x000008f0       0x88 stack/phy/atmega256rfr2/src/phy.o
 .debug_aranges
                0x00000978       0x28 stack/sys/src/sys.o
 .debug_aranges
                0x000009a0       0x48 stack/sys/src/sysTimer.o
 .debug_aranges
                0x000009e8       0x40 uart/uart.o

.debug_pubnames
 *(.debug_pubnames)

.debug_info     0x00000000     0xf52d
 *(.debug_info .gnu.linkonce.wi.*)
 .debug_info    0x00000000     0x13e6 C:/Apps/Atmel/Studio/7.0/Packs/atmel/ATmega_DFP/1.7.374/gcc/dev/atmega256rfr2/avr6/crtatmega256rfr2.o
 .debug_info    0x000013e6     0x16df Ethernet/socket.o
 .debug_info    0x00002ac5      0x9ed Ethernet/W5500/w5500.o
 .debug_info    0x000034b2     0x165c Ethernet/wizchip_conf.o
 .debug_info    0x00004b0e     0x1a6e Internet/MQTT/MQTTClient.o
 .debug_info    0x0000657c      0x9f1 Internet/MQTT/MQTTPacket/src/MQTTConnectClient.o
 .debug_info    0x00006f6d      0x493 Internet/MQTT/MQTTPacket/src/MQTTDeserializePublish.o
 .debug_info    0x00007400      0xa96 Internet/MQTT/MQTTPacket/src/MQTTPacket.o
 .debug_info    0x00007e96      0x716 Internet/MQTT/MQTTPacket/src/MQTTSerializePublish.o
 .debug_info    0x000085ac      0x5c1 Internet/MQTT/MQTTPacket/src/MQTTSubscribeClient.o
 .debug_info    0x00008b6d      0x55d Internet/MQTT/mqtt_interface.o
 .debug_info    0x000090ca      0x739 lwm/lwm.o
 .debug_info    0x00009803     0x145e main.o
 .debug_info    0x0000ac61       0x83 spi/spi.o
 .debug_info    0x0000ace4      0x128 stack/hal/atmega256rfr2/src/hal.o
 .debug_info    0x0000ae0c       0xe4 stack/hal/atmega256rfr2/src/halTimer.o
 .debug_info    0x0000aef0      0x184 stack/hal/drivers/atmega256rfr2/src/halSleep.o
 .debug_info    0x0000b074      0x31a stack/hal/drivers/atmega256rfr2/src/halUart.o
 .debug_info    0x0000b38e      0x4ca stack/nwk/src/nwk.o
 .debug_info    0x0000b858      0x76c stack/nwk/src/nwkDataReq.o
 .debug_info    0x0000bfc4      0x572 stack/nwk/src/nwkFrame.o
 .debug_info    0x0000c536      0xb45 stack/nwk/src/nwkRoute.o
 .debug_info    0x0000d07b      0xc0f stack/nwk/src/nwkRx.o
 .debug_info    0x0000dc8a      0xa20 stack/nwk/src/nwkTx.o
 .debug_info    0x0000e6aa      0x7c4 stack/phy/atmega256rfr2/src/phy.o
 .debug_info    0x0000ee6e      0x140 stack/sys/src/sys.o
 .debug_info    0x0000efae      0x341 stack/sys/src/sysTimer.o
 .debug_info    0x0000f2ef      0x23e uart/uart.o

.debug_abbrev   0x00000000     0x4684
 *(.debug_abbrev)
 .debug_abbrev  0x00000000     0x12d6 C:/Apps/Atmel/Studio/7.0/Packs/atmel/ATmega_DFP/1.7.374/gcc/dev/atmega256rfr2/avr6/crtatmega256rfr2.o
 .debug_abbrev  0x000012d6      0x196 Ethernet/socket.o
 .debug_abbrev  0x0000146c      0x247 Ethernet/W5500/w5500.o
 .debug_abbrev  0x000016b3      0x30b Ethernet/wizchip_conf.o
 .debug_abbrev  0x000019be      0x331 Internet/MQTT/MQTTClient.o
 .debug_abbrev  0x00001cef      0x1e0 Internet/MQTT/MQTTPacket/src/MQTTConnectClient.o
 .debug_abbrev  0x00001ecf      0x191 Internet/MQTT/MQTTPacket/src/MQTTDeserializePublish.o
 .debug_abbrev  0x00002060      0x339 Internet/MQTT/MQTTPacket/src/MQTTPacket.o
 .debug_abbrev  0x00002399      0x1a6 Internet/MQTT/MQTTPacket/src/MQTTSerializePublish.o
 .debug_abbrev  0x0000253f      0x1b7 Internet/MQTT/MQTTPacket/src/MQTTSubscribeClient.o
 .debug_abbrev  0x000026f6      0x181 Internet/MQTT/mqtt_interface.o
 .debug_abbrev  0x00002877      0x209 lwm/lwm.o
 .debug_abbrev  0x00002a80      0x43b main.o
 .debug_abbrev  0x00002ebb       0x51 spi/spi.o
 .debug_abbrev  0x00002f0c       0xc3 stack/hal/atmega256rfr2/src/hal.o
 .debug_abbrev  0x00002fcf       0xaa stack/hal/atmega256rfr2/src/halTimer.o
 .debug_abbrev  0x00003079       0xc6 stack/hal/drivers/atmega256rfr2/src/halSleep.o
 .debug_abbrev  0x0000313f      0x16a stack/hal/drivers/atmega256rfr2/src/halUart.o
 .debug_abbrev  0x000032a9      0x1b3 stack/nwk/src/nwk.o
 .debug_abbrev  0x0000345c      0x22a stack/nwk/src/nwkDataReq.o
 .debug_abbrev  0x00003686      0x183 stack/nwk/src/nwkFrame.o
 .debug_abbrev  0x00003809      0x2e6 stack/nwk/src/nwkRoute.o
 .debug_abbrev  0x00003aef      0x361 stack/nwk/src/nwkRx.o
 .debug_abbrev  0x00003e50      0x2b1 stack/nwk/src/nwkTx.o
 .debug_abbrev  0x00004101      0x230 stack/phy/atmega256rfr2/src/phy.o
 .debug_abbrev  0x00004331       0x63 stack/sys/src/sys.o
 .debug_abbrev  0x00004394      0x19b stack/sys/src/sysTimer.o
 .debug_abbrev  0x0000452f      0x155 uart/uart.o

.debug_line     0x00000000     0x6743
 *(.debug_line .debug_line.* .debug_line_end)
 .debug_line    0x00000000      0x272 C:/Apps/Atmel/Studio/7.0/Packs/atmel/ATmega_DFP/1.7.374/gcc/dev/atmega256rfr2/avr6/crtatmega256rfr2.o
 .debug_line    0x00000272      0xb7d Ethernet/socket.o
 .debug_line    0x00000def      0x3dc Ethernet/W5500/w5500.o
 .debug_line    0x000011cb      0x9fb Ethernet/wizchip_conf.o
 .debug_line    0x00001bc6      0x8c6 Internet/MQTT/MQTTClient.o
 .debug_line    0x0000248c      0x2f1 Internet/MQTT/MQTTPacket/src/MQTTConnectClient.o
 .debug_line    0x0000277d      0x182 Internet/MQTT/MQTTPacket/src/MQTTDeserializePublish.o
 .debug_line    0x000028ff      0x547 Internet/MQTT/MQTTPacket/src/MQTTPacket.o
 .debug_line    0x00002e46      0x1f9 Internet/MQTT/MQTTPacket/src/MQTTSerializePublish.o
 .debug_line    0x0000303f      0x1f1 Internet/MQTT/MQTTPacket/src/MQTTSubscribeClient.o
 .debug_line    0x00003230      0x225 Internet/MQTT/mqtt_interface.o
 .debug_line    0x00003455      0x306 lwm/lwm.o
 .debug_line    0x0000375b      0x7de main.o
 .debug_line    0x00003f39       0xb7 spi/spi.o
 .debug_line    0x00003ff0      0x167 stack/hal/atmega256rfr2/src/hal.o
 .debug_line    0x00004157      0x11e stack/hal/atmega256rfr2/src/halTimer.o
 .debug_line    0x00004275      0x1a8 stack/hal/drivers/atmega256rfr2/src/halSleep.o
 .debug_line    0x0000441d      0x2b5 stack/hal/drivers/atmega256rfr2/src/halUart.o
 .debug_line    0x000046d2      0x2c6 stack/nwk/src/nwk.o
 .debug_line    0x00004998      0x293 stack/nwk/src/nwkDataReq.o
 .debug_line    0x00004c2b      0x1e6 stack/nwk/src/nwkFrame.o
 .debug_line    0x00004e11      0x52d stack/nwk/src/nwkRoute.o
 .debug_line    0x0000533e      0x65f stack/nwk/src/nwkRx.o
 .debug_line    0x0000599d      0x490 stack/nwk/src/nwkTx.o
 .debug_line    0x00005e2d      0x3cf stack/phy/atmega256rfr2/src/phy.o
 .debug_line    0x000061fc      0x108 stack/sys/src/sys.o
 .debug_line    0x00006304      0x2e7 stack/sys/src/sysTimer.o
 .debug_line    0x000065eb      0x158 uart/uart.o

.debug_frame    0x00000000     0x25e4
 *(.debug_frame)
 .debug_frame   0x00000000      0x3a0 Ethernet/socket.o
 .debug_frame   0x000003a0      0x334 Ethernet/W5500/w5500.o
 .debug_frame   0x000006d4      0x320 Ethernet/wizchip_conf.o
 .debug_frame   0x000009f4      0x510 Internet/MQTT/MQTTClient.o
 .debug_frame   0x00000f04      0x130 Internet/MQTT/MQTTPacket/src/MQTTConnectClient.o
 .debug_frame   0x00001034       0xc4 Internet/MQTT/MQTTPacket/src/MQTTDeserializePublish.o
 .debug_frame   0x000010f8      0x368 Internet/MQTT/MQTTPacket/src/MQTTPacket.o
 .debug_frame   0x00001460      0x15c Internet/MQTT/MQTTPacket/src/MQTTSerializePublish.o
 .debug_frame   0x000015bc      0x144 Internet/MQTT/MQTTPacket/src/MQTTSubscribeClient.o
 .debug_frame   0x00001700      0x194 Internet/MQTT/mqtt_interface.o
 .debug_frame   0x00001894       0xb8 lwm/lwm.o
 .debug_frame   0x0000194c      0x25c main.o
 .debug_frame   0x00001ba8       0x24 spi/spi.o
 .debug_frame   0x00001bcc       0x34 stack/hal/atmega256rfr2/src/hal.o
 .debug_frame   0x00001c00       0x54 stack/hal/atmega256rfr2/src/halTimer.o
 .debug_frame   0x00001c54       0x44 stack/hal/drivers/atmega256rfr2/src/halSleep.o
 .debug_frame   0x00001c98       0xe4 stack/hal/drivers/atmega256rfr2/src/halUart.o
 .debug_frame   0x00001d7c       0xd4 stack/nwk/src/nwk.o
 .debug_frame   0x00001e50       0x88 stack/nwk/src/nwkDataReq.o
 .debug_frame   0x00001ed8       0x64 stack/nwk/src/nwkFrame.o
 .debug_frame   0x00001f3c      0x19c stack/nwk/src/nwkRoute.o
 .debug_frame   0x000020d8      0x148 stack/nwk/src/nwkRx.o
 .debug_frame   0x00002220      0x124 stack/nwk/src/nwkTx.o
 .debug_frame   0x00002344      0x13c stack/phy/atmega256rfr2/src/phy.o
 .debug_frame   0x00002480       0x34 stack/sys/src/sys.o
 .debug_frame   0x000024b4       0xc0 stack/sys/src/sysTimer.o
 .debug_frame   0x00002574       0x70 uart/uart.o

.debug_str      0x00000000     0x35d6
 *(.debug_str)
 .debug_str     0x00000000      0x7f7 C:/Apps/Atmel/Studio/7.0/Packs/atmel/ATmega_DFP/1.7.374/gcc/dev/atmega256rfr2/avr6/crtatmega256rfr2.o
 .debug_str     0x000007f7      0x428 Ethernet/socket.o
                                0x48f (size before relaxing)
 .debug_str     0x00000c1f       0xad Ethernet/W5500/w5500.o
                                0x2e5 (size before relaxing)
 .debug_str     0x00000ccc      0x660 Ethernet/wizchip_conf.o
                                0x8e9 (size before relaxing)
 .debug_str     0x0000132c      0x5ff Internet/MQTT/MQTTClient.o
                                0x85f (size before relaxing)
 .debug_str     0x0000192b      0x13d Internet/MQTT/MQTTPacket/src/MQTTConnectClient.o
                                0x545 (size before relaxing)
 .debug_str     0x00001a68       0x53 Internet/MQTT/MQTTPacket/src/MQTTDeserializePublish.o
                                0x354 (size before relaxing)
 .debug_str     0x00001abb       0xf1 Internet/MQTT/MQTTPacket/src/MQTTPacket.o
                                0x3fc (size before relaxing)
 .debug_str     0x00001bac       0x93 Internet/MQTT/MQTTPacket/src/MQTTSerializePublish.o
                                0x40c (size before relaxing)
 .debug_str     0x00001c3f       0x84 Internet/MQTT/MQTTPacket/src/MQTTSubscribeClient.o
                                0x40e (size before relaxing)
 .debug_str     0x00001cc3       0x70 Internet/MQTT/mqtt_interface.o
                                0x2d5 (size before relaxing)
 .debug_str     0x00001d33      0x2fb lwm/lwm.o
                                0x4c5 (size before relaxing)
 .debug_str     0x0000202e      0x311 main.o
                                0x9a9 (size before relaxing)
 .debug_str     0x0000233f        0xd spi/spi.o
                                0x17a (size before relaxing)
 .debug_str     0x0000234c       0x55 stack/hal/atmega256rfr2/src/hal.o
                                0x1d7 (size before relaxing)
 .debug_str     0x000023a1       0x47 stack/hal/atmega256rfr2/src/halTimer.o
                                0x1d1 (size before relaxing)
 .debug_str     0x000023e8       0x97 stack/hal/drivers/atmega256rfr2/src/halSleep.o
                                0x21c (size before relaxing)
 .debug_str     0x0000247f       0x9e stack/hal/drivers/atmega256rfr2/src/halUart.o
                                0x29a (size before relaxing)
 .debug_str     0x0000251d      0x152 stack/nwk/src/nwk.o
                                0x35e (size before relaxing)
 .debug_str     0x0000266f      0x293 stack/nwk/src/nwkDataReq.o
                                0x58d (size before relaxing)
 .debug_str     0x00002902       0x61 stack/nwk/src/nwkFrame.o
                                0x42c (size before relaxing)
 .debug_str     0x00002963      0x1fa stack/nwk/src/nwkRoute.o
                                0x636 (size before relaxing)
 .debug_str     0x00002b5d      0x2b6 stack/nwk/src/nwkRx.o
                                0x76f (size before relaxing)
 .debug_str     0x00002e13      0x1c7 stack/nwk/src/nwkTx.o
                                0x6ff (size before relaxing)
 .debug_str     0x00002fda      0x518 stack/phy/atmega256rfr2/src/phy.o
                                0x79e (size before relaxing)
 .debug_str     0x000034f2       0x3a stack/sys/src/sys.o
                                0x1f9 (size before relaxing)
 .debug_str     0x0000352c       0x47 stack/sys/src/sysTimer.o
                                0x28e (size before relaxing)
 .debug_str     0x00003573       0x63 uart/uart.o
                                0x20c (size before relaxing)

.debug_loc      0x00000000     0xbf24
 *(.debug_loc)
 .debug_loc     0x00000000     0x1cb4 Ethernet/socket.o
 .debug_loc     0x00001cb4      0xd54 Ethernet/W5500/w5500.o
 .debug_loc     0x00002a08      0xebd Ethernet/wizchip_conf.o
 .debug_loc     0x000038c5     0x1e3e Internet/MQTT/MQTTClient.o
 .debug_loc     0x00005703      0x76c Internet/MQTT/MQTTPacket/src/MQTTConnectClient.o
 .debug_loc     0x00005e6f      0x55f Internet/MQTT/MQTTPacket/src/MQTTDeserializePublish.o
 .debug_loc     0x000063ce     0x12cc Internet/MQTT/MQTTPacket/src/MQTTPacket.o
 .debug_loc     0x0000769a      0x89a Internet/MQTT/MQTTPacket/src/MQTTSerializePublish.o
 .debug_loc     0x00007f34      0x804 Internet/MQTT/MQTTPacket/src/MQTTSubscribeClient.o
 .debug_loc     0x00008738      0x6f5 Internet/MQTT/mqtt_interface.o
 .debug_loc     0x00008e2d      0x1c0 lwm/lwm.o
 .debug_loc     0x00008fed      0x94b main.o
 .debug_loc     0x00009938       0x21 stack/hal/atmega256rfr2/src/hal.o
 .debug_loc     0x00009959       0x62 stack/hal/atmega256rfr2/src/halTimer.o
 .debug_loc     0x000099bb      0x137 stack/hal/drivers/atmega256rfr2/src/halSleep.o
 .debug_loc     0x00009af2      0x212 stack/hal/drivers/atmega256rfr2/src/halUart.o
 .debug_loc     0x00009d04      0x12a stack/nwk/src/nwk.o
 .debug_loc     0x00009e2e      0x1a3 stack/nwk/src/nwkDataReq.o
 .debug_loc     0x00009fd1       0xf5 stack/nwk/src/nwkFrame.o
 .debug_loc     0x0000a0c6      0x8e9 stack/nwk/src/nwkRoute.o
 .debug_loc     0x0000a9af      0x874 stack/nwk/src/nwkRx.o
 .debug_loc     0x0000b223      0x5ad stack/nwk/src/nwkTx.o
 .debug_loc     0x0000b7d0      0x332 stack/phy/atmega256rfr2/src/phy.o
 .debug_loc     0x0000bb02      0x386 stack/sys/src/sysTimer.o
 .debug_loc     0x0000be88       0x9c uart/uart.o

.debug_macinfo
 *(.debug_macinfo)

.debug_weaknames
 *(.debug_weaknames)

.debug_funcnames
 *(.debug_funcnames)

.debug_typenames
 *(.debug_typenames)

.debug_varnames
 *(.debug_varnames)

.debug_pubtypes
 *(.debug_pubtypes)

.debug_ranges   0x00000000      0x9e8
 *(.debug_ranges)
 .debug_ranges  0x00000000       0x80 Ethernet/socket.o
 .debug_ranges  0x00000080       0x50 Ethernet/W5500/w5500.o
 .debug_ranges  0x000000d0      0x128 Ethernet/wizchip_conf.o
 .debug_ranges  0x000001f8       0xf0 Internet/MQTT/MQTTClient.o
 .debug_ranges  0x000002e8       0x38 Internet/MQTT/MQTTPacket/src/MQTTConnectClient.o
 .debug_ranges  0x00000320       0x18 Internet/MQTT/MQTTPacket/src/MQTTDeserializePublish.o
 .debug_ranges  0x00000338       0xb0 Internet/MQTT/MQTTPacket/src/MQTTPacket.o
 .debug_ranges  0x000003e8       0x38 Internet/MQTT/MQTTPacket/src/MQTTSerializePublish.o
 .debug_ranges  0x00000420       0x38 Internet/MQTT/MQTTPacket/src/MQTTSubscribeClient.o
 .debug_ranges  0x00000458       0x58 Internet/MQTT/mqtt_interface.o
 .debug_ranges  0x000004b0       0x48 lwm/lwm.o
 .debug_ranges  0x000004f8       0x98 main.o
 .debug_ranges  0x00000590       0x10 spi/spi.o
 .debug_ranges  0x000005a0       0x18 stack/hal/atmega256rfr2/src/hal.o
 .debug_ranges  0x000005b8       0x20 stack/hal/atmega256rfr2/src/halTimer.o
 .debug_ranges  0x000005d8       0x18 stack/hal/drivers/atmega256rfr2/src/halSleep.o
 .debug_ranges  0x000005f0       0x38 stack/hal/drivers/atmega256rfr2/src/halUart.o
 .debug_ranges  0x00000628       0x78 stack/nwk/src/nwk.o
 .debug_ranges  0x000006a0       0x38 stack/nwk/src/nwkDataReq.o
 .debug_ranges  0x000006d8       0x30 stack/nwk/src/nwkFrame.o
 .debug_ranges  0x00000708       0x98 stack/nwk/src/nwkRoute.o
 .debug_ranges  0x000007a0       0xb0 stack/nwk/src/nwkRx.o
 .debug_ranges  0x00000850       0x58 stack/nwk/src/nwkTx.o
 .debug_ranges  0x000008a8       0x78 stack/phy/atmega256rfr2/src/phy.o
 .debug_ranges  0x00000920       0x18 stack/sys/src/sys.o
 .debug_ranges  0x00000938       0x80 stack/sys/src/sysTimer.o
 .debug_ranges  0x000009b8       0x30 uart/uart.o

.debug_macro
 *(.debug_macro)
OUTPUT(Project_LWM.elf elf32-avr)
LOAD linker stubs
